D:\FWU.EMIS\FWU.Exam.Management\FWU.Exam.Management.Web\Areas\Colleges\Controllers\CollegeProgramsController.cs(20,60): warning CS8625: Cannot convert null literal to non-nullable reference type. [D:\FWU.EMIS\FWU.Exam.Management\FWU.Exam.Management.Web\FWU.Exam.Management.Web.csproj]
D:\FWU.EMIS\FWU.Exam.Management\FWU.Exam.Management.Web\Areas\Colleges\Controllers\CollegeProgramsController.cs(40,99): warning CS8625: Cannot convert null literal to non-nullable reference type. [D:\FWU.EMIS\FWU.Exam.Management\FWU.Exam.Management.Web\FWU.Exam.Management.Web.csproj]
D:\FWU.EMIS\FWU.Exam.Management\FWU.Exam.Management.Web\Areas\Colleges\Controllers\CollegeProgramsController.cs(64,99): warning CS8625: Cannot convert null literal to non-nullable reference type. [D:\FWU.EMIS\FWU.Exam.Management\FWU.Exam.Management.Web\FWU.Exam.Management.Web.csproj]
D:\FWU.EMIS\FWU.Exam.Management\FWU.Exam.Management.Web\Areas\Colleges\Controllers\CollegeProgramsController.cs(79,101): warning CS8625: Cannot convert null literal to non-nullable reference type. [D:\FWU.EMIS\FWU.Exam.Management\FWU.Exam.Management.Web\FWU.Exam.Management.Web.csproj]
D:\FWU.EMIS\FWU.Exam.Management\FWU.Exam.Management.Web\Areas\Core\Controllers\AcademicYearsController.cs(16,74): warning CS8625: Cannot convert null literal to non-nullable reference type. [D:\FWU.EMIS\FWU.Exam.Management\FWU.Exam.Management.Web\FWU.Exam.Management.Web.csproj]
D:\FWU.EMIS\FWU.Exam.Management\FWU.Exam.Management.Web\Areas\Core\Controllers\AcademicYearsController.cs(47,99): warning CS8625: Cannot convert null literal to non-nullable reference type. [D:\FWU.EMIS\FWU.Exam.Management\FWU.Exam.Management.Web\FWU.Exam.Management.Web.csproj]
D:\FWU.EMIS\FWU.Exam.Management\FWU.Exam.Management.Web\Areas\Core\Controllers\AcademicYearsController.cs(70,99): warning CS8625: Cannot convert null literal to non-nullable reference type. [D:\FWU.EMIS\FWU.Exam.Management\FWU.Exam.Management.Web\FWU.Exam.Management.Web.csproj]
D:\FWU.EMIS\FWU.Exam.Management\FWU.Exam.Management.Web\Areas\Colleges\Controllers\CollegesController.cs(30,74): warning CS8625: Cannot convert null literal to non-nullable reference type. [D:\FWU.EMIS\FWU.Exam.Management\FWU.Exam.Management.Web\FWU.Exam.Management.Web.csproj]
D:\FWU.EMIS\FWU.Exam.Management\FWU.Exam.Management.Web\Areas\Colleges\Controllers\CollegesController.cs(59,66): warning CS8625: Cannot convert null literal to non-nullable reference type. [D:\FWU.EMIS\FWU.Exam.Management\FWU.Exam.Management.Web\FWU.Exam.Management.Web.csproj]
D:\FWU.EMIS\FWU.Exam.Management\FWU.Exam.Management.Web\Areas\Colleges\Controllers\CollegesController.cs(99,66): warning CS8625: Cannot convert null literal to non-nullable reference type. [D:\FWU.EMIS\FWU.Exam.Management\FWU.Exam.Management.Web\FWU.Exam.Management.Web.csproj]
D:\FWU.EMIS\FWU.Exam.Management\FWU.Exam.Management.Web\Areas\Core\Controllers\AcademicYearsController.cs(85,101): warning CS8625: Cannot convert null literal to non-nullable reference type. [D:\FWU.EMIS\FWU.Exam.Management\FWU.Exam.Management.Web\FWU.Exam.Management.Web.csproj]
D:\FWU.EMIS\FWU.Exam.Management\FWU.Exam.Management.Web\Areas\Colleges\Controllers\CollegesController.cs(107,68): warning CS8625: Cannot convert null literal to non-nullable reference type. [D:\FWU.EMIS\FWU.Exam.Management\FWU.Exam.Management.Web\FWU.Exam.Management.Web.csproj]
D:\FWU.EMIS\FWU.Exam.Management\FWU.Exam.Management.Web\Areas\Exams\Controllers\ExamTypesController.cs(17,74): warning CS8625: Cannot convert null literal to non-nullable reference type. [D:\FWU.EMIS\FWU.Exam.Management\FWU.Exam.Management.Web\FWU.Exam.Management.Web.csproj]
D:\FWU.EMIS\FWU.Exam.Management\FWU.Exam.Management.Web\Areas\Exams\Controllers\ExamTypesController.cs(40,99): warning CS8625: Cannot convert null literal to non-nullable reference type. [D:\FWU.EMIS\FWU.Exam.Management\FWU.Exam.Management.Web\FWU.Exam.Management.Web.csproj]
D:\FWU.EMIS\FWU.Exam.Management\FWU.Exam.Management.Web\Areas\Exams\Controllers\ExamTypesController.cs(60,99): warning CS8625: Cannot convert null literal to non-nullable reference type. [D:\FWU.EMIS\FWU.Exam.Management\FWU.Exam.Management.Web\FWU.Exam.Management.Web.csproj]
D:\FWU.EMIS\FWU.Exam.Management\FWU.Exam.Management.Web\Areas\Exams\Controllers\ExamTypesController.cs(75,101): warning CS8625: Cannot convert null literal to non-nullable reference type. [D:\FWU.EMIS\FWU.Exam.Management\FWU.Exam.Management.Web\FWU.Exam.Management.Web.csproj]
D:\FWU.EMIS\FWU.Exam.Management\FWU.Exam.Management.Web\Areas\Core\Controllers\BoardsController.cs(19,74): warning CS8625: Cannot convert null literal to non-nullable reference type. [D:\FWU.EMIS\FWU.Exam.Management\FWU.Exam.Management.Web\FWU.Exam.Management.Web.csproj]
D:\FWU.EMIS\FWU.Exam.Management\FWU.Exam.Management.Web\Areas\Core\Controllers\BoardsController.cs(44,99): warning CS8625: Cannot convert null literal to non-nullable reference type. [D:\FWU.EMIS\FWU.Exam.Management\FWU.Exam.Management.Web\FWU.Exam.Management.Web.csproj]
D:\FWU.EMIS\FWU.Exam.Management\FWU.Exam.Management.Web\Areas\Core\Controllers\BoardsController.cs(67,99): warning CS8625: Cannot convert null literal to non-nullable reference type. [D:\FWU.EMIS\FWU.Exam.Management\FWU.Exam.Management.Web\FWU.Exam.Management.Web.csproj]
D:\FWU.EMIS\FWU.Exam.Management\FWU.Exam.Management.Web\Areas\Core\Controllers\BoardsController.cs(82,101): warning CS8625: Cannot convert null literal to non-nullable reference type. [D:\FWU.EMIS\FWU.Exam.Management\FWU.Exam.Management.Web\FWU.Exam.Management.Web.csproj]
D:\FWU.EMIS\FWU.Exam.Management\FWU.Exam.Management.Web\Areas\Colleges\Controllers\CollegeTypesController.cs(17,74): warning CS8625: Cannot convert null literal to non-nullable reference type. [D:\FWU.EMIS\FWU.Exam.Management\FWU.Exam.Management.Web\FWU.Exam.Management.Web.csproj]
D:\FWU.EMIS\FWU.Exam.Management\FWU.Exam.Management.Web\Areas\Exams\Controllers\ExamSchedulesController.cs(39,74): warning CS8625: Cannot convert null literal to non-nullable reference type. [D:\FWU.EMIS\FWU.Exam.Management\FWU.Exam.Management.Web\FWU.Exam.Management.Web.csproj]
D:\FWU.EMIS\FWU.Exam.Management\FWU.Exam.Management.Web\Areas\Exams\Controllers\ExamSchedulesController.cs(65,66): warning CS8625: Cannot convert null literal to non-nullable reference type. [D:\FWU.EMIS\FWU.Exam.Management\FWU.Exam.Management.Web\FWU.Exam.Management.Web.csproj]
D:\FWU.EMIS\FWU.Exam.Management\FWU.Exam.Management.Web\Areas\Exams\Controllers\ExamSchedulesController.cs(99,66): warning CS8625: Cannot convert null literal to non-nullable reference type. [D:\FWU.EMIS\FWU.Exam.Management\FWU.Exam.Management.Web\FWU.Exam.Management.Web.csproj]
D:\FWU.EMIS\FWU.Exam.Management\FWU.Exam.Management.Web\Areas\Exams\Controllers\ExamSchedulesController.cs(107,68): warning CS8625: Cannot convert null literal to non-nullable reference type. [D:\FWU.EMIS\FWU.Exam.Management\FWU.Exam.Management.Web\FWU.Exam.Management.Web.csproj]
D:\FWU.EMIS\FWU.Exam.Management\FWU.Exam.Management.Web\Areas\Colleges\Controllers\CollegeTypesController.cs(40,99): warning CS8625: Cannot convert null literal to non-nullable reference type. [D:\FWU.EMIS\FWU.Exam.Management\FWU.Exam.Management.Web\FWU.Exam.Management.Web.csproj]
D:\FWU.EMIS\FWU.Exam.Management\FWU.Exam.Management.Web\Areas\Colleges\Controllers\CollegeTypesController.cs(61,99): warning CS8625: Cannot convert null literal to non-nullable reference type. [D:\FWU.EMIS\FWU.Exam.Management\FWU.Exam.Management.Web\FWU.Exam.Management.Web.csproj]
D:\FWU.EMIS\FWU.Exam.Management\FWU.Exam.Management.Web\Areas\Colleges\Controllers\CollegeTypesController.cs(76,101): warning CS8625: Cannot convert null literal to non-nullable reference type. [D:\FWU.EMIS\FWU.Exam.Management\FWU.Exam.Management.Web\FWU.Exam.Management.Web.csproj]
D:\FWU.EMIS\FWU.Exam.Management\FWU.Exam.Management.Web\Areas\Exams\Controllers\EntranceController.cs(437,78): warning CS8625: Cannot convert null literal to non-nullable reference type. [D:\FWU.EMIS\FWU.Exam.Management\FWU.Exam.Management.Web\FWU.Exam.Management.Web.csproj]
D:\FWU.EMIS\FWU.Exam.Management\FWU.Exam.Management.Web\Areas\Exams\Controllers\EntranceController.cs(437,100): warning CS8625: Cannot convert null literal to non-nullable reference type. [D:\FWU.EMIS\FWU.Exam.Management\FWU.Exam.Management.Web\FWU.Exam.Management.Web.csproj]
D:\FWU.EMIS\FWU.Exam.Management\FWU.Exam.Management.Web\Areas\Core\Controllers\ConnectIPSConfigurationsController.cs(18,74): warning CS8625: Cannot convert null literal to non-nullable reference type. [D:\FWU.EMIS\FWU.Exam.Management\FWU.Exam.Management.Web\FWU.Exam.Management.Web.csproj]
D:\FWU.EMIS\FWU.Exam.Management\FWU.Exam.Management.Web\Areas\Core\Controllers\ConnectIPSConfigurationsController.cs(102,99): warning CS8625: Cannot convert null literal to non-nullable reference type. [D:\FWU.EMIS\FWU.Exam.Management\FWU.Exam.Management.Web\FWU.Exam.Management.Web.csproj]
D:\FWU.EMIS\FWU.Exam.Management\FWU.Exam.Management.Web\Areas\Core\Controllers\ConnectIPSConfigurationsController.cs(124,99): warning CS8625: Cannot convert null literal to non-nullable reference type. [D:\FWU.EMIS\FWU.Exam.Management\FWU.Exam.Management.Web\FWU.Exam.Management.Web.csproj]
D:\FWU.EMIS\FWU.Exam.Management\FWU.Exam.Management.Web\Areas\Core\Controllers\ConnectIPSConfigurationsController.cs(139,101): warning CS8625: Cannot convert null literal to non-nullable reference type. [D:\FWU.EMIS\FWU.Exam.Management\FWU.Exam.Management.Web\FWU.Exam.Management.Web.csproj]
D:\FWU.EMIS\FWU.Exam.Management\FWU.Exam.Management.Web\Areas\Exams\Controllers\EntranceController.cs(504,68): warning CS8625: Cannot convert null literal to non-nullable reference type. [D:\FWU.EMIS\FWU.Exam.Management\FWU.Exam.Management.Web\FWU.Exam.Management.Web.csproj]
D:\FWU.EMIS\FWU.Exam.Management\FWU.Exam.Management.Web\Areas\Exams\Controllers\EntranceController.cs(504,90): warning CS8625: Cannot convert null literal to non-nullable reference type. [D:\FWU.EMIS\FWU.Exam.Management\FWU.Exam.Management.Web\FWU.Exam.Management.Web.csproj]
D:\FWU.EMIS\FWU.Exam.Management\FWU.Exam.Management.Web\Areas\Exams\Controllers\EntranceController.cs(575,83): warning CS8625: Cannot convert null literal to non-nullable reference type. [D:\FWU.EMIS\FWU.Exam.Management\FWU.Exam.Management.Web\FWU.Exam.Management.Web.csproj]
D:\FWU.EMIS\FWU.Exam.Management\FWU.Exam.Management.Web\Areas\Location\Controllers\DistrictsController.cs(20,74): warning CS8625: Cannot convert null literal to non-nullable reference type. [D:\FWU.EMIS\FWU.Exam.Management\FWU.Exam.Management.Web\FWU.Exam.Management.Web.csproj]
D:\FWU.EMIS\FWU.Exam.Management\FWU.Exam.Management.Web\Areas\Location\Controllers\DistrictsController.cs(55,99): warning CS8625: Cannot convert null literal to non-nullable reference type. [D:\FWU.EMIS\FWU.Exam.Management\FWU.Exam.Management.Web\FWU.Exam.Management.Web.csproj]
D:\FWU.EMIS\FWU.Exam.Management\FWU.Exam.Management.Web\Areas\Location\Controllers\DistrictsController.cs(77,99): warning CS8625: Cannot convert null literal to non-nullable reference type. [D:\FWU.EMIS\FWU.Exam.Management\FWU.Exam.Management.Web\FWU.Exam.Management.Web.csproj]
D:\FWU.EMIS\FWU.Exam.Management\FWU.Exam.Management.Web\Areas\Location\Controllers\DistrictsController.cs(93,101): warning CS8625: Cannot convert null literal to non-nullable reference type. [D:\FWU.EMIS\FWU.Exam.Management\FWU.Exam.Management.Web\FWU.Exam.Management.Web.csproj]
D:\FWU.EMIS\FWU.Exam.Management\FWU.Exam.Management.Web\Areas\Location\Controllers\LocalLevelsController.cs(20,74): warning CS8625: Cannot convert null literal to non-nullable reference type. [D:\FWU.EMIS\FWU.Exam.Management\FWU.Exam.Management.Web\FWU.Exam.Management.Web.csproj]
D:\FWU.EMIS\FWU.Exam.Management\FWU.Exam.Management.Web\Areas\Location\Controllers\LocalLevelsController.cs(45,99): warning CS8625: Cannot convert null literal to non-nullable reference type. [D:\FWU.EMIS\FWU.Exam.Management\FWU.Exam.Management.Web\FWU.Exam.Management.Web.csproj]
D:\FWU.EMIS\FWU.Exam.Management\FWU.Exam.Management.Web\Areas\Location\Controllers\LocalLevelsController.cs(68,99): warning CS8625: Cannot convert null literal to non-nullable reference type. [D:\FWU.EMIS\FWU.Exam.Management\FWU.Exam.Management.Web\FWU.Exam.Management.Web.csproj]
D:\FWU.EMIS\FWU.Exam.Management\FWU.Exam.Management.Web\Areas\Location\Controllers\LocalLevelsController.cs(84,101): warning CS8625: Cannot convert null literal to non-nullable reference type. [D:\FWU.EMIS\FWU.Exam.Management\FWU.Exam.Management.Web\FWU.Exam.Management.Web.csproj]
D:\FWU.EMIS\FWU.Exam.Management\FWU.Exam.Management.Web\Areas\Location\Controllers\ProvincesController.cs(20,74): warning CS8625: Cannot convert null literal to non-nullable reference type. [D:\FWU.EMIS\FWU.Exam.Management\FWU.Exam.Management.Web\FWU.Exam.Management.Web.csproj]
D:\FWU.EMIS\FWU.Exam.Management\FWU.Exam.Management.Web\Areas\Location\Controllers\ProvincesController.cs(45,99): warning CS8625: Cannot convert null literal to non-nullable reference type. [D:\FWU.EMIS\FWU.Exam.Management\FWU.Exam.Management.Web\FWU.Exam.Management.Web.csproj]
D:\FWU.EMIS\FWU.Exam.Management\FWU.Exam.Management.Web\Areas\Location\Controllers\ProvincesController.cs(66,99): warning CS8625: Cannot convert null literal to non-nullable reference type. [D:\FWU.EMIS\FWU.Exam.Management\FWU.Exam.Management.Web\FWU.Exam.Management.Web.csproj]
D:\FWU.EMIS\FWU.Exam.Management\FWU.Exam.Management.Web\Areas\Location\Controllers\ProvincesController.cs(82,101): warning CS8625: Cannot convert null literal to non-nullable reference type. [D:\FWU.EMIS\FWU.Exam.Management\FWU.Exam.Management.Web\FWU.Exam.Management.Web.csproj]
D:\FWU.EMIS\FWU.Exam.Management\FWU.Exam.Management.Web\Controllers\StudentCategoriesController.cs(20,74): warning CS8625: Cannot convert null literal to non-nullable reference type. [D:\FWU.EMIS\FWU.Exam.Management\FWU.Exam.Management.Web\FWU.Exam.Management.Web.csproj]
D:\FWU.EMIS\FWU.Exam.Management\FWU.Exam.Management.Web\Areas\Core\Controllers\DepartmentsController.cs(18,74): warning CS8625: Cannot convert null literal to non-nullable reference type. [D:\FWU.EMIS\FWU.Exam.Management\FWU.Exam.Management.Web\FWU.Exam.Management.Web.csproj]
D:\FWU.EMIS\FWU.Exam.Management\FWU.Exam.Management.Web\Areas\Core\Controllers\DepartmentsController.cs(41,99): warning CS8625: Cannot convert null literal to non-nullable reference type. [D:\FWU.EMIS\FWU.Exam.Management\FWU.Exam.Management.Web\FWU.Exam.Management.Web.csproj]
D:\FWU.EMIS\FWU.Exam.Management\FWU.Exam.Management.Web\Areas\Core\Controllers\DepartmentsController.cs(62,99): warning CS8625: Cannot convert null literal to non-nullable reference type. [D:\FWU.EMIS\FWU.Exam.Management\FWU.Exam.Management.Web\FWU.Exam.Management.Web.csproj]
D:\FWU.EMIS\FWU.Exam.Management\FWU.Exam.Management.Web\Areas\Core\Controllers\DepartmentsController.cs(77,101): warning CS8625: Cannot convert null literal to non-nullable reference type. [D:\FWU.EMIS\FWU.Exam.Management\FWU.Exam.Management.Web\FWU.Exam.Management.Web.csproj]
D:\FWU.EMIS\FWU.Exam.Management\FWU.Exam.Management.Web\Areas\Payments\Controllers\BanksController.cs(17,74): warning CS8625: Cannot convert null literal to non-nullable reference type. [D:\FWU.EMIS\FWU.Exam.Management\FWU.Exam.Management.Web\FWU.Exam.Management.Web.csproj]
D:\FWU.EMIS\FWU.Exam.Management\FWU.Exam.Management.Web\Areas\Payments\Controllers\BanksController.cs(40,99): warning CS8625: Cannot convert null literal to non-nullable reference type. [D:\FWU.EMIS\FWU.Exam.Management\FWU.Exam.Management.Web\FWU.Exam.Management.Web.csproj]
D:\FWU.EMIS\FWU.Exam.Management\FWU.Exam.Management.Web\Areas\Payments\Controllers\BanksController.cs(60,99): warning CS8625: Cannot convert null literal to non-nullable reference type. [D:\FWU.EMIS\FWU.Exam.Management\FWU.Exam.Management.Web\FWU.Exam.Management.Web.csproj]
D:\FWU.EMIS\FWU.Exam.Management\FWU.Exam.Management.Web\Areas\Payments\Controllers\BanksController.cs(75,101): warning CS8625: Cannot convert null literal to non-nullable reference type. [D:\FWU.EMIS\FWU.Exam.Management\FWU.Exam.Management.Web\FWU.Exam.Management.Web.csproj]
D:\FWU.EMIS\FWU.Exam.Management\FWU.Exam.Management.Web\Areas\Payments\Controllers\BillTitlesController.cs(35,74): warning CS8625: Cannot convert null literal to non-nullable reference type. [D:\FWU.EMIS\FWU.Exam.Management\FWU.Exam.Management.Web\FWU.Exam.Management.Web.csproj]
D:\FWU.EMIS\FWU.Exam.Management\FWU.Exam.Management.Web\Areas\Payments\Controllers\BillTitlesController.cs(58,99): warning CS8625: Cannot convert null literal to non-nullable reference type. [D:\FWU.EMIS\FWU.Exam.Management\FWU.Exam.Management.Web\FWU.Exam.Management.Web.csproj]
D:\FWU.EMIS\FWU.Exam.Management\FWU.Exam.Management.Web\Areas\Payments\Controllers\BillTitlesController.cs(81,99): warning CS8625: Cannot convert null literal to non-nullable reference type. [D:\FWU.EMIS\FWU.Exam.Management\FWU.Exam.Management.Web\FWU.Exam.Management.Web.csproj]
D:\FWU.EMIS\FWU.Exam.Management\FWU.Exam.Management.Web\Areas\Payments\Controllers\BillTitlesController.cs(96,101): warning CS8625: Cannot convert null literal to non-nullable reference type. [D:\FWU.EMIS\FWU.Exam.Management\FWU.Exam.Management.Web\FWU.Exam.Management.Web.csproj]
D:\FWU.EMIS\FWU.Exam.Management\FWU.Exam.Management.Web\Areas\Payments\Controllers\PaymentTypesController.cs(17,74): warning CS8625: Cannot convert null literal to non-nullable reference type. [D:\FWU.EMIS\FWU.Exam.Management\FWU.Exam.Management.Web\FWU.Exam.Management.Web.csproj]
D:\FWU.EMIS\FWU.Exam.Management\FWU.Exam.Management.Web\Areas\Payments\Controllers\PaymentTypesController.cs(40,99): warning CS8625: Cannot convert null literal to non-nullable reference type. [D:\FWU.EMIS\FWU.Exam.Management\FWU.Exam.Management.Web\FWU.Exam.Management.Web.csproj]
D:\FWU.EMIS\FWU.Exam.Management\FWU.Exam.Management.Web\Areas\Payments\Controllers\PaymentTypesController.cs(59,99): warning CS8625: Cannot convert null literal to non-nullable reference type. [D:\FWU.EMIS\FWU.Exam.Management\FWU.Exam.Management.Web\FWU.Exam.Management.Web.csproj]
D:\FWU.EMIS\FWU.Exam.Management\FWU.Exam.Management.Web\Areas\Payments\Controllers\PaymentTypesController.cs(74,101): warning CS8625: Cannot convert null literal to non-nullable reference type. [D:\FWU.EMIS\FWU.Exam.Management\FWU.Exam.Management.Web\FWU.Exam.Management.Web.csproj]
D:\FWU.EMIS\FWU.Exam.Management\FWU.Exam.Management.Web\Controllers\TenantsController.cs(26,74): warning CS8625: Cannot convert null literal to non-nullable reference type. [D:\FWU.EMIS\FWU.Exam.Management\FWU.Exam.Management.Web\FWU.Exam.Management.Web.csproj]
D:\FWU.EMIS\FWU.Exam.Management\FWU.Exam.Management.Web\Areas\Core\Controllers\ESewaConfigurationsController.cs(17,74): warning CS8625: Cannot convert null literal to non-nullable reference type. [D:\FWU.EMIS\FWU.Exam.Management\FWU.Exam.Management.Web\FWU.Exam.Management.Web.csproj]
D:\FWU.EMIS\FWU.Exam.Management\FWU.Exam.Management.Web\Areas\Core\Controllers\ESewaConfigurationsController.cs(101,99): warning CS8625: Cannot convert null literal to non-nullable reference type. [D:\FWU.EMIS\FWU.Exam.Management\FWU.Exam.Management.Web\FWU.Exam.Management.Web.csproj]
D:\FWU.EMIS\FWU.Exam.Management\FWU.Exam.Management.Web\Areas\Core\Controllers\ESewaConfigurationsController.cs(122,99): warning CS8625: Cannot convert null literal to non-nullable reference type. [D:\FWU.EMIS\FWU.Exam.Management\FWU.Exam.Management.Web\FWU.Exam.Management.Web.csproj]
D:\FWU.EMIS\FWU.Exam.Management\FWU.Exam.Management.Web\Areas\Core\Controllers\ESewaConfigurationsController.cs(137,101): warning CS8625: Cannot convert null literal to non-nullable reference type. [D:\FWU.EMIS\FWU.Exam.Management\FWU.Exam.Management.Web\FWU.Exam.Management.Web.csproj]
D:\FWU.EMIS\FWU.Exam.Management\FWU.Exam.Management.Web\Areas\Students\Controllers\StudentAdmissionsController.cs(49,74): warning CS8625: Cannot convert null literal to non-nullable reference type. [D:\FWU.EMIS\FWU.Exam.Management\FWU.Exam.Management.Web\FWU.Exam.Management.Web.csproj]
D:\FWU.EMIS\FWU.Exam.Management\FWU.Exam.Management.Web\Areas\Students\Controllers\StudentAdmissionsController.cs(241,99): warning CS8625: Cannot convert null literal to non-nullable reference type. [D:\FWU.EMIS\FWU.Exam.Management\FWU.Exam.Management.Web\FWU.Exam.Management.Web.csproj]
D:\FWU.EMIS\FWU.Exam.Management\FWU.Exam.Management.Web\Areas\Students\Controllers\StudentAdmissionsController.cs(267,99): warning CS8625: Cannot convert null literal to non-nullable reference type. [D:\FWU.EMIS\FWU.Exam.Management\FWU.Exam.Management.Web\FWU.Exam.Management.Web.csproj]
D:\FWU.EMIS\FWU.Exam.Management\FWU.Exam.Management.Web\Areas\Students\Controllers\StudentAdmissionsController.cs(284,101): warning CS8625: Cannot convert null literal to non-nullable reference type. [D:\FWU.EMIS\FWU.Exam.Management\FWU.Exam.Management.Web\FWU.Exam.Management.Web.csproj]
D:\FWU.EMIS\FWU.Exam.Management\FWU.Exam.Management.Web\Areas\Core\Controllers\FacultyController.cs(17,60): warning CS8625: Cannot convert null literal to non-nullable reference type. [D:\FWU.EMIS\FWU.Exam.Management\FWU.Exam.Management.Web\FWU.Exam.Management.Web.csproj]
D:\FWU.EMIS\FWU.Exam.Management\FWU.Exam.Management.Web\Areas\Core\Controllers\FacultyController.cs(96,66): warning CS8625: Cannot convert null literal to non-nullable reference type. [D:\FWU.EMIS\FWU.Exam.Management\FWU.Exam.Management.Web\FWU.Exam.Management.Web.csproj]
D:\FWU.EMIS\FWU.Exam.Management\FWU.Exam.Management.Web\Areas\Core\Controllers\FacultyController.cs(135,66): warning CS8625: Cannot convert null literal to non-nullable reference type. [D:\FWU.EMIS\FWU.Exam.Management\FWU.Exam.Management.Web\FWU.Exam.Management.Web.csproj]
D:\FWU.EMIS\FWU.Exam.Management\FWU.Exam.Management.Web\Areas\Core\Controllers\KhaltiConfigurationsController.cs(18,74): warning CS8625: Cannot convert null literal to non-nullable reference type. [D:\FWU.EMIS\FWU.Exam.Management\FWU.Exam.Management.Web\FWU.Exam.Management.Web.csproj]
D:\FWU.EMIS\FWU.Exam.Management\FWU.Exam.Management.Web\Areas\Core\Controllers\KhaltiConfigurationsController.cs(105,99): warning CS8625: Cannot convert null literal to non-nullable reference type. [D:\FWU.EMIS\FWU.Exam.Management\FWU.Exam.Management.Web\FWU.Exam.Management.Web.csproj]
D:\FWU.EMIS\FWU.Exam.Management\FWU.Exam.Management.Web\Areas\Core\Controllers\KhaltiConfigurationsController.cs(127,99): warning CS8625: Cannot convert null literal to non-nullable reference type. [D:\FWU.EMIS\FWU.Exam.Management\FWU.Exam.Management.Web\FWU.Exam.Management.Web.csproj]
D:\FWU.EMIS\FWU.Exam.Management\FWU.Exam.Management.Web\Areas\Core\Controllers\KhaltiConfigurationsController.cs(142,101): warning CS8625: Cannot convert null literal to non-nullable reference type. [D:\FWU.EMIS\FWU.Exam.Management\FWU.Exam.Management.Web\FWU.Exam.Management.Web.csproj]
D:\FWU.EMIS\FWU.Exam.Management\FWU.Exam.Management.Web\Areas\Core\Controllers\LevelsController.cs(18,74): warning CS8625: Cannot convert null literal to non-nullable reference type. [D:\FWU.EMIS\FWU.Exam.Management\FWU.Exam.Management.Web\FWU.Exam.Management.Web.csproj]
D:\FWU.EMIS\FWU.Exam.Management\FWU.Exam.Management.Web\Areas\Core\Controllers\LevelsController.cs(41,99): warning CS8625: Cannot convert null literal to non-nullable reference type. [D:\FWU.EMIS\FWU.Exam.Management\FWU.Exam.Management.Web\FWU.Exam.Management.Web.csproj]
D:\FWU.EMIS\FWU.Exam.Management\FWU.Exam.Management.Web\Areas\Core\Controllers\LevelsController.cs(63,99): warning CS8625: Cannot convert null literal to non-nullable reference type. [D:\FWU.EMIS\FWU.Exam.Management\FWU.Exam.Management.Web\FWU.Exam.Management.Web.csproj]
D:\FWU.EMIS\FWU.Exam.Management\FWU.Exam.Management.Web\Areas\Core\Controllers\LevelsController.cs(78,101): warning CS8625: Cannot convert null literal to non-nullable reference type. [D:\FWU.EMIS\FWU.Exam.Management\FWU.Exam.Management.Web\FWU.Exam.Management.Web.csproj]
D:\FWU.EMIS\FWU.Exam.Management\FWU.Exam.Management.Web\Areas\Core\Controllers\NoticesController.cs(18,74): warning CS8625: Cannot convert null literal to non-nullable reference type. [D:\FWU.EMIS\FWU.Exam.Management\FWU.Exam.Management.Web\FWU.Exam.Management.Web.csproj]
D:\FWU.EMIS\FWU.Exam.Management\FWU.Exam.Management.Web\Areas\Core\Controllers\NoticesController.cs(41,99): warning CS8625: Cannot convert null literal to non-nullable reference type. [D:\FWU.EMIS\FWU.Exam.Management\FWU.Exam.Management.Web\FWU.Exam.Management.Web.csproj]
D:\FWU.EMIS\FWU.Exam.Management\FWU.Exam.Management.Web\Areas\Core\Controllers\NoticesController.cs(60,99): warning CS8625: Cannot convert null literal to non-nullable reference type. [D:\FWU.EMIS\FWU.Exam.Management\FWU.Exam.Management.Web\FWU.Exam.Management.Web.csproj]
D:\FWU.EMIS\FWU.Exam.Management\FWU.Exam.Management.Web\Areas\Core\Controllers\NoticesController.cs(75,101): warning CS8625: Cannot convert null literal to non-nullable reference type. [D:\FWU.EMIS\FWU.Exam.Management\FWU.Exam.Management.Web\FWU.Exam.Management.Web.csproj]
D:\FWU.EMIS\FWU.Exam.Management\FWU.Exam.Management.Web\Areas\Core\Controllers\ProgramsController.cs(18,74): warning CS8625: Cannot convert null literal to non-nullable reference type. [D:\FWU.EMIS\FWU.Exam.Management\FWU.Exam.Management.Web\FWU.Exam.Management.Web.csproj]
D:\FWU.EMIS\FWU.Exam.Management\FWU.Exam.Management.Web\Areas\Core\Controllers\ProgramsController.cs(41,99): warning CS8625: Cannot convert null literal to non-nullable reference type. [D:\FWU.EMIS\FWU.Exam.Management\FWU.Exam.Management.Web\FWU.Exam.Management.Web.csproj]
D:\FWU.EMIS\FWU.Exam.Management\FWU.Exam.Management.Web\Areas\Core\Controllers\ProgramsController.cs(71,99): warning CS8625: Cannot convert null literal to non-nullable reference type. [D:\FWU.EMIS\FWU.Exam.Management\FWU.Exam.Management.Web\FWU.Exam.Management.Web.csproj]
D:\FWU.EMIS\FWU.Exam.Management\FWU.Exam.Management.Web\Areas\Core\Controllers\ProgramsController.cs(86,101): warning CS8625: Cannot convert null literal to non-nullable reference type. [D:\FWU.EMIS\FWU.Exam.Management\FWU.Exam.Management.Web\FWU.Exam.Management.Web.csproj]
D:\FWU.EMIS\FWU.Exam.Management\FWU.Exam.Management.Web\Areas\Core\Controllers\SemestersController.cs(18,74): warning CS8625: Cannot convert null literal to non-nullable reference type. [D:\FWU.EMIS\FWU.Exam.Management\FWU.Exam.Management.Web\FWU.Exam.Management.Web.csproj]
D:\FWU.EMIS\FWU.Exam.Management\FWU.Exam.Management.Web\Areas\Core\Controllers\SemestersController.cs(41,99): warning CS8625: Cannot convert null literal to non-nullable reference type. [D:\FWU.EMIS\FWU.Exam.Management\FWU.Exam.Management.Web\FWU.Exam.Management.Web.csproj]
D:\FWU.EMIS\FWU.Exam.Management\FWU.Exam.Management.Web\Areas\Core\Controllers\SemestersController.cs(64,99): warning CS8625: Cannot convert null literal to non-nullable reference type. [D:\FWU.EMIS\FWU.Exam.Management\FWU.Exam.Management.Web\FWU.Exam.Management.Web.csproj]
D:\FWU.EMIS\FWU.Exam.Management\FWU.Exam.Management.Web\Areas\Core\Controllers\SemestersController.cs(79,101): warning CS8625: Cannot convert null literal to non-nullable reference type. [D:\FWU.EMIS\FWU.Exam.Management\FWU.Exam.Management.Web\FWU.Exam.Management.Web.csproj]
D:\FWU.EMIS\FWU.Exam.Management\FWU.Exam.Management.Web\Areas\Core\Controllers\SmsConfigurationsController.cs(15,74): warning CS8625: Cannot convert null literal to non-nullable reference type. [D:\FWU.EMIS\FWU.Exam.Management\FWU.Exam.Management.Web\FWU.Exam.Management.Web.csproj]
D:\FWU.EMIS\FWU.Exam.Management\FWU.Exam.Management.Web\Areas\Core\Controllers\SmsConfigurationsController.cs(96,99): warning CS8625: Cannot convert null literal to non-nullable reference type. [D:\FWU.EMIS\FWU.Exam.Management\FWU.Exam.Management.Web\FWU.Exam.Management.Web.csproj]
D:\FWU.EMIS\FWU.Exam.Management\FWU.Exam.Management.Web\Areas\Core\Controllers\SmsConfigurationsController.cs(116,99): warning CS8625: Cannot convert null literal to non-nullable reference type. [D:\FWU.EMIS\FWU.Exam.Management\FWU.Exam.Management.Web\FWU.Exam.Management.Web.csproj]
D:\FWU.EMIS\FWU.Exam.Management\FWU.Exam.Management.Web\Areas\Core\Controllers\SmsConfigurationsController.cs(131,101): warning CS8625: Cannot convert null literal to non-nullable reference type. [D:\FWU.EMIS\FWU.Exam.Management\FWU.Exam.Management.Web\FWU.Exam.Management.Web.csproj]
D:\FWU.EMIS\FWU.Exam.Management\FWU.Exam.Management.Web\Areas\Core\Controllers\SmtpConfigurationsController.cs(20,74): warning CS8625: Cannot convert null literal to non-nullable reference type. [D:\FWU.EMIS\FWU.Exam.Management\FWU.Exam.Management.Web\FWU.Exam.Management.Web.csproj]
D:\FWU.EMIS\FWU.Exam.Management\FWU.Exam.Management.Web\Areas\Core\Controllers\SmtpConfigurationsController.cs(112,103): warning CS8625: Cannot convert null literal to non-nullable reference type. [D:\FWU.EMIS\FWU.Exam.Management\FWU.Exam.Management.Web\FWU.Exam.Management.Web.csproj]
D:\FWU.EMIS\FWU.Exam.Management\FWU.Exam.Management.Web\Areas\Core\Controllers\SmtpConfigurationsController.cs(139,103): warning CS8625: Cannot convert null literal to non-nullable reference type. [D:\FWU.EMIS\FWU.Exam.Management\FWU.Exam.Management.Web\FWU.Exam.Management.Web.csproj]
D:\FWU.EMIS\FWU.Exam.Management\FWU.Exam.Management.Web\Areas\Core\Controllers\SmtpConfigurationsController.cs(154,105): warning CS8625: Cannot convert null literal to non-nullable reference type. [D:\FWU.EMIS\FWU.Exam.Management\FWU.Exam.Management.Web\FWU.Exam.Management.Web.csproj]
D:\FWU.EMIS\FWU.Exam.Management\FWU.Exam.Management.Web\Areas\Subjects\Controllers\CurriculumVersionsController.cs(25,74): warning CS8625: Cannot convert null literal to non-nullable reference type. [D:\FWU.EMIS\FWU.Exam.Management\FWU.Exam.Management.Web\FWU.Exam.Management.Web.csproj]
D:\FWU.EMIS\FWU.Exam.Management\FWU.Exam.Management.Web\Areas\Subjects\Controllers\CurriculumVersionsController.cs(48,99): warning CS8625: Cannot convert null literal to non-nullable reference type. [D:\FWU.EMIS\FWU.Exam.Management\FWU.Exam.Management.Web\FWU.Exam.Management.Web.csproj]
D:\FWU.EMIS\FWU.Exam.Management\FWU.Exam.Management.Web\Areas\Subjects\Controllers\CurriculumVersionsController.cs(69,101): warning CS8625: Cannot convert null literal to non-nullable reference type. [D:\FWU.EMIS\FWU.Exam.Management\FWU.Exam.Management.Web\FWU.Exam.Management.Web.csproj]
D:\FWU.EMIS\FWU.Exam.Management\FWU.Exam.Management.Web\Areas\Subjects\Controllers\CurriculumVersionsController.cs(105,99): warning CS8625: Cannot convert null literal to non-nullable reference type. [D:\FWU.EMIS\FWU.Exam.Management\FWU.Exam.Management.Web\FWU.Exam.Management.Web.csproj]
D:\FWU.EMIS\FWU.Exam.Management\FWU.Exam.Management.Web\Areas\Subjects\Controllers\SubjectCatalogsController.cs(25,74): warning CS8625: Cannot convert null literal to non-nullable reference type. [D:\FWU.EMIS\FWU.Exam.Management\FWU.Exam.Management.Web\FWU.Exam.Management.Web.csproj]
D:\FWU.EMIS\FWU.Exam.Management\FWU.Exam.Management.Web\Areas\Subjects\Controllers\SubjectCatalogsController.cs(194,99): warning CS8625: Cannot convert null literal to non-nullable reference type. [D:\FWU.EMIS\FWU.Exam.Management\FWU.Exam.Management.Web\FWU.Exam.Management.Web.csproj]
D:\FWU.EMIS\FWU.Exam.Management\FWU.Exam.Management.Web\Areas\Subjects\Controllers\SubjectCatalogsController.cs(217,101): warning CS8625: Cannot convert null literal to non-nullable reference type. [D:\FWU.EMIS\FWU.Exam.Management\FWU.Exam.Management.Web\FWU.Exam.Management.Web.csproj]
D:\FWU.EMIS\FWU.Exam.Management\FWU.Exam.Management.Web\Areas\Subjects\Controllers\SubjectCatalogsController.cs(255,99): warning CS8625: Cannot convert null literal to non-nullable reference type. [D:\FWU.EMIS\FWU.Exam.Management\FWU.Exam.Management.Web\FWU.Exam.Management.Web.csproj]
D:\FWU.EMIS\FWU.Exam.Management\FWU.Exam.Management.Web\Areas\Subjects\Controllers\SubjectOfferingsController.cs(27,60): warning CS8625: Cannot convert null literal to non-nullable reference type. [D:\FWU.EMIS\FWU.Exam.Management\FWU.Exam.Management.Web\FWU.Exam.Management.Web.csproj]
D:\FWU.EMIS\FWU.Exam.Management\FWU.Exam.Management.Web\Areas\Subjects\Controllers\SubjectOfferingsController.cs(47,99): warning CS8625: Cannot convert null literal to non-nullable reference type. [D:\FWU.EMIS\FWU.Exam.Management\FWU.Exam.Management.Web\FWU.Exam.Management.Web.csproj]
D:\FWU.EMIS\FWU.Exam.Management\FWU.Exam.Management.Web\Areas\Subjects\Controllers\SubjectOfferingsController.cs(71,101): warning CS8625: Cannot convert null literal to non-nullable reference type. [D:\FWU.EMIS\FWU.Exam.Management\FWU.Exam.Management.Web\FWU.Exam.Management.Web.csproj]
D:\FWU.EMIS\FWU.Exam.Management\FWU.Exam.Management.Web\Areas\Subjects\Controllers\SubjectOfferingsController.cs(110,99): warning CS8625: Cannot convert null literal to non-nullable reference type. [D:\FWU.EMIS\FWU.Exam.Management\FWU.Exam.Management.Web\FWU.Exam.Management.Web.csproj]
D:\FWU.EMIS\FWU.Exam.Management\FWU.Exam.Management.Web\Areas\Subjects\Controllers\SubjectTypesController.cs(24,74): warning CS8625: Cannot convert null literal to non-nullable reference type. [D:\FWU.EMIS\FWU.Exam.Management\FWU.Exam.Management.Web\FWU.Exam.Management.Web.csproj]
D:\FWU.EMIS\FWU.Exam.Management\FWU.Exam.Management.Web\Areas\Subjects\Controllers\SubjectTypesController.cs(47,99): warning CS8625: Cannot convert null literal to non-nullable reference type. [D:\FWU.EMIS\FWU.Exam.Management\FWU.Exam.Management.Web\FWU.Exam.Management.Web.csproj]
D:\FWU.EMIS\FWU.Exam.Management\FWU.Exam.Management.Web\Areas\Subjects\Controllers\SubjectTypesController.cs(69,101): warning CS8625: Cannot convert null literal to non-nullable reference type. [D:\FWU.EMIS\FWU.Exam.Management\FWU.Exam.Management.Web\FWU.Exam.Management.Web.csproj]
D:\FWU.EMIS\FWU.Exam.Management\FWU.Exam.Management.Web\Areas\Subjects\Controllers\SubjectTypesController.cs(106,99): warning CS8625: Cannot convert null literal to non-nullable reference type. [D:\FWU.EMIS\FWU.Exam.Management\FWU.Exam.Management.Web\FWU.Exam.Management.Web.csproj]
D:\FWU.EMIS\FWU.Exam.Management\FWU.Exam.Management.Web\Controllers\FacultyDashboardController.cs(17,22): warning CS9113: Parameter 'facultyResolver' is unread. [D:\FWU.EMIS\FWU.Exam.Management\FWU.Exam.Management.Web\FWU.Exam.Management.Web.csproj]
D:\FWU.EMIS\FWU.Exam.Management\FWU.Exam.Management.Web\Controllers\DashboardController.cs(25,33): warning CS8602: Dereference of a possibly null reference. [D:\FWU.EMIS\FWU.Exam.Management\FWU.Exam.Management.Web\FWU.Exam.Management.Web.csproj]
D:\FWU.EMIS\FWU.Exam.Management\FWU.Exam.Management.Web\Controllers\DashboardController.cs(104,29): warning CS8602: Dereference of a possibly null reference. [D:\FWU.EMIS\FWU.Exam.Management\FWU.Exam.Management.Web\FWU.Exam.Management.Web.csproj]
D:\FWU.EMIS\FWU.Exam.Management\FWU.Exam.Management.Web\Controllers\UserController.cs(42,43): warning CS8604: Possible null reference argument for parameter 'source' in 'IQueryable<College> Queryable.Where<College>(IQueryable<College> source, Expression<Func<College, bool>> predicate)'. [D:\FWU.EMIS\FWU.Exam.Management\FWU.Exam.Management.Web\FWU.Exam.Management.Web.csproj]
D:\FWU.EMIS\FWU.Exam.Management\FWU.Exam.Management.Web\Controllers\UserController.cs(52,43): warning CS8604: Possible null reference argument for parameter 'source' in 'IQueryable<College> Queryable.Where<College>(IQueryable<College> source, Expression<Func<College, bool>> predicate)'. [D:\FWU.EMIS\FWU.Exam.Management\FWU.Exam.Management.Web\FWU.Exam.Management.Web.csproj]
D:\FWU.EMIS\FWU.Exam.Management\FWU.Exam.Management.Web\Areas\Admin\Controllers\TeacherAssignmentsController.cs(92,31): warning CS8604: Possible null reference argument for parameter 'source' in 'IQueryable<SubjectOffering> EntityFrameworkQueryableExtensions.AsNoTracking<SubjectOffering>(IQueryable<SubjectOffering> source)'. [D:\FWU.EMIS\FWU.Exam.Management\FWU.Exam.Management.Web\FWU.Exam.Management.Web.csproj]
D:\FWU.EMIS\FWU.Exam.Management\FWU.Exam.Management.Web\Controllers\UserController.cs(105,50): warning CS8604: Possible null reference argument for parameter 'source' in 'Task<List<Faculty>> EntityFrameworkQueryableExtensions.ToListAsync<Faculty>(IQueryable<Faculty> source, CancellationToken cancellationToken = default(CancellationToken))'. [D:\FWU.EMIS\FWU.Exam.Management\FWU.Exam.Management.Web\FWU.Exam.Management.Web.csproj]
D:\FWU.EMIS\FWU.Exam.Management\FWU.Exam.Management.Web\Controllers\UserController.cs(106,49): warning CS8604: Possible null reference argument for parameter 'source' in 'Task<List<College>> EntityFrameworkQueryableExtensions.ToListAsync<College>(IQueryable<College> source, CancellationToken cancellationToken = default(CancellationToken))'. [D:\FWU.EMIS\FWU.Exam.Management\FWU.Exam.Management.Web\FWU.Exam.Management.Web.csproj]
D:\FWU.EMIS\FWU.Exam.Management\FWU.Exam.Management.Web\Controllers\UserController.cs(107,52): warning CS8604: Possible null reference argument for parameter 'source' in 'Task<List<Department>> EntityFrameworkQueryableExtensions.ToListAsync<Department>(IQueryable<Department> source, CancellationToken cancellationToken = default(CancellationToken))'. [D:\FWU.EMIS\FWU.Exam.Management\FWU.Exam.Management.Web\FWU.Exam.Management.Web.csproj]
D:\FWU.EMIS\FWU.Exam.Management\FWU.Exam.Management.Web\Views\Shared\_Layout.cshtml(128,33): warning CS8602: Dereference of a possibly null reference. [D:\FWU.EMIS\FWU.Exam.Management\FWU.Exam.Management.Web\FWU.Exam.Management.Web.csproj]
D:\FWU.EMIS\FWU.Exam.Management\FWU.Exam.Management.Web\Areas\Colleges\Controllers\CollegesController.cs(22,112): warning CS9113: Parameter 'context' is unread. [D:\FWU.EMIS\FWU.Exam.Management\FWU.Exam.Management.Web\FWU.Exam.Management.Web.csproj]
D:\FWU.EMIS\FWU.Exam.Management\FWU.Exam.Management.Web\Controllers\UserController.cs(157,50): warning CS8604: Possible null reference argument for parameter 'source' in 'IQueryable<Faculty> EntityFrameworkQueryableExtensions.AsNoTracking<Faculty>(IQueryable<Faculty> source)'. [D:\FWU.EMIS\FWU.Exam.Management\FWU.Exam.Management.Web\FWU.Exam.Management.Web.csproj]
D:\FWU.EMIS\FWU.Exam.Management\FWU.Exam.Management.Web\Controllers\UserController.cs(158,49): warning CS8604: Possible null reference argument for parameter 'source' in 'IQueryable<College> EntityFrameworkQueryableExtensions.AsNoTracking<College>(IQueryable<College> source)'. [D:\FWU.EMIS\FWU.Exam.Management\FWU.Exam.Management.Web\FWU.Exam.Management.Web.csproj]
D:\FWU.EMIS\FWU.Exam.Management\FWU.Exam.Management.Web\Controllers\UserController.cs(159,52): warning CS8604: Possible null reference argument for parameter 'source' in 'IQueryable<Department> EntityFrameworkQueryableExtensions.AsNoTracking<Department>(IQueryable<Department> source)'. [D:\FWU.EMIS\FWU.Exam.Management\FWU.Exam.Management.Web\FWU.Exam.Management.Web.csproj]
D:\FWU.EMIS\FWU.Exam.Management\FWU.Exam.Management.Web\ViewComponents\FacultyHeaderViewComponent.cs(19,39): warning CS8604: Possible null reference argument for parameter 'source' in 'Task<Faculty?> EntityFrameworkQueryableExtensions.FirstOrDefaultAsync<Faculty>(IQueryable<Faculty> source, Expression<Func<Faculty, bool>> predicate, CancellationToken cancellationToken = default(CancellationToken))'. [D:\FWU.EMIS\FWU.Exam.Management\FWU.Exam.Management.Web\FWU.Exam.Management.Web.csproj]
D:\FWU.EMIS\FWU.Exam.Management\FWU.Exam.Management.Web\ViewComponents\FacultyHeaderViewComponent.cs(30,43): warning CS8602: Dereference of a possibly null reference. [D:\FWU.EMIS\FWU.Exam.Management\FWU.Exam.Management.Web\FWU.Exam.Management.Web.csproj]
D:\FWU.EMIS\FWU.Exam.Management\FWU.Exam.Management.Web\Areas\Colleges\Controllers\CollegeProgramsController.cs(49,40): warning CS8604: Possible null reference argument for parameter 'field' in 'string CollegeProgramsController.EscapeCsv(string field)'. [D:\FWU.EMIS\FWU.Exam.Management\FWU.Exam.Management.Web\FWU.Exam.Management.Web.csproj]
D:\FWU.EMIS\FWU.Exam.Management\FWU.Exam.Management.Web\Areas\Colleges\Controllers\CollegeProgramsController.cs(50,40): warning CS8604: Possible null reference argument for parameter 'field' in 'string CollegeProgramsController.EscapeCsv(string field)'. [D:\FWU.EMIS\FWU.Exam.Management\FWU.Exam.Management.Web\FWU.Exam.Management.Web.csproj]
D:\FWU.EMIS\FWU.Exam.Management\FWU.Exam.Management.Web\Areas\Colleges\Controllers\CollegeProgramsController.cs(51,40): warning CS8604: Possible null reference argument for parameter 'field' in 'string CollegeProgramsController.EscapeCsv(string field)'. [D:\FWU.EMIS\FWU.Exam.Management\FWU.Exam.Management.Web\FWU.Exam.Management.Web.csproj]
D:\FWU.EMIS\FWU.Exam.Management\FWU.Exam.Management.Web\Areas\Colleges\Controllers\CollegeProgramsController.cs(52,40): warning CS8604: Possible null reference argument for parameter 'field' in 'string CollegeProgramsController.EscapeCsv(string field)'. [D:\FWU.EMIS\FWU.Exam.Management\FWU.Exam.Management.Web\FWU.Exam.Management.Web.csproj]
D:\FWU.EMIS\FWU.Exam.Management\FWU.Exam.Management.Web\Areas\Colleges\Controllers\CollegeProgramsController.cs(55,40): warning CS8604: Possible null reference argument for parameter 'field' in 'string CollegeProgramsController.EscapeCsv(string field)'. [D:\FWU.EMIS\FWU.Exam.Management\FWU.Exam.Management.Web\FWU.Exam.Management.Web.csproj]
D:\FWU.EMIS\FWU.Exam.Management\FWU.Exam.Management.Web\Controllers\UserController.cs(187,50): warning CS8604: Possible null reference argument for parameter 'source' in 'IQueryable<Faculty> EntityFrameworkQueryableExtensions.AsNoTracking<Faculty>(IQueryable<Faculty> source)'. [D:\FWU.EMIS\FWU.Exam.Management\FWU.Exam.Management.Web\FWU.Exam.Management.Web.csproj]
D:\FWU.EMIS\FWU.Exam.Management\FWU.Exam.Management.Web\Controllers\UserController.cs(188,49): warning CS8604: Possible null reference argument for parameter 'source' in 'IQueryable<College> EntityFrameworkQueryableExtensions.AsNoTracking<College>(IQueryable<College> source)'. [D:\FWU.EMIS\FWU.Exam.Management\FWU.Exam.Management.Web\FWU.Exam.Management.Web.csproj]
D:\FWU.EMIS\FWU.Exam.Management\FWU.Exam.Management.Web\Controllers\UserController.cs(189,52): warning CS8604: Possible null reference argument for parameter 'source' in 'IQueryable<Department> EntityFrameworkQueryableExtensions.AsNoTracking<Department>(IQueryable<Department> source)'. [D:\FWU.EMIS\FWU.Exam.Management\FWU.Exam.Management.Web\FWU.Exam.Management.Web.csproj]
D:\FWU.EMIS\FWU.Exam.Management\FWU.Exam.Management.Web\Controllers\TenantSelectController.cs(18,29): warning CS8604: Possible null reference argument for parameter 'source' in 'IQueryable<Tenant> Queryable.Where<Tenant>(IQueryable<Tenant> source, Expression<Func<Tenant, bool>> predicate)'. [D:\FWU.EMIS\FWU.Exam.Management\FWU.Exam.Management.Web\FWU.Exam.Management.Web.csproj]
D:\FWU.EMIS\FWU.Exam.Management\FWU.Exam.Management.Web\Areas\Colleges\Controllers\CollegeTypesController.cs(49,40): warning CS8604: Possible null reference argument for parameter 'field' in 'string CollegeTypesController.EscapeCsv(string field)'. [D:\FWU.EMIS\FWU.Exam.Management\FWU.Exam.Management.Web\FWU.Exam.Management.Web.csproj]
D:\FWU.EMIS\FWU.Exam.Management\FWU.Exam.Management.Web\Areas\Colleges\Controllers\CollegeTypesController.cs(50,41): warning CS8604: Possible null reference argument for parameter 'field' in 'string CollegeTypesController.EscapeCsv(string field)'. [D:\FWU.EMIS\FWU.Exam.Management\FWU.Exam.Management.Web\FWU.Exam.Management.Web.csproj]
D:\FWU.EMIS\FWU.Exam.Management\FWU.Exam.Management.Web\Controllers\UserController.cs(220,53): warning CS8604: Possible null reference argument for parameter 'user' in 'Task<IList<string>> UserManager<AppUser>.GetRolesAsync(AppUser user)'. [D:\FWU.EMIS\FWU.Exam.Management\FWU.Exam.Management.Web\FWU.Exam.Management.Web.csproj]
D:\FWU.EMIS\FWU.Exam.Management\FWU.Exam.Management.Web\Controllers\UserController.cs(222,50): warning CS8604: Possible null reference argument for parameter 'source' in 'IQueryable<Faculty> EntityFrameworkQueryableExtensions.AsNoTracking<Faculty>(IQueryable<Faculty> source)'. [D:\FWU.EMIS\FWU.Exam.Management\FWU.Exam.Management.Web\FWU.Exam.Management.Web.csproj]
D:\FWU.EMIS\FWU.Exam.Management\FWU.Exam.Management.Web\Controllers\UserController.cs(223,49): warning CS8604: Possible null reference argument for parameter 'source' in 'IQueryable<College> EntityFrameworkQueryableExtensions.AsNoTracking<College>(IQueryable<College> source)'. [D:\FWU.EMIS\FWU.Exam.Management\FWU.Exam.Management.Web\FWU.Exam.Management.Web.csproj]
D:\FWU.EMIS\FWU.Exam.Management\FWU.Exam.Management.Web\Controllers\UserController.cs(224,52): warning CS8604: Possible null reference argument for parameter 'source' in 'IQueryable<Department> EntityFrameworkQueryableExtensions.AsNoTracking<Department>(IQueryable<Department> source)'. [D:\FWU.EMIS\FWU.Exam.Management\FWU.Exam.Management.Web\FWU.Exam.Management.Web.csproj]
D:\FWU.EMIS\FWU.Exam.Management\FWU.Exam.Management.Web\Controllers\TenantsController.cs(28,21): warning CS8602: Dereference of a possibly null reference. [D:\FWU.EMIS\FWU.Exam.Management\FWU.Exam.Management.Web\FWU.Exam.Management.Web.csproj]
D:\FWU.EMIS\FWU.Exam.Management\FWU.Exam.Management.Web\Areas\Admin\Controllers\TeacherAssignmentsController.cs(107,50): warning CS8604: Possible null reference argument for parameter 'source' in 'IQueryable<Program> EntityFrameworkQueryableExtensions.AsNoTracking<Program>(IQueryable<Program> source)'. [D:\FWU.EMIS\FWU.Exam.Management\FWU.Exam.Management.Web\FWU.Exam.Management.Web.csproj]
D:\FWU.EMIS\FWU.Exam.Management\FWU.Exam.Management.Web\Areas\Admin\Controllers\TeacherAssignmentsController.cs(108,51): warning CS8604: Possible null reference argument for parameter 'source' in 'IQueryable<Semester> EntityFrameworkQueryableExtensions.AsNoTracking<Semester>(IQueryable<Semester> source)'. [D:\FWU.EMIS\FWU.Exam.Management\FWU.Exam.Management.Web\FWU.Exam.Management.Web.csproj]
D:\FWU.EMIS\FWU.Exam.Management\FWU.Exam.Management.Web\Areas\Admin\Controllers\TeacherAssignmentsController.cs(112,28): warning CS8604: Possible null reference argument for parameter 'source' in 'IQueryable<SubjectOffering> EntityFrameworkQueryableExtensions.AsNoTracking<SubjectOffering>(IQueryable<SubjectOffering> source)'. [D:\FWU.EMIS\FWU.Exam.Management\FWU.Exam.Management.Web\FWU.Exam.Management.Web.csproj]
D:\FWU.EMIS\FWU.Exam.Management\FWU.Exam.Management.Web\Areas\Admin\Controllers\TeacherAssignmentsController.cs(134,19): warning CS8604: Possible null reference argument for parameter 'source' in 'IQueryable<ExamSchedule> EntityFrameworkQueryableExtensions.AsNoTracking<ExamSchedule>(IQueryable<ExamSchedule> source)'. [D:\FWU.EMIS\FWU.Exam.Management\FWU.Exam.Management.Web\FWU.Exam.Management.Web.csproj]
D:\FWU.EMIS\FWU.Exam.Management\FWU.Exam.Management.Web\Areas\Core\Controllers\SmtpConfigurationsController.cs(22,25): warning CS8604: Possible null reference argument for parameter 'source' in 'IQueryable<SmtpConfiguration> EntityFrameworkQueryableExtensions.AsNoTracking<SmtpConfiguration>(IQueryable<SmtpConfiguration> source)'. [D:\FWU.EMIS\FWU.Exam.Management\FWU.Exam.Management.Web\FWU.Exam.Management.Web.csproj]
D:\FWU.EMIS\FWU.Exam.Management\FWU.Exam.Management.Web\Areas\Core\Controllers\SmtpConfigurationsController.cs(28,21): warning CS8602: Dereference of a possibly null reference. [D:\FWU.EMIS\FWU.Exam.Management\FWU.Exam.Management.Web\FWU.Exam.Management.Web.csproj]
D:\FWU.EMIS\FWU.Exam.Management\FWU.Exam.Management.Web\Areas\Core\Controllers\SmtpConfigurationsController.cs(29,21): warning CS8602: Dereference of a possibly null reference. [D:\FWU.EMIS\FWU.Exam.Management\FWU.Exam.Management.Web\FWU.Exam.Management.Web.csproj]
D:\FWU.EMIS\FWU.Exam.Management\FWU.Exam.Management.Web\Areas\Core\Controllers\SmtpConfigurationsController.cs(30,21): warning CS8602: Dereference of a possibly null reference. [D:\FWU.EMIS\FWU.Exam.Management\FWU.Exam.Management.Web\FWU.Exam.Management.Web.csproj]
D:\FWU.EMIS\FWU.Exam.Management\FWU.Exam.Management.Web\Areas\Core\Controllers\SmtpConfigurationsController.cs(61,32): warning CS8603: Possible null reference return. [D:\FWU.EMIS\FWU.Exam.Management\FWU.Exam.Management.Web\FWU.Exam.Management.Web.csproj]
D:\FWU.EMIS\FWU.Exam.Management\FWU.Exam.Management.Web\Areas\Core\Controllers\SmtpConfigurationsController.cs(62,32): warning CS8603: Possible null reference return. [D:\FWU.EMIS\FWU.Exam.Management\FWU.Exam.Management.Web\FWU.Exam.Management.Web.csproj]
D:\FWU.EMIS\FWU.Exam.Management\FWU.Exam.Management.Web\Areas\Core\Controllers\SmtpConfigurationsController.cs(64,36): warning CS8603: Possible null reference return. [D:\FWU.EMIS\FWU.Exam.Management\FWU.Exam.Management.Web\FWU.Exam.Management.Web.csproj]
D:\FWU.EMIS\FWU.Exam.Management\FWU.Exam.Management.Web\Areas\Core\Controllers\SmtpConfigurationsController.cs(66,27): warning CS8603: Possible null reference return. [D:\FWU.EMIS\FWU.Exam.Management\FWU.Exam.Management.Web\FWU.Exam.Management.Web.csproj]
D:\FWU.EMIS\FWU.Exam.Management\FWU.Exam.Management.Web\Areas\Colleges\Controllers\CollegesController.cs(71,40): warning CS8604: Possible null reference argument for parameter 'field' in 'string CollegesController.EscapeCsv(string field)'. [D:\FWU.EMIS\FWU.Exam.Management\FWU.Exam.Management.Web\FWU.Exam.Management.Web.csproj]
D:\FWU.EMIS\FWU.Exam.Management\FWU.Exam.Management.Web\Areas\Colleges\Controllers\CollegesController.cs(72,40): warning CS8604: Possible null reference argument for parameter 'field' in 'string CollegesController.EscapeCsv(string field)'. [D:\FWU.EMIS\FWU.Exam.Management\FWU.Exam.Management.Web\FWU.Exam.Management.Web.csproj]
D:\FWU.EMIS\FWU.Exam.Management\FWU.Exam.Management.Web\Areas\Colleges\Controllers\CollegesController.cs(73,40): warning CS8604: Possible null reference argument for parameter 'field' in 'string CollegesController.EscapeCsv(string field)'. [D:\FWU.EMIS\FWU.Exam.Management\FWU.Exam.Management.Web\FWU.Exam.Management.Web.csproj]
D:\FWU.EMIS\FWU.Exam.Management\FWU.Exam.Management.Web\Areas\Colleges\Controllers\CollegesController.cs(74,40): warning CS8604: Possible null reference argument for parameter 'field' in 'string CollegesController.EscapeCsv(string field)'. [D:\FWU.EMIS\FWU.Exam.Management\FWU.Exam.Management.Web\FWU.Exam.Management.Web.csproj]
D:\FWU.EMIS\FWU.Exam.Management\FWU.Exam.Management.Web\Areas\Colleges\Controllers\CollegesController.cs(76,40): warning CS8604: Possible null reference argument for parameter 'field' in 'string CollegesController.EscapeCsv(string field)'. [D:\FWU.EMIS\FWU.Exam.Management\FWU.Exam.Management.Web\FWU.Exam.Management.Web.csproj]
D:\FWU.EMIS\FWU.Exam.Management\FWU.Exam.Management.Web\Areas\Colleges\Controllers\CollegesController.cs(77,40): warning CS8604: Possible null reference argument for parameter 'field' in 'string CollegesController.EscapeCsv(string field)'. [D:\FWU.EMIS\FWU.Exam.Management\FWU.Exam.Management.Web\FWU.Exam.Management.Web.csproj]
D:\FWU.EMIS\FWU.Exam.Management\FWU.Exam.Management.Web\Areas\Colleges\Controllers\CollegesController.cs(79,40): warning CS8604: Possible null reference argument for parameter 'field' in 'string CollegesController.EscapeCsv(string field)'. [D:\FWU.EMIS\FWU.Exam.Management\FWU.Exam.Management.Web\FWU.Exam.Management.Web.csproj]
D:\FWU.EMIS\FWU.Exam.Management\FWU.Exam.Management.Web\Areas\Colleges\Controllers\CollegesController.cs(80,40): warning CS8604: Possible null reference argument for parameter 'field' in 'string CollegesController.EscapeCsv(string field)'. [D:\FWU.EMIS\FWU.Exam.Management\FWU.Exam.Management.Web\FWU.Exam.Management.Web.csproj]
D:\FWU.EMIS\FWU.Exam.Management\FWU.Exam.Management.Web\Areas\Colleges\Controllers\CollegesController.cs(83,40): warning CS8604: Possible null reference argument for parameter 'field' in 'string CollegesController.EscapeCsv(string field)'. [D:\FWU.EMIS\FWU.Exam.Management\FWU.Exam.Management.Web\FWU.Exam.Management.Web.csproj]
D:\FWU.EMIS\FWU.Exam.Management\FWU.Exam.Management.Web\Areas\Colleges\Controllers\CollegesController.cs(84,40): warning CS8604: Possible null reference argument for parameter 'field' in 'string CollegesController.EscapeCsv(string field)'. [D:\FWU.EMIS\FWU.Exam.Management\FWU.Exam.Management.Web\FWU.Exam.Management.Web.csproj]
D:\FWU.EMIS\FWU.Exam.Management\FWU.Exam.Management.Web\Areas\Colleges\Controllers\CollegesController.cs(87,40): warning CS8604: Possible null reference argument for parameter 'field' in 'string CollegesController.EscapeCsv(string field)'. [D:\FWU.EMIS\FWU.Exam.Management\FWU.Exam.Management.Web\FWU.Exam.Management.Web.csproj]
D:\FWU.EMIS\FWU.Exam.Management\FWU.Exam.Management.Web\Areas\Colleges\Controllers\CollegesController.cs(89,40): warning CS8604: Possible null reference argument for parameter 'field' in 'string CollegesController.EscapeCsv(string field)'. [D:\FWU.EMIS\FWU.Exam.Management\FWU.Exam.Management.Web\FWU.Exam.Management.Web.csproj]
D:\FWU.EMIS\FWU.Exam.Management\FWU.Exam.Management.Web\Areas\Colleges\Controllers\CollegeProgramsController.cs(172,32): warning CS8604: Possible null reference argument for parameter 'source' in 'IEnumerable<CollegeProgramItemViewModel> Enumerable.Where<CollegeProgramItemViewModel>(IEnumerable<CollegeProgramItemViewModel> source, Func<CollegeProgramItemViewModel, bool> predicate)'. [D:\FWU.EMIS\FWU.Exam.Management\FWU.Exam.Management.Web\FWU.Exam.Management.Web.csproj]
D:\FWU.EMIS\FWU.Exam.Management\FWU.Exam.Management.Web\Areas\Colleges\Controllers\CollegeProgramsController.cs(185,35): warning CS8604: Possible null reference argument for parameter 'source' in 'IEnumerable<CollegeProgram> Enumerable.Select<CollegeProgramItemViewModel, CollegeProgram>(IEnumerable<CollegeProgramItemViewModel> source, Func<CollegeProgramItemViewModel, CollegeProgram> selector)'. [D:\FWU.EMIS\FWU.Exam.Management\FWU.Exam.Management.Web\FWU.Exam.Management.Web.csproj]
D:\FWU.EMIS\FWU.Exam.Management\FWU.Exam.Management.Web\Controllers\TenantsController.cs(102,41): warning CS8602: Dereference of a possibly null reference. [D:\FWU.EMIS\FWU.Exam.Management\FWU.Exam.Management.Web\FWU.Exam.Management.Web.csproj]
D:\FWU.EMIS\FWU.Exam.Management\FWU.Exam.Management.Web\Controllers\TenantsController.cs(139,17): warning CS8602: Dereference of a possibly null reference. [D:\FWU.EMIS\FWU.Exam.Management\FWU.Exam.Management.Web\FWU.Exam.Management.Web.csproj]
D:\FWU.EMIS\FWU.Exam.Management\FWU.Exam.Management.Web\Areas\Core\Controllers\AcademicYearsController.cs(57,40): warning CS8604: Possible null reference argument for parameter 'field' in 'string AcademicYearsController.EscapeCsv(string field)'. [D:\FWU.EMIS\FWU.Exam.Management\FWU.Exam.Management.Web\FWU.Exam.Management.Web.csproj]
D:\FWU.EMIS\FWU.Exam.Management\FWU.Exam.Management.Web\Areas\Core\Controllers\AcademicYearsController.cs(58,40): warning CS8604: Possible null reference argument for parameter 'field' in 'string AcademicYearsController.EscapeCsv(string field)'. [D:\FWU.EMIS\FWU.Exam.Management\FWU.Exam.Management.Web\FWU.Exam.Management.Web.csproj]
D:\FWU.EMIS\FWU.Exam.Management\FWU.Exam.Management.Web\Areas\Core\Controllers\AcademicYearsController.cs(59,40): warning CS8604: Possible null reference argument for parameter 'field' in 'string AcademicYearsController.EscapeCsv(string field)'. [D:\FWU.EMIS\FWU.Exam.Management\FWU.Exam.Management.Web\FWU.Exam.Management.Web.csproj]
D:\FWU.EMIS\FWU.Exam.Management\FWU.Exam.Management.Web\Areas\Core\Controllers\AcademicYearsController.cs(60,40): warning CS8604: Possible null reference argument for parameter 'field' in 'string AcademicYearsController.EscapeCsv(string field)'. [D:\FWU.EMIS\FWU.Exam.Management\FWU.Exam.Management.Web\FWU.Exam.Management.Web.csproj]
D:\FWU.EMIS\FWU.Exam.Management\FWU.Exam.Management.Web\Areas\Core\Controllers\SmtpConfigurationsController.cs(73,25): warning CS8604: Possible null reference argument for parameter 'source' in 'IQueryable<SmtpConfiguration> EntityFrameworkQueryableExtensions.AsNoTracking<SmtpConfiguration>(IQueryable<SmtpConfiguration> source)'. [D:\FWU.EMIS\FWU.Exam.Management\FWU.Exam.Management.Web\FWU.Exam.Management.Web.csproj]
D:\FWU.EMIS\FWU.Exam.Management\FWU.Exam.Management.Web\Areas\Core\Controllers\SmtpConfigurationsController.cs(79,21): warning CS8602: Dereference of a possibly null reference. [D:\FWU.EMIS\FWU.Exam.Management\FWU.Exam.Management.Web\FWU.Exam.Management.Web.csproj]
D:\FWU.EMIS\FWU.Exam.Management\FWU.Exam.Management.Web\Areas\Core\Controllers\SmtpConfigurationsController.cs(80,21): warning CS8602: Dereference of a possibly null reference. [D:\FWU.EMIS\FWU.Exam.Management\FWU.Exam.Management.Web\FWU.Exam.Management.Web.csproj]
D:\FWU.EMIS\FWU.Exam.Management\FWU.Exam.Management.Web\Areas\Core\Controllers\SmtpConfigurationsController.cs(81,21): warning CS8602: Dereference of a possibly null reference. [D:\FWU.EMIS\FWU.Exam.Management\FWU.Exam.Management.Web\FWU.Exam.Management.Web.csproj]
D:\FWU.EMIS\FWU.Exam.Management\FWU.Exam.Management.Web\Areas\Core\Controllers\BoardsController.cs(55,40): warning CS8604: Possible null reference argument for parameter 'field' in 'string BoardsController.EscapeCsv(string field)'. [D:\FWU.EMIS\FWU.Exam.Management\FWU.Exam.Management.Web\FWU.Exam.Management.Web.csproj]
D:\FWU.EMIS\FWU.Exam.Management\FWU.Exam.Management.Web\Areas\Core\Controllers\BoardsController.cs(57,41): warning CS8604: Possible null reference argument for parameter 'field' in 'string BoardsController.EscapeCsv(string field)'. [D:\FWU.EMIS\FWU.Exam.Management\FWU.Exam.Management.Web\FWU.Exam.Management.Web.csproj]
D:\FWU.EMIS\FWU.Exam.Management\FWU.Exam.Management.Web\Controllers\TenantsController.cs(155,22): warning CS8604: Possible null reference argument for parameter 'source' in 'IQueryable<Faculty> Queryable.Where<Faculty>(IQueryable<Faculty> source, Expression<Func<Faculty, bool>> predicate)'. [D:\FWU.EMIS\FWU.Exam.Management\FWU.Exam.Management.Web\FWU.Exam.Management.Web.csproj]
D:\FWU.EMIS\FWU.Exam.Management\FWU.Exam.Management.Web\Areas\Core\Controllers\SmtpConfigurationsController.cs(126,44): warning CS8604: Possible null reference argument for parameter 'field' in 'string SmtpConfigurationsController.EscapeCsv(string field)'. [D:\FWU.EMIS\FWU.Exam.Management\FWU.Exam.Management.Web\FWU.Exam.Management.Web.csproj]
D:\FWU.EMIS\FWU.Exam.Management\FWU.Exam.Management.Web\Areas\Core\Controllers\SmtpConfigurationsController.cs(127,44): warning CS8604: Possible null reference argument for parameter 'field' in 'string SmtpConfigurationsController.EscapeCsv(string field)'. [D:\FWU.EMIS\FWU.Exam.Management\FWU.Exam.Management.Web\FWU.Exam.Management.Web.csproj]
D:\FWU.EMIS\FWU.Exam.Management\FWU.Exam.Management.Web\Areas\Core\Controllers\SmtpConfigurationsController.cs(129,44): warning CS8604: Possible null reference argument for parameter 'field' in 'string SmtpConfigurationsController.EscapeCsv(string field)'. [D:\FWU.EMIS\FWU.Exam.Management\FWU.Exam.Management.Web\FWU.Exam.Management.Web.csproj]
D:\FWU.EMIS\FWU.Exam.Management\FWU.Exam.Management.Web\Controllers\TenantsController.cs(171,28): warning CS8604: Possible null reference argument for parameter 'source' in 'IQueryable<Tenant> EntityFrameworkQueryableExtensions.AsNoTracking<Tenant>(IQueryable<Tenant> source)'. [D:\FWU.EMIS\FWU.Exam.Management\FWU.Exam.Management.Web\FWU.Exam.Management.Web.csproj]
D:\FWU.EMIS\FWU.Exam.Management\FWU.Exam.Management.Web\Areas\Core\Controllers\SmtpConfigurationsController.cs(198,43): warning CS8604: Possible null reference argument for parameter 'source' in 'Task<SmtpConfiguration?> EntityFrameworkQueryableExtensions.FirstOrDefaultAsync<SmtpConfiguration>(IQueryable<SmtpConfiguration> source, Expression<Func<SmtpConfiguration, bool>> predicate, CancellationToken cancellationToken = default(CancellationToken))'. [D:\FWU.EMIS\FWU.Exam.Management\FWU.Exam.Management.Web\FWU.Exam.Management.Web.csproj]
D:\FWU.EMIS\FWU.Exam.Management\FWU.Exam.Management.Web\Areas\Core\Controllers\SmtpConfigurationsController.cs(239,43): warning CS8602: Dereference of a possibly null reference. [D:\FWU.EMIS\FWU.Exam.Management\FWU.Exam.Management.Web\FWU.Exam.Management.Web.csproj]
D:\FWU.EMIS\FWU.Exam.Management\FWU.Exam.Management.Web\Areas\Core\Controllers\ConnectIPSConfigurationsController.cs(20,21): warning CS8604: Possible null reference argument for parameter 'source' in 'IQueryable<ConnectIpsPaymentConfiguration> EntityFrameworkQueryableExtensions.AsNoTracking<ConnectIpsPaymentConfiguration>(IQueryable<ConnectIpsPaymentConfiguration> source)'. [D:\FWU.EMIS\FWU.Exam.Management\FWU.Exam.Management.Web\FWU.Exam.Management.Web.csproj]
D:\FWU.EMIS\FWU.Exam.Management\FWU.Exam.Management.Web\Areas\Core\Controllers\ConnectIPSConfigurationsController.cs(25,17): warning CS8602: Dereference of a possibly null reference. [D:\FWU.EMIS\FWU.Exam.Management\FWU.Exam.Management.Web\FWU.Exam.Management.Web.csproj]
D:\FWU.EMIS\FWU.Exam.Management\FWU.Exam.Management.Web\Areas\Core\Controllers\ConnectIPSConfigurationsController.cs(26,17): warning CS8602: Dereference of a possibly null reference. [D:\FWU.EMIS\FWU.Exam.Management\FWU.Exam.Management.Web\FWU.Exam.Management.Web.csproj]
D:\FWU.EMIS\FWU.Exam.Management\FWU.Exam.Management.Web\Areas\Core\Controllers\ConnectIPSConfigurationsController.cs(27,17): warning CS8602: Dereference of a possibly null reference. [D:\FWU.EMIS\FWU.Exam.Management\FWU.Exam.Management.Web\FWU.Exam.Management.Web.csproj]
D:\FWU.EMIS\FWU.Exam.Management\FWU.Exam.Management.Web\Areas\Core\Controllers\ConnectIPSConfigurationsController.cs(28,17): warning CS8602: Dereference of a possibly null reference. [D:\FWU.EMIS\FWU.Exam.Management\FWU.Exam.Management.Web\FWU.Exam.Management.Web.csproj]
D:\FWU.EMIS\FWU.Exam.Management\FWU.Exam.Management.Web\Controllers\TenantsController.cs(200,28): warning CS8604: Possible null reference argument for parameter 'source' in 'Task<bool> EntityFrameworkQueryableExtensions.AnyAsync<Tenant>(IQueryable<Tenant> source, Expression<Func<Tenant, bool>> predicate, CancellationToken cancellationToken = default(CancellationToken))'. [D:\FWU.EMIS\FWU.Exam.Management\FWU.Exam.Management.Web\FWU.Exam.Management.Web.csproj]
D:\FWU.EMIS\FWU.Exam.Management\FWU.Exam.Management.Web\Areas\Core\Controllers\ConnectIPSConfigurationsController.cs(57,34): warning CS8603: Possible null reference return. [D:\FWU.EMIS\FWU.Exam.Management\FWU.Exam.Management.Web\FWU.Exam.Management.Web.csproj]
D:\FWU.EMIS\FWU.Exam.Management\FWU.Exam.Management.Web\Areas\Core\Controllers\ConnectIPSConfigurationsController.cs(58,31): warning CS8603: Possible null reference return. [D:\FWU.EMIS\FWU.Exam.Management\FWU.Exam.Management.Web\FWU.Exam.Management.Web.csproj]
D:\FWU.EMIS\FWU.Exam.Management\FWU.Exam.Management.Web\Areas\Core\Controllers\ConnectIPSConfigurationsController.cs(59,29): warning CS8603: Possible null reference return. [D:\FWU.EMIS\FWU.Exam.Management\FWU.Exam.Management.Web\FWU.Exam.Management.Web.csproj]
D:\FWU.EMIS\FWU.Exam.Management\FWU.Exam.Management.Web\Areas\Core\Controllers\ConnectIPSConfigurationsController.cs(60,34): warning CS8603: Possible null reference return. [D:\FWU.EMIS\FWU.Exam.Management\FWU.Exam.Management.Web\FWU.Exam.Management.Web.csproj]
D:\FWU.EMIS\FWU.Exam.Management\FWU.Exam.Management.Web\Areas\Core\Controllers\ConnectIPSConfigurationsController.cs(61,40): warning CS8603: Possible null reference return. [D:\FWU.EMIS\FWU.Exam.Management\FWU.Exam.Management.Web\FWU.Exam.Management.Web.csproj]
D:\FWU.EMIS\FWU.Exam.Management\FWU.Exam.Management.Web\Areas\Core\Controllers\ConnectIPSConfigurationsController.cs(62,23): warning CS8603: Possible null reference return. [D:\FWU.EMIS\FWU.Exam.Management\FWU.Exam.Management.Web\FWU.Exam.Management.Web.csproj]
D:\FWU.EMIS\FWU.Exam.Management\FWU.Exam.Management.Web\Areas\Core\Controllers\SmtpConfigurationsController.cs(290,43): warning CS8604: Possible null reference argument for parameter 'source' in 'Task<SmtpConfiguration?> EntityFrameworkQueryableExtensions.FirstOrDefaultAsync<SmtpConfiguration>(IQueryable<SmtpConfiguration> source, Expression<Func<SmtpConfiguration, bool>> predicate, CancellationToken cancellationToken = default(CancellationToken))'. [D:\FWU.EMIS\FWU.Exam.Management\FWU.Exam.Management.Web\FWU.Exam.Management.Web.csproj]
D:\FWU.EMIS\FWU.Exam.Management\FWU.Exam.Management.Web\Areas\Core\Controllers\SmtpConfigurationsController.cs(306,43): warning CS8602: Dereference of a possibly null reference. [D:\FWU.EMIS\FWU.Exam.Management\FWU.Exam.Management.Web\FWU.Exam.Management.Web.csproj]
D:\FWU.EMIS\FWU.Exam.Management\FWU.Exam.Management.Web\Areas\Core\Controllers\SmtpConfigurationsController.cs(323,36): warning CS8602: Dereference of a possibly null reference. [D:\FWU.EMIS\FWU.Exam.Management\FWU.Exam.Management.Web\FWU.Exam.Management.Web.csproj]
D:\FWU.EMIS\FWU.Exam.Management\FWU.Exam.Management.Web\Areas\Core\Controllers\SmtpConfigurationsController.cs(339,20): warning CS8604: Possible null reference argument for parameter 'source' in 'bool Queryable.Any<SmtpConfiguration>(IQueryable<SmtpConfiguration> source, Expression<Func<SmtpConfiguration, bool>> predicate)'. [D:\FWU.EMIS\FWU.Exam.Management\FWU.Exam.Management.Web\FWU.Exam.Management.Web.csproj]
D:\FWU.EMIS\FWU.Exam.Management\FWU.Exam.Management.Web\Areas\Core\Controllers\ConnectIPSConfigurationsController.cs(68,21): warning CS8604: Possible null reference argument for parameter 'source' in 'IQueryable<ConnectIpsPaymentConfiguration> EntityFrameworkQueryableExtensions.AsNoTracking<ConnectIpsPaymentConfiguration>(IQueryable<ConnectIpsPaymentConfiguration> source)'. [D:\FWU.EMIS\FWU.Exam.Management\FWU.Exam.Management.Web\FWU.Exam.Management.Web.csproj]
D:\FWU.EMIS\FWU.Exam.Management\FWU.Exam.Management.Web\Areas\Core\Controllers\ConnectIPSConfigurationsController.cs(73,17): warning CS8602: Dereference of a possibly null reference. [D:\FWU.EMIS\FWU.Exam.Management\FWU.Exam.Management.Web\FWU.Exam.Management.Web.csproj]
D:\FWU.EMIS\FWU.Exam.Management\FWU.Exam.Management.Web\Areas\Core\Controllers\ConnectIPSConfigurationsController.cs(74,17): warning CS8602: Dereference of a possibly null reference. [D:\FWU.EMIS\FWU.Exam.Management\FWU.Exam.Management.Web\FWU.Exam.Management.Web.csproj]
D:\FWU.EMIS\FWU.Exam.Management\FWU.Exam.Management.Web\Areas\Core\Controllers\ConnectIPSConfigurationsController.cs(75,17): warning CS8602: Dereference of a possibly null reference. [D:\FWU.EMIS\FWU.Exam.Management\FWU.Exam.Management.Web\FWU.Exam.Management.Web.csproj]
D:\FWU.EMIS\FWU.Exam.Management\FWU.Exam.Management.Web\Areas\Core\Controllers\ConnectIPSConfigurationsController.cs(76,17): warning CS8602: Dereference of a possibly null reference. [D:\FWU.EMIS\FWU.Exam.Management\FWU.Exam.Management.Web\FWU.Exam.Management.Web.csproj]
D:\FWU.EMIS\FWU.Exam.Management\FWU.Exam.Management.Web\Controllers\TenantsController.cs(213,28): warning CS8604: Possible null reference argument for parameter 'source' in 'IQueryable<Tenant> EntityFrameworkQueryableExtensions.AsNoTracking<Tenant>(IQueryable<Tenant> source)'. [D:\FWU.EMIS\FWU.Exam.Management\FWU.Exam.Management.Web\FWU.Exam.Management.Web.csproj]
D:\FWU.EMIS\FWU.Exam.Management\FWU.Exam.Management.Web\Areas\Core\Controllers\ConnectIPSConfigurationsController.cs(111,40): warning CS8604: Possible null reference argument for parameter 'field' in 'string ConnectIPSConfigurationsController.EscapeCsv(string field)'. [D:\FWU.EMIS\FWU.Exam.Management\FWU.Exam.Management.Web\FWU.Exam.Management.Web.csproj]
D:\FWU.EMIS\FWU.Exam.Management\FWU.Exam.Management.Web\Areas\Core\Controllers\ConnectIPSConfigurationsController.cs(112,40): warning CS8604: Possible null reference argument for parameter 'field' in 'string ConnectIPSConfigurationsController.EscapeCsv(string field)'. [D:\FWU.EMIS\FWU.Exam.Management\FWU.Exam.Management.Web\FWU.Exam.Management.Web.csproj]
D:\FWU.EMIS\FWU.Exam.Management\FWU.Exam.Management.Web\Areas\Core\Controllers\ConnectIPSConfigurationsController.cs(113,40): warning CS8604: Possible null reference argument for parameter 'field' in 'string ConnectIPSConfigurationsController.EscapeCsv(string field)'. [D:\FWU.EMIS\FWU.Exam.Management\FWU.Exam.Management.Web\FWU.Exam.Management.Web.csproj]
D:\FWU.EMIS\FWU.Exam.Management\FWU.Exam.Management.Web\Areas\Core\Controllers\ConnectIPSConfigurationsController.cs(114,40): warning CS8604: Possible null reference argument for parameter 'field' in 'string ConnectIPSConfigurationsController.EscapeCsv(string field)'. [D:\FWU.EMIS\FWU.Exam.Management\FWU.Exam.Management.Web\FWU.Exam.Management.Web.csproj]
D:\FWU.EMIS\FWU.Exam.Management\FWU.Exam.Management.Web\Areas\Core\Controllers\ConnectIPSConfigurationsController.cs(115,40): warning CS8604: Possible null reference argument for parameter 'field' in 'string ConnectIPSConfigurationsController.EscapeCsv(string field)'. [D:\FWU.EMIS\FWU.Exam.Management\FWU.Exam.Management.Web\FWU.Exam.Management.Web.csproj]
D:\FWU.EMIS\FWU.Exam.Management\FWU.Exam.Management.Web\Areas\Core\Controllers\ConnectIPSConfigurationsController.cs(116,40): warning CS8604: Possible null reference argument for parameter 'field' in 'string ConnectIPSConfigurationsController.EscapeCsv(string field)'. [D:\FWU.EMIS\FWU.Exam.Management\FWU.Exam.Management.Web\FWU.Exam.Management.Web.csproj]
D:\FWU.EMIS\FWU.Exam.Management\FWU.Exam.Management.Web\Areas\Core\Controllers\SmsConfigurationsController.cs(17,21): warning CS8604: Possible null reference argument for parameter 'source' in 'IQueryable<SmsConfiguration> EntityFrameworkQueryableExtensions.AsNoTracking<SmsConfiguration>(IQueryable<SmsConfiguration> source)'. [D:\FWU.EMIS\FWU.Exam.Management\FWU.Exam.Management.Web\FWU.Exam.Management.Web.csproj]
D:\FWU.EMIS\FWU.Exam.Management\FWU.Exam.Management.Web\Areas\Core\Controllers\SmsConfigurationsController.cs(22,17): warning CS8602: Dereference of a possibly null reference. [D:\FWU.EMIS\FWU.Exam.Management\FWU.Exam.Management.Web\FWU.Exam.Management.Web.csproj]
D:\FWU.EMIS\FWU.Exam.Management\FWU.Exam.Management.Web\Areas\Core\Controllers\SmsConfigurationsController.cs(23,17): warning CS8602: Dereference of a possibly null reference. [D:\FWU.EMIS\FWU.Exam.Management\FWU.Exam.Management.Web\FWU.Exam.Management.Web.csproj]
D:\FWU.EMIS\FWU.Exam.Management\FWU.Exam.Management.Web\Areas\Core\Controllers\SmsConfigurationsController.cs(24,17): warning CS8602: Dereference of a possibly null reference. [D:\FWU.EMIS\FWU.Exam.Management\FWU.Exam.Management.Web\FWU.Exam.Management.Web.csproj]
D:\FWU.EMIS\FWU.Exam.Management\FWU.Exam.Management.Web\Areas\Core\Controllers\SmsConfigurationsController.cs(53,30): warning CS8603: Possible null reference return. [D:\FWU.EMIS\FWU.Exam.Management\FWU.Exam.Management.Web\FWU.Exam.Management.Web.csproj]
D:\FWU.EMIS\FWU.Exam.Management\FWU.Exam.Management.Web\Areas\Core\Controllers\SmsConfigurationsController.cs(54,28): warning CS8603: Possible null reference return. [D:\FWU.EMIS\FWU.Exam.Management\FWU.Exam.Management.Web\FWU.Exam.Management.Web.csproj]
D:\FWU.EMIS\FWU.Exam.Management\FWU.Exam.Management.Web\Areas\Core\Controllers\SmsConfigurationsController.cs(55,28): warning CS8603: Possible null reference return. [D:\FWU.EMIS\FWU.Exam.Management\FWU.Exam.Management.Web\FWU.Exam.Management.Web.csproj]
D:\FWU.EMIS\FWU.Exam.Management\FWU.Exam.Management.Web\Areas\Core\Controllers\ConnectIPSConfigurationsController.cs(180,35): warning CS8604: Possible null reference argument for parameter 'source' in 'Task<ConnectIpsPaymentConfiguration?> EntityFrameworkQueryableExtensions.FirstOrDefaultAsync<ConnectIpsPaymentConfiguration>(IQueryable<ConnectIpsPaymentConfiguration> source, Expression<Func<ConnectIpsPaymentConfiguration, bool>> predicate, CancellationToken cancellationToken = default(CancellationToken))'. [D:\FWU.EMIS\FWU.Exam.Management\FWU.Exam.Management.Web\FWU.Exam.Management.Web.csproj]
D:\FWU.EMIS\FWU.Exam.Management\FWU.Exam.Management.Web\Areas\Core\Controllers\ConnectIPSConfigurationsController.cs(212,35): warning CS8602: Dereference of a possibly null reference. [D:\FWU.EMIS\FWU.Exam.Management\FWU.Exam.Management.Web\FWU.Exam.Management.Web.csproj]
D:\FWU.EMIS\FWU.Exam.Management\FWU.Exam.Management.Web\Controllers\TenantsController.cs(228,28): warning CS8602: Dereference of a possibly null reference. [D:\FWU.EMIS\FWU.Exam.Management\FWU.Exam.Management.Web\FWU.Exam.Management.Web.csproj]
D:\FWU.EMIS\FWU.Exam.Management\FWU.Exam.Management.Web\Controllers\TenantsController.cs(233,35): warning CS8604: Possible null reference argument for parameter 'source' in 'IQueryable<Faculty> Queryable.Where<Faculty>(IQueryable<Faculty> source, Expression<Func<Faculty, bool>> predicate)'. [D:\FWU.EMIS\FWU.Exam.Management\FWU.Exam.Management.Web\FWU.Exam.Management.Web.csproj]
D:\FWU.EMIS\FWU.Exam.Management\FWU.Exam.Management.Web\Areas\Core\Controllers\SmsConfigurationsController.cs(63,21): warning CS8604: Possible null reference argument for parameter 'source' in 'IQueryable<SmsConfiguration> EntityFrameworkQueryableExtensions.AsNoTracking<SmsConfiguration>(IQueryable<SmsConfiguration> source)'. [D:\FWU.EMIS\FWU.Exam.Management\FWU.Exam.Management.Web\FWU.Exam.Management.Web.csproj]
D:\FWU.EMIS\FWU.Exam.Management\FWU.Exam.Management.Web\Areas\Core\Controllers\SmsConfigurationsController.cs(68,17): warning CS8602: Dereference of a possibly null reference. [D:\FWU.EMIS\FWU.Exam.Management\FWU.Exam.Management.Web\FWU.Exam.Management.Web.csproj]
D:\FWU.EMIS\FWU.Exam.Management\FWU.Exam.Management.Web\Areas\Core\Controllers\SmsConfigurationsController.cs(69,17): warning CS8602: Dereference of a possibly null reference. [D:\FWU.EMIS\FWU.Exam.Management\FWU.Exam.Management.Web\FWU.Exam.Management.Web.csproj]
D:\FWU.EMIS\FWU.Exam.Management\FWU.Exam.Management.Web\Areas\Core\Controllers\SmsConfigurationsController.cs(70,17): warning CS8602: Dereference of a possibly null reference. [D:\FWU.EMIS\FWU.Exam.Management\FWU.Exam.Management.Web\FWU.Exam.Management.Web.csproj]
D:\FWU.EMIS\FWU.Exam.Management\FWU.Exam.Management.Web\Areas\Core\Controllers\ConnectIPSConfigurationsController.cs(247,35): warning CS8604: Possible null reference argument for parameter 'source' in 'Task<ConnectIpsPaymentConfiguration?> EntityFrameworkQueryableExtensions.FirstOrDefaultAsync<ConnectIpsPaymentConfiguration>(IQueryable<ConnectIpsPaymentConfiguration> source, Expression<Func<ConnectIpsPaymentConfiguration, bool>> predicate, CancellationToken cancellationToken = default(CancellationToken))'. [D:\FWU.EMIS\FWU.Exam.Management\FWU.Exam.Management.Web\FWU.Exam.Management.Web.csproj]
D:\FWU.EMIS\FWU.Exam.Management\FWU.Exam.Management.Web\Areas\Core\Controllers\ConnectIPSConfigurationsController.cs(259,35): warning CS8602: Dereference of a possibly null reference. [D:\FWU.EMIS\FWU.Exam.Management\FWU.Exam.Management.Web\FWU.Exam.Management.Web.csproj]
D:\FWU.EMIS\FWU.Exam.Management\FWU.Exam.Management.Web\Areas\Core\Controllers\ConnectIPSConfigurationsController.cs(271,16): warning CS8604: Possible null reference argument for parameter 'source' in 'bool Queryable.Any<ConnectIpsPaymentConfiguration>(IQueryable<ConnectIpsPaymentConfiguration> source, Expression<Func<ConnectIpsPaymentConfiguration, bool>> predicate)'. [D:\FWU.EMIS\FWU.Exam.Management\FWU.Exam.Management.Web\FWU.Exam.Management.Web.csproj]
D:\FWU.EMIS\FWU.Exam.Management\FWU.Exam.Management.Web\Areas\Core\Controllers\SmsConfigurationsController.cs(105,40): warning CS8604: Possible null reference argument for parameter 'field' in 'string SmsConfigurationsController.EscapeCsv(string field)'. [D:\FWU.EMIS\FWU.Exam.Management\FWU.Exam.Management.Web\FWU.Exam.Management.Web.csproj]
D:\FWU.EMIS\FWU.Exam.Management\FWU.Exam.Management.Web\Areas\Core\Controllers\SmsConfigurationsController.cs(106,40): warning CS8604: Possible null reference argument for parameter 'field' in 'string SmsConfigurationsController.EscapeCsv(string field)'. [D:\FWU.EMIS\FWU.Exam.Management\FWU.Exam.Management.Web\FWU.Exam.Management.Web.csproj]
D:\FWU.EMIS\FWU.Exam.Management\FWU.Exam.Management.Web\Areas\Core\Controllers\SmsConfigurationsController.cs(107,40): warning CS8604: Possible null reference argument for parameter 'field' in 'string SmsConfigurationsController.EscapeCsv(string field)'. [D:\FWU.EMIS\FWU.Exam.Management\FWU.Exam.Management.Web\FWU.Exam.Management.Web.csproj]
D:\FWU.EMIS\FWU.Exam.Management\FWU.Exam.Management.Web\Areas\Core\Controllers\ConnectIPSConfigurationsController.cs(278,34): warning CS8602: Dereference of a possibly null reference. [D:\FWU.EMIS\FWU.Exam.Management\FWU.Exam.Management.Web\FWU.Exam.Management.Web.csproj]
D:\FWU.EMIS\FWU.Exam.Management\FWU.Exam.Management.Web\Areas\Exams\Controllers\TeacherMarksController.cs(166,28): warning CS8604: Possible null reference argument for parameter 'source' in 'IQueryable<SubjectOffering> EntityFrameworkQueryableExtensions.AsNoTracking<SubjectOffering>(IQueryable<SubjectOffering> source)'. [D:\FWU.EMIS\FWU.Exam.Management\FWU.Exam.Management.Web\FWU.Exam.Management.Web.csproj]
D:\FWU.EMIS\FWU.Exam.Management\FWU.Exam.Management.Web\Areas\Exams\Controllers\TeacherMarksController.cs(171,37): warning CS8604: Possible null reference argument for parameter 'source' in 'IQueryable<ExamSchedule> Queryable.Where<ExamSchedule>(IQueryable<ExamSchedule> source, Expression<Func<ExamSchedule, bool>> predicate)'. [D:\FWU.EMIS\FWU.Exam.Management\FWU.Exam.Management.Web\FWU.Exam.Management.Web.csproj]
D:\FWU.EMIS\FWU.Exam.Management\FWU.Exam.Management.Web\Areas\Exams\Controllers\TeacherMarksController.cs(178,31): warning CS8604: Possible null reference argument for parameter 'source' in 'IQueryable<ExamSchedule> EntityFrameworkQueryableExtensions.AsNoTracking<ExamSchedule>(IQueryable<ExamSchedule> source)'. [D:\FWU.EMIS\FWU.Exam.Management\FWU.Exam.Management.Web\FWU.Exam.Management.Web.csproj]
D:\FWU.EMIS\FWU.Exam.Management\FWU.Exam.Management.Web\Areas\Core\Controllers\SmsConfigurationsController.cs(170,31): warning CS8604: Possible null reference argument for parameter 'source' in 'Task<SmsConfiguration?> EntityFrameworkQueryableExtensions.FirstOrDefaultAsync<SmsConfiguration>(IQueryable<SmsConfiguration> source, Expression<Func<SmsConfiguration, bool>> predicate, CancellationToken cancellationToken = default(CancellationToken))'. [D:\FWU.EMIS\FWU.Exam.Management\FWU.Exam.Management.Web\FWU.Exam.Management.Web.csproj]
D:\FWU.EMIS\FWU.Exam.Management\FWU.Exam.Management.Web\Data\Seeders\AcademicStructureSeeder.cs(16,20): warning CS8604: Possible null reference argument for parameter 'source' in 'Task<bool> EntityFrameworkQueryableExtensions.AnyAsync<Department>(IQueryable<Department> source, Expression<Func<Department, bool>> predicate, CancellationToken cancellationToken = default(CancellationToken))'. [D:\FWU.EMIS\FWU.Exam.Management\FWU.Exam.Management.Web\FWU.Exam.Management.Web.csproj]
D:\FWU.EMIS\FWU.Exam.Management\FWU.Exam.Management.Web\Data\Seeders\AcademicStructureSeeder.cs(31,35): warning CS8604: Possible null reference argument for parameter 'source' in 'Task<Level?> EntityFrameworkQueryableExtensions.FirstOrDefaultAsync<Level>(IQueryable<Level> source, Expression<Func<Level, bool>> predicate, CancellationToken cancellationToken = default(CancellationToken))'. [D:\FWU.EMIS\FWU.Exam.Management\FWU.Exam.Management.Web\FWU.Exam.Management.Web.csproj]
D:\FWU.EMIS\FWU.Exam.Management\FWU.Exam.Management.Web\Data\Seeders\AcademicStructureSeeder.cs(120,38): warning CS8604: Possible null reference argument for parameter 'source' in 'Task<bool> EntityFrameworkQueryableExtensions.AnyAsync<Faculty>(IQueryable<Faculty> source, Expression<Func<Faculty, bool>> predicate, CancellationToken cancellationToken = default(CancellationToken))'. [D:\FWU.EMIS\FWU.Exam.Management\FWU.Exam.Management.Web\FWU.Exam.Management.Web.csproj]
D:\FWU.EMIS\FWU.Exam.Management\FWU.Exam.Management.Web\Data\Seeders\AcademicStructureSeeder.cs(152,33): warning CS8604: Possible null reference argument for parameter 'source' in 'IQueryable<College> EntityFrameworkQueryableExtensions.IgnoreQueryFilters<College>(IQueryable<College> source)'. [D:\FWU.EMIS\FWU.Exam.Management\FWU.Exam.Management.Web\FWU.Exam.Management.Web.csproj]
D:\FWU.EMIS\FWU.Exam.Management\FWU.Exam.Management.Web\Data\Seeders\AcademicStructureSeeder.cs(153,33): warning CS8604: Possible null reference argument for parameter 'source' in 'Task<List<Program>> EntityFrameworkQueryableExtensions.ToListAsync<Program>(IQueryable<Program> source, CancellationToken cancellationToken = default(CancellationToken))'. [D:\FWU.EMIS\FWU.Exam.Management\FWU.Exam.Management.Web\FWU.Exam.Management.Web.csproj]
D:\FWU.EMIS\FWU.Exam.Management\FWU.Exam.Management.Web\Data\Seeders\AcademicStructureSeeder.cs(154,35): warning CS8604: Possible null reference argument for parameter 'source' in 'IQueryable<CollegeProgram> EntityFrameworkQueryableExtensions.IgnoreQueryFilters<CollegeProgram>(IQueryable<CollegeProgram> source)'. [D:\FWU.EMIS\FWU.Exam.Management\FWU.Exam.Management.Web\FWU.Exam.Management.Web.csproj]
D:\FWU.EMIS\FWU.Exam.Management\FWU.Exam.Management.Web\Areas\Core\Controllers\SmsConfigurationsController.cs(201,38): warning CS8602: Dereference of a possibly null reference. [D:\FWU.EMIS\FWU.Exam.Management\FWU.Exam.Management.Web\FWU.Exam.Management.Web.csproj]
D:\FWU.EMIS\FWU.Exam.Management\FWU.Exam.Management.Web\Data\Seeders\AcademicStructureSeeder.cs(180,28): warning CS8604: Possible null reference argument for parameter 'source' in 'Task<bool> EntityFrameworkQueryableExtensions.AnyAsync<Program>(IQueryable<Program> source, Expression<Func<Program, bool>> predicate, CancellationToken cancellationToken = default(CancellationToken))'. [D:\FWU.EMIS\FWU.Exam.Management\FWU.Exam.Management.Web\FWU.Exam.Management.Web.csproj]
D:\FWU.EMIS\FWU.Exam.Management\FWU.Exam.Management.Web\Areas\Exams\Controllers\ExamRegistrationsController.cs(54,53): warning CS8604: Possible null reference argument for parameter 'source' in 'IQueryable<ExamSchedule> EntityFrameworkQueryableExtensions.AsNoTracking<ExamSchedule>(IQueryable<ExamSchedule> source)'. [D:\FWU.EMIS\FWU.Exam.Management\FWU.Exam.Management.Web\FWU.Exam.Management.Web.csproj]
D:\FWU.EMIS\FWU.Exam.Management\FWU.Exam.Management.Web\Areas\Core\Controllers\SmsConfigurationsController.cs(236,38): warning CS8604: Possible null reference argument for parameter 'source' in 'Task<SmsConfiguration?> EntityFrameworkQueryableExtensions.FirstOrDefaultAsync<SmsConfiguration>(IQueryable<SmsConfiguration> source, Expression<Func<SmsConfiguration, bool>> predicate, CancellationToken cancellationToken = default(CancellationToken))'. [D:\FWU.EMIS\FWU.Exam.Management\FWU.Exam.Management.Web\FWU.Exam.Management.Web.csproj]
D:\FWU.EMIS\FWU.Exam.Management\FWU.Exam.Management.Web\Data\Seeders\AcademicStructureSeeder.cs(199,28): warning CS8604: Possible null reference argument for parameter 'source' in 'Task<bool> EntityFrameworkQueryableExtensions.AnyAsync<Faculty>(IQueryable<Faculty> source, Expression<Func<Faculty, bool>> predicate, CancellationToken cancellationToken = default(CancellationToken))'. [D:\FWU.EMIS\FWU.Exam.Management\FWU.Exam.Management.Web\FWU.Exam.Management.Web.csproj]
D:\FWU.EMIS\FWU.Exam.Management\FWU.Exam.Management.Web\Areas\Core\Controllers\SmsConfigurationsController.cs(247,38): warning CS8602: Dereference of a possibly null reference. [D:\FWU.EMIS\FWU.Exam.Management\FWU.Exam.Management.Web\FWU.Exam.Management.Web.csproj]
D:\FWU.EMIS\FWU.Exam.Management\FWU.Exam.Management.Web\Controllers\TenantsController.cs(252,35): warning CS8604: Possible null reference argument for parameter 'source' in 'Task<int> EntityFrameworkQueryableExtensions.CountAsync<Faculty>(IQueryable<Faculty> source, Expression<Func<Faculty, bool>> predicate, CancellationToken cancellationToken = default(CancellationToken))'. [D:\FWU.EMIS\FWU.Exam.Management\FWU.Exam.Management.Web\FWU.Exam.Management.Web.csproj]
D:\FWU.EMIS\FWU.Exam.Management\FWU.Exam.Management.Web\Controllers\TenantsController.cs(255,40): warning CS8604: Possible null reference argument for parameter 'source' in 'Task<int> EntityFrameworkQueryableExtensions.CountAsync<AcademicYear>(IQueryable<AcademicYear> source, CancellationToken cancellationToken = default(CancellationToken))'. [D:\FWU.EMIS\FWU.Exam.Management\FWU.Exam.Management.Web\FWU.Exam.Management.Web.csproj]
D:\FWU.EMIS\FWU.Exam.Management\FWU.Exam.Management.Web\Controllers\TenantsController.cs(256,34): warning CS8604: Possible null reference argument for parameter 'source' in 'Task<int> EntityFrameworkQueryableExtensions.CountAsync<StudentRegistration>(IQueryable<StudentRegistration> source, Expression<Func<StudentRegistration, bool>> predicate, CancellationToken cancellationToken = default(CancellationToken))'. [D:\FWU.EMIS\FWU.Exam.Management\FWU.Exam.Management.Web\FWU.Exam.Management.Web.csproj]
D:\FWU.EMIS\FWU.Exam.Management\FWU.Exam.Management.Web\Controllers\TenantsController.cs(257,40): warning CS8604: Possible null reference argument for parameter 'source' in 'Task<int> EntityFrameworkQueryableExtensions.CountAsync<ExamSchedule>(IQueryable<ExamSchedule> source, Expression<Func<ExamSchedule, bool>> predicate, CancellationToken cancellationToken = default(CancellationToken))'. [D:\FWU.EMIS\FWU.Exam.Management\FWU.Exam.Management.Web\FWU.Exam.Management.Web.csproj]
D:\FWU.EMIS\FWU.Exam.Management\FWU.Exam.Management.Web\Data\Seeders\AcademicStructureSeeder.cs(215,28): warning CS8604: Possible null reference argument for parameter 'source' in 'IQueryable<College> EntityFrameworkQueryableExtensions.IgnoreQueryFilters<College>(IQueryable<College> source)'. [D:\FWU.EMIS\FWU.Exam.Management\FWU.Exam.Management.Web\FWU.Exam.Management.Web.csproj]
D:\FWU.EMIS\FWU.Exam.Management\FWU.Exam.Management.Web\Areas\Core\Controllers\SmsConfigurationsController.cs(263,32): warning CS8602: Dereference of a possibly null reference. [D:\FWU.EMIS\FWU.Exam.Management\FWU.Exam.Management.Web\FWU.Exam.Management.Web.csproj]
D:\FWU.EMIS\FWU.Exam.Management\FWU.Exam.Management.Web\Areas\Core\Controllers\SmsConfigurationsController.cs(279,16): warning CS8604: Possible null reference argument for parameter 'source' in 'bool Queryable.Any<SmsConfiguration>(IQueryable<SmsConfiguration> source, Expression<Func<SmsConfiguration, bool>> predicate)'. [D:\FWU.EMIS\FWU.Exam.Management\FWU.Exam.Management.Web\FWU.Exam.Management.Web.csproj]
D:\FWU.EMIS\FWU.Exam.Management\FWU.Exam.Management.Web\Areas\Subjects\Controllers\SubjectOfferingsController.cs(185,32): warning CS8604: Possible null reference argument for parameter 'source' in 'IEnumerable<SubjectOfferingItemViewModel> Enumerable.Where<SubjectOfferingItemViewModel>(IEnumerable<SubjectOfferingItemViewModel> source, Func<SubjectOfferingItemViewModel, bool> predicate)'. [D:\FWU.EMIS\FWU.Exam.Management\FWU.Exam.Management.Web\FWU.Exam.Management.Web.csproj]
D:\FWU.EMIS\FWU.Exam.Management\FWU.Exam.Management.Web\Areas\Subjects\Controllers\SubjectOfferingsController.cs(198,29): warning CS8604: Possible null reference argument for parameter 'source' in 'IEnumerable<SubjectOffering> Enumerable.Select<SubjectOfferingItemViewModel, SubjectOffering>(IEnumerable<SubjectOfferingItemViewModel> source, Func<SubjectOfferingItemViewModel, SubjectOffering> selector)'. [D:\FWU.EMIS\FWU.Exam.Management\FWU.Exam.Management.Web\FWU.Exam.Management.Web.csproj]
D:\FWU.EMIS\FWU.Exam.Management\FWU.Exam.Management.Web\Data\Seeders\GradingSeeder.cs(13,19): warning CS8604: Possible null reference argument for parameter 'source' in 'Task<bool> EntityFrameworkQueryableExtensions.AnyAsync<GradingScheme>(IQueryable<GradingScheme> source, CancellationToken cancellationToken = default(CancellationToken))'. [D:\FWU.EMIS\FWU.Exam.Management\FWU.Exam.Management.Web\FWU.Exam.Management.Web.csproj]
D:\FWU.EMIS\FWU.Exam.Management\FWU.Exam.Management.Web\Data\Seeders\GradingSeeder.cs(16,29): warning CS8604: Possible null reference argument for parameter 'source' in 'Task<Program?> EntityFrameworkQueryableExtensions.FirstOrDefaultAsync<Program>(IQueryable<Program> source, Expression<Func<Program, bool>> predicate, CancellationToken cancellationToken = default(CancellationToken))'. [D:\FWU.EMIS\FWU.Exam.Management\FWU.Exam.Management.Web\FWU.Exam.Management.Web.csproj]
D:\FWU.EMIS\FWU.Exam.Management\FWU.Exam.Management.Web\Data\Seeders\GradingSeeder.cs(41,15): warning CS8602: Dereference of a possibly null reference. [D:\FWU.EMIS\FWU.Exam.Management\FWU.Exam.Management.Web\FWU.Exam.Management.Web.csproj]
D:\FWU.EMIS\FWU.Exam.Management\FWU.Exam.Management.Web\Controllers\TenantsController.cs(267,32): warning CS8602: Dereference of a possibly null reference. [D:\FWU.EMIS\FWU.Exam.Management\FWU.Exam.Management.Web\FWU.Exam.Management.Web.csproj]
D:\FWU.EMIS\FWU.Exam.Management\FWU.Exam.Management.Web\Controllers\TenantsController.cs(271,35): warning CS8604: Possible null reference argument for parameter 'source' in 'IQueryable<Faculty> Queryable.Where<Faculty>(IQueryable<Faculty> source, Expression<Func<Faculty, bool>> predicate)'. [D:\FWU.EMIS\FWU.Exam.Management\FWU.Exam.Management.Web\FWU.Exam.Management.Web.csproj]
D:\FWU.EMIS\FWU.Exam.Management\FWU.Exam.Management.Web\Data\Seeders\WorkflowTestDataSeeder.cs(22,19): warning CS8604: Possible null reference argument for parameter 'source' in 'Task<bool> EntityFrameworkQueryableExtensions.AnyAsync<Tenant>(IQueryable<Tenant> source, Expression<Func<Tenant, bool>> predicate, CancellationToken cancellationToken = default(CancellationToken))'. [D:\FWU.EMIS\FWU.Exam.Management\FWU.Exam.Management.Web\FWU.Exam.Management.Web.csproj]
D:\FWU.EMIS\FWU.Exam.Management\FWU.Exam.Management.Web\Data\Seeders\WorkflowTestDataSeeder.cs(52,15): warning CS8602: Dereference of a possibly null reference. [D:\FWU.EMIS\FWU.Exam.Management\FWU.Exam.Management.Web\FWU.Exam.Management.Web.csproj]
D:\FWU.EMIS\FWU.Exam.Management\FWU.Exam.Management.Web\Data\Seeders\WorkflowTestDataSeeder.cs(65,15): warning CS8602: Dereference of a possibly null reference. [D:\FWU.EMIS\FWU.Exam.Management\FWU.Exam.Management.Web\FWU.Exam.Management.Web.csproj]
D:\FWU.EMIS\FWU.Exam.Management\FWU.Exam.Management.Web\Data\Seeders\WorkflowTestDataSeeder.cs(77,15): warning CS8602: Dereference of a possibly null reference. [D:\FWU.EMIS\FWU.Exam.Management\FWU.Exam.Management.Web\FWU.Exam.Management.Web.csproj]
D:\FWU.EMIS\FWU.Exam.Management\FWU.Exam.Management.Web\Data\Seeders\WorkflowTestDataSeeder.cs(110,15): warning CS8602: Dereference of a possibly null reference. [D:\FWU.EMIS\FWU.Exam.Management\FWU.Exam.Management.Web\FWU.Exam.Management.Web.csproj]
D:\FWU.EMIS\FWU.Exam.Management\FWU.Exam.Management.Web\Data\Seeders\WorkflowTestDataSeeder.cs(137,15): warning CS8602: Dereference of a possibly null reference. [D:\FWU.EMIS\FWU.Exam.Management\FWU.Exam.Management.Web\FWU.Exam.Management.Web.csproj]
D:\FWU.EMIS\FWU.Exam.Management\FWU.Exam.Management.Web\Data\Seeders\WorkflowTestDataSeeder.cs(167,15): warning CS8602: Dereference of a possibly null reference. [D:\FWU.EMIS\FWU.Exam.Management\FWU.Exam.Management.Web\FWU.Exam.Management.Web.csproj]
D:\FWU.EMIS\FWU.Exam.Management\FWU.Exam.Management.Web\Data\Seeders\WorkflowTestDataSeeder.cs(175,15): warning CS8602: Dereference of a possibly null reference. [D:\FWU.EMIS\FWU.Exam.Management\FWU.Exam.Management.Web\FWU.Exam.Management.Web.csproj]
D:\FWU.EMIS\FWU.Exam.Management\FWU.Exam.Management.Web\Data\Seeders\WorkflowTestDataSeeder.cs(193,15): warning CS8602: Dereference of a possibly null reference. [D:\FWU.EMIS\FWU.Exam.Management\FWU.Exam.Management.Web\FWU.Exam.Management.Web.csproj]
D:\FWU.EMIS\FWU.Exam.Management\FWU.Exam.Management.Web\Data\Seeders\WorkflowTestDataSeeder.cs(204,15): warning CS8602: Dereference of a possibly null reference. [D:\FWU.EMIS\FWU.Exam.Management\FWU.Exam.Management.Web\FWU.Exam.Management.Web.csproj]
D:\FWU.EMIS\FWU.Exam.Management\FWU.Exam.Management.Web\Data\Seeders\WorkflowTestDataSeeder.cs(216,15): warning CS8602: Dereference of a possibly null reference. [D:\FWU.EMIS\FWU.Exam.Management\FWU.Exam.Management.Web\FWU.Exam.Management.Web.csproj]
D:\FWU.EMIS\FWU.Exam.Management\FWU.Exam.Management.Web\Data\Seeders\WorkflowTestDataSeeder.cs(239,15): warning CS8602: Dereference of a possibly null reference. [D:\FWU.EMIS\FWU.Exam.Management\FWU.Exam.Management.Web\FWU.Exam.Management.Web.csproj]
D:\FWU.EMIS\FWU.Exam.Management\FWU.Exam.Management.Web\Data\Seeders\WorkflowTestDataSeeder.cs(242,48): warning CS8602: Dereference of a possibly null reference. [D:\FWU.EMIS\FWU.Exam.Management\FWU.Exam.Management.Web\FWU.Exam.Management.Web.csproj]
D:\FWU.EMIS\FWU.Exam.Management\FWU.Exam.Management.Web\Data\Seeders\WorkflowTestDataSeeder.cs(243,46): warning CS8602: Dereference of a possibly null reference. [D:\FWU.EMIS\FWU.Exam.Management\FWU.Exam.Management.Web\FWU.Exam.Management.Web.csproj]
D:\FWU.EMIS\FWU.Exam.Management\FWU.Exam.Management.Web\Data\Seeders\WorkflowTestDataSeeder.cs(293,15): warning CS8602: Dereference of a possibly null reference. [D:\FWU.EMIS\FWU.Exam.Management\FWU.Exam.Management.Web\FWU.Exam.Management.Web.csproj]
D:\FWU.EMIS\FWU.Exam.Management\FWU.Exam.Management.Web\Data\Seeders\WorkflowTestDataSeeder.cs(306,15): warning CS8602: Dereference of a possibly null reference. [D:\FWU.EMIS\FWU.Exam.Management\FWU.Exam.Management.Web\FWU.Exam.Management.Web.csproj]
D:\FWU.EMIS\FWU.Exam.Management\FWU.Exam.Management.Web\Data\Seeders\WorkflowTestDataSeeder.cs(313,15): warning CS8602: Dereference of a possibly null reference. [D:\FWU.EMIS\FWU.Exam.Management\FWU.Exam.Management.Web\FWU.Exam.Management.Web.csproj]
D:\FWU.EMIS\FWU.Exam.Management\FWU.Exam.Management.Web\Data\Seeders\WorkflowTestDataSeeder.cs(332,15): warning CS8602: Dereference of a possibly null reference. [D:\FWU.EMIS\FWU.Exam.Management\FWU.Exam.Management.Web\FWU.Exam.Management.Web.csproj]
D:\FWU.EMIS\FWU.Exam.Management\FWU.Exam.Management.Web\Data\Seeders\WorkflowTestDataSeeder.cs(346,15): warning CS8602: Dereference of a possibly null reference. [D:\FWU.EMIS\FWU.Exam.Management\FWU.Exam.Management.Web\FWU.Exam.Management.Web.csproj]
D:\FWU.EMIS\FWU.Exam.Management\FWU.Exam.Management.Web\Data\Seeders\WorkflowTestDataSeeder.cs(358,15): warning CS8602: Dereference of a possibly null reference. [D:\FWU.EMIS\FWU.Exam.Management\FWU.Exam.Management.Web\FWU.Exam.Management.Web.csproj]
D:\FWU.EMIS\FWU.Exam.Management\FWU.Exam.Management.Web\Data\Seeders\WorkflowTestDataSeeder.cs(371,15): warning CS8602: Dereference of a possibly null reference. [D:\FWU.EMIS\FWU.Exam.Management\FWU.Exam.Management.Web\FWU.Exam.Management.Web.csproj]
D:\FWU.EMIS\FWU.Exam.Management\FWU.Exam.Management.Web\Data\Seeders\WorkflowTestDataSeeder.cs(450,9): warning CS8602: Dereference of a possibly null reference. [D:\FWU.EMIS\FWU.Exam.Management\FWU.Exam.Management.Web\FWU.Exam.Management.Web.csproj]
D:\FWU.EMIS\FWU.Exam.Management\FWU.Exam.Management.Web\Data\Seeders\WorkflowTestDataSeeder.cs(554,9): warning CS8602: Dereference of a possibly null reference. [D:\FWU.EMIS\FWU.Exam.Management\FWU.Exam.Management.Web\FWU.Exam.Management.Web.csproj]
D:\FWU.EMIS\FWU.Exam.Management\FWU.Exam.Management.Web\Data\Seeders\WorkflowTestDataSeeder.cs(586,15): warning CS8602: Dereference of a possibly null reference. [D:\FWU.EMIS\FWU.Exam.Management\FWU.Exam.Management.Web\FWU.Exam.Management.Web.csproj]
D:\FWU.EMIS\FWU.Exam.Management\FWU.Exam.Management.Web\Data\Seeders\WorkflowTestDataSeeder.cs(615,9): warning CS8602: Dereference of a possibly null reference. [D:\FWU.EMIS\FWU.Exam.Management\FWU.Exam.Management.Web\FWU.Exam.Management.Web.csproj]
D:\FWU.EMIS\FWU.Exam.Management\FWU.Exam.Management.Web\Data\Seeders\WorkflowTestDataSeeder.cs(621,15): warning CS8602: Dereference of a possibly null reference. [D:\FWU.EMIS\FWU.Exam.Management\FWU.Exam.Management.Web\FWU.Exam.Management.Web.csproj]
D:\FWU.EMIS\FWU.Exam.Management\FWU.Exam.Management.Web\Data\Seeders\WorkflowTestDataSeeder.cs(639,9): warning CS8602: Dereference of a possibly null reference. [D:\FWU.EMIS\FWU.Exam.Management\FWU.Exam.Management.Web\FWU.Exam.Management.Web.csproj]
D:\FWU.EMIS\FWU.Exam.Management\FWU.Exam.Management.Web\Data\Seeders\WorkflowTestDataSeeder.cs(672,13): warning CS8602: Dereference of a possibly null reference. [D:\FWU.EMIS\FWU.Exam.Management\FWU.Exam.Management.Web\FWU.Exam.Management.Web.csproj]
D:\FWU.EMIS\FWU.Exam.Management\FWU.Exam.Management.Web\Areas\Subjects\Controllers\SubjectCatalogsController.cs(148,48): warning CS8604: Possible null reference argument for parameter 'item' in 'bool HashSet<string>.Add(string item)'. [D:\FWU.EMIS\FWU.Exam.Management\FWU.Exam.Management.Web\FWU.Exam.Management.Web.csproj]
D:\FWU.EMIS\FWU.Exam.Management\FWU.Exam.Management.Web\Areas\Subjects\Controllers\SubjectCatalogsController.cs(203,40): warning CS8604: Possible null reference argument for parameter 'field' in 'string SubjectCatalogsController.EscapeCsv(string field)'. [D:\FWU.EMIS\FWU.Exam.Management\FWU.Exam.Management.Web\FWU.Exam.Management.Web.csproj]
D:\FWU.EMIS\FWU.Exam.Management\FWU.Exam.Management.Web\Data\Seeders\UserSeeder.cs(44,36): warning CS8604: Possible null reference argument for parameter 'source' in 'Task<Faculty?> EntityFrameworkQueryableExtensions.FirstOrDefaultAsync<Faculty>(IQueryable<Faculty> source, Expression<Func<Faculty, bool>> predicate, CancellationToken cancellationToken = default(CancellationToken))'. [D:\FWU.EMIS\FWU.Exam.Management\FWU.Exam.Management.Web\FWU.Exam.Management.Web.csproj]
D:\FWU.EMIS\FWU.Exam.Management\FWU.Exam.Management.Web\Data\Seeders\UserSeeder.cs(48,37): warning CS8604: Possible null reference argument for parameter 'source' in 'Task<College?> EntityFrameworkQueryableExtensions.FirstOrDefaultAsync<College>(IQueryable<College> source, Expression<Func<College, bool>> predicate, CancellationToken cancellationToken = default(CancellationToken))'. [D:\FWU.EMIS\FWU.Exam.Management\FWU.Exam.Management.Web\FWU.Exam.Management.Web.csproj]
D:\FWU.EMIS\FWU.Exam.Management\FWU.Exam.Management.Web\Data\Seeders\ReferenceDataSeeder.cs(48,19): warning CS8604: Possible null reference argument for parameter 'source' in 'Task<bool> EntityFrameworkQueryableExtensions.AnyAsync<Gender>(IQueryable<Gender> source, CancellationToken cancellationToken = default(CancellationToken))'. [D:\FWU.EMIS\FWU.Exam.Management\FWU.Exam.Management.Web\FWU.Exam.Management.Web.csproj]
D:\FWU.EMIS\FWU.Exam.Management\FWU.Exam.Management.Web\Data\Seeders\ReferenceDataSeeder.cs(68,15): warning CS8602: Dereference of a possibly null reference. [D:\FWU.EMIS\FWU.Exam.Management\FWU.Exam.Management.Web\FWU.Exam.Management.Web.csproj]
D:\FWU.EMIS\FWU.Exam.Management\FWU.Exam.Management.Web\Data\Seeders\ReferenceDataSeeder.cs(76,15): warning CS8602: Dereference of a possibly null reference. [D:\FWU.EMIS\FWU.Exam.Management\FWU.Exam.Management.Web\FWU.Exam.Management.Web.csproj]
D:\FWU.EMIS\FWU.Exam.Management\FWU.Exam.Management.Web\Data\Seeders\ReferenceDataSeeder.cs(87,15): warning CS8602: Dereference of a possibly null reference. [D:\FWU.EMIS\FWU.Exam.Management\FWU.Exam.Management.Web\FWU.Exam.Management.Web.csproj]
D:\FWU.EMIS\FWU.Exam.Management\FWU.Exam.Management.Web\Data\Seeders\ReferenceDataSeeder.cs(124,15): warning CS8602: Dereference of a possibly null reference. [D:\FWU.EMIS\FWU.Exam.Management\FWU.Exam.Management.Web\FWU.Exam.Management.Web.csproj]
D:\FWU.EMIS\FWU.Exam.Management\FWU.Exam.Management.Web\Data\Seeders\ReferenceDataSeeder.cs(128,20): warning CS8604: Possible null reference argument for parameter 'source' in 'Task<bool> EntityFrameworkQueryableExtensions.AnyAsync<Faculty>(IQueryable<Faculty> source, CancellationToken cancellationToken = default(CancellationToken))'. [D:\FWU.EMIS\FWU.Exam.Management\FWU.Exam.Management.Web\FWU.Exam.Management.Web.csproj]
D:\FWU.EMIS\FWU.Exam.Management\FWU.Exam.Management.Web\Data\Seeders\ReferenceDataSeeder.cs(130,35): warning CS8604: Possible null reference argument for parameter 'source' in 'Task<Tenant?> EntityFrameworkQueryableExtensions.FirstOrDefaultAsync<Tenant>(IQueryable<Tenant> source, Expression<Func<Tenant, bool>> predicate, CancellationToken cancellationToken = default(CancellationToken))'. [D:\FWU.EMIS\FWU.Exam.Management\FWU.Exam.Management.Web\FWU.Exam.Management.Web.csproj]
D:\FWU.EMIS\FWU.Exam.Management\FWU.Exam.Management.Web\Data\Seeders\ReferenceDataSeeder.cs(163,9): warning CS8602: Dereference of a possibly null reference. [D:\FWU.EMIS\FWU.Exam.Management\FWU.Exam.Management.Web\FWU.Exam.Management.Web.csproj]
D:\FWU.EMIS\FWU.Exam.Management\FWU.Exam.Management.Web\Data\Seeders\ReferenceDataSeeder.cs(178,20): warning CS8604: Possible null reference argument for parameter 'source' in 'Task<bool> EntityFrameworkQueryableExtensions.AnyAsync<Tenant>(IQueryable<Tenant> source, CancellationToken cancellationToken = default(CancellationToken))'. [D:\FWU.EMIS\FWU.Exam.Management\FWU.Exam.Management.Web\FWU.Exam.Management.Web.csproj]
D:\FWU.EMIS\FWU.Exam.Management\FWU.Exam.Management.Web\Areas\Students\Controllers\StudentRegistrationsController.cs(31,26): warning CS8604: Possible null reference argument for parameter 'source' in 'IQueryable<College> Queryable.Where<College>(IQueryable<College> source, Expression<Func<College, bool>> predicate)'. [D:\FWU.EMIS\FWU.Exam.Management\FWU.Exam.Management.Web\FWU.Exam.Management.Web.csproj]
D:\FWU.EMIS\FWU.Exam.Management\FWU.Exam.Management.Web\Areas\Students\Controllers\StudentRegistrationsController.cs(32,29): warning CS8604: Possible null reference argument for parameter 'source' in 'bool Enumerable.Any<Faculty>(IEnumerable<Faculty> source, Func<Faculty, bool> predicate)'. [D:\FWU.EMIS\FWU.Exam.Management\FWU.Exam.Management.Web\FWU.Exam.Management.Web.csproj]
D:\FWU.EMIS\FWU.Exam.Management\FWU.Exam.Management.Web\Data\Seeders\ReferenceDataSeeder.cs(212,31): warning CS8604: Possible null reference argument for parameter 'source' in 'Task<Tenant?> EntityFrameworkQueryableExtensions.FirstOrDefaultAsync<Tenant>(IQueryable<Tenant> source, Expression<Func<Tenant, bool>> predicate, CancellationToken cancellationToken = default(CancellationToken))'. [D:\FWU.EMIS\FWU.Exam.Management\FWU.Exam.Management.Web\FWU.Exam.Management.Web.csproj]
D:\FWU.EMIS\FWU.Exam.Management\FWU.Exam.Management.Web\Data\Seeders\ReferenceDataSeeder.cs(230,34): warning CS8604: Possible null reference argument for parameter 'source' in 'Task<Faculty?> EntityFrameworkQueryableExtensions.FirstOrDefaultAsync<Faculty>(IQueryable<Faculty> source, Expression<Func<Faculty, bool>> predicate, CancellationToken cancellationToken = default(CancellationToken))'. [D:\FWU.EMIS\FWU.Exam.Management\FWU.Exam.Management.Web\FWU.Exam.Management.Web.csproj]
D:\FWU.EMIS\FWU.Exam.Management\FWU.Exam.Management.Web\Data\Seeders\ReferenceDataSeeder.cs(246,21): warning CS8604: Possible null reference argument for parameter 'source' in 'Task<Faculty?> EntityFrameworkQueryableExtensions.FirstOrDefaultAsync<Faculty>(IQueryable<Faculty> source, Expression<Func<Faculty, bool>> predicate, CancellationToken cancellationToken = default(CancellationToken))'. [D:\FWU.EMIS\FWU.Exam.Management\FWU.Exam.Management.Web\FWU.Exam.Management.Web.csproj]
D:\FWU.EMIS\FWU.Exam.Management\FWU.Exam.Management.Web\Data\Seeders\ReferenceDataSeeder.cs(253,29): warning CS8604: Possible null reference argument for parameter 'source' in 'Task<Department?> EntityFrameworkQueryableExtensions.FirstOrDefaultAsync<Department>(IQueryable<Department> source, Expression<Func<Department, bool>> predicate, CancellationToken cancellationToken = default(CancellationToken))'. [D:\FWU.EMIS\FWU.Exam.Management\FWU.Exam.Management.Web\FWU.Exam.Management.Web.csproj]
D:\FWU.EMIS\FWU.Exam.Management\FWU.Exam.Management.Web\Data\Seeders\ReferenceDataSeeder.cs(282,35): warning CS8604: Possible null reference argument for parameter 'source' in 'Task<Level?> EntityFrameworkQueryableExtensions.FirstOrDefaultAsync<Level>(IQueryable<Level> source, Expression<Func<Level, bool>> predicate, CancellationToken cancellationToken = default(CancellationToken))'. [D:\FWU.EMIS\FWU.Exam.Management\FWU.Exam.Management.Web\FWU.Exam.Management.Web.csproj]
D:\FWU.EMIS\FWU.Exam.Management\FWU.Exam.Management.Web\Data\Seeders\ReferenceDataSeeder.cs(284,20): warning CS8604: Possible null reference argument for parameter 'source' in 'Task<bool> EntityFrameworkQueryableExtensions.AnyAsync<Program>(IQueryable<Program> source, Expression<Func<Program, bool>> predicate, CancellationToken cancellationToken = default(CancellationToken))'. [D:\FWU.EMIS\FWU.Exam.Management\FWU.Exam.Management.Web\FWU.Exam.Management.Web.csproj]
D:\FWU.EMIS\FWU.Exam.Management\FWU.Exam.Management.Web\Data\Seeders\ReferenceDataSeeder.cs(307,20): warning CS8604: Possible null reference argument for parameter 'source' in 'IQueryable<College> EntityFrameworkQueryableExtensions.IgnoreQueryFilters<College>(IQueryable<College> source)'. [D:\FWU.EMIS\FWU.Exam.Management\FWU.Exam.Management.Web\FWU.Exam.Management.Web.csproj]
D:\FWU.EMIS\FWU.Exam.Management\FWU.Exam.Management.Web\Data\Seeders\ReferenceDataSeeder.cs(345,28): warning CS8604: Possible null reference argument for parameter 'source' in 'IQueryable<CollegeProgram> EntityFrameworkQueryableExtensions.IgnoreQueryFilters<CollegeProgram>(IQueryable<CollegeProgram> source)'. [D:\FWU.EMIS\FWU.Exam.Management\FWU.Exam.Management.Web\FWU.Exam.Management.Web.csproj]
D:\FWU.EMIS\FWU.Exam.Management\FWU.Exam.Management.Web\Data\Seeders\ReferenceDataSeeder.cs(359,28): warning CS8604: Possible null reference argument for parameter 'source' in 'IQueryable<CollegeProgram> EntityFrameworkQueryableExtensions.IgnoreQueryFilters<CollegeProgram>(IQueryable<CollegeProgram> source)'. [D:\FWU.EMIS\FWU.Exam.Management\FWU.Exam.Management.Web\FWU.Exam.Management.Web.csproj]
D:\FWU.EMIS\FWU.Exam.Management\FWU.Exam.Management.Web\Data\Seeders\ReferenceDataSeeder.cs(434,19): warning CS8604: Possible null reference argument for parameter 'source' in 'Task<bool> EntityFrameworkQueryableExtensions.AnyAsync<ESewaConfiguration>(IQueryable<ESewaConfiguration> source, CancellationToken cancellationToken = default(CancellationToken))'. [D:\FWU.EMIS\FWU.Exam.Management\FWU.Exam.Management.Web\FWU.Exam.Management.Web.csproj]
D:\FWU.EMIS\FWU.Exam.Management\FWU.Exam.Management.Web\Data\Seeders\ReferenceDataSeeder.cs(454,19): warning CS8604: Possible null reference argument for parameter 'source' in 'Task<bool> EntityFrameworkQueryableExtensions.AnyAsync<KhaltiConfiguration>(IQueryable<KhaltiConfiguration> source, CancellationToken cancellationToken = default(CancellationToken))'. [D:\FWU.EMIS\FWU.Exam.Management\FWU.Exam.Management.Web\FWU.Exam.Management.Web.csproj]
D:\FWU.EMIS\FWU.Exam.Management\FWU.Exam.Management.Web\Data\Seeders\ReferenceDataSeeder.cs(476,19): warning CS8604: Possible null reference argument for parameter 'source' in 'Task<bool> EntityFrameworkQueryableExtensions.AnyAsync<ConnectIpsPaymentConfiguration>(IQueryable<ConnectIpsPaymentConfiguration> source, CancellationToken cancellationToken = default(CancellationToken))'. [D:\FWU.EMIS\FWU.Exam.Management\FWU.Exam.Management.Web\FWU.Exam.Management.Web.csproj]
D:\FWU.EMIS\FWU.Exam.Management\FWU.Exam.Management.Web\Areas\Students\Controllers\StudentRegistrationsController.cs(442,45): warning CS8604: Possible null reference argument for parameter 's' in 'int int.Parse(string s)'. [D:\FWU.EMIS\FWU.Exam.Management\FWU.Exam.Management.Web\FWU.Exam.Management.Web.csproj]
D:\FWU.EMIS\FWU.Exam.Management\FWU.Exam.Management.Web\Areas\Students\Controllers\StudentRegistrationsController.cs(443,37): warning CS8604: Possible null reference argument for parameter 's' in 'int int.Parse(string s)'. [D:\FWU.EMIS\FWU.Exam.Management\FWU.Exam.Management.Web\FWU.Exam.Management.Web.csproj]
D:\FWU.EMIS\FWU.Exam.Management\FWU.Exam.Management.Web\Areas\Students\Controllers\StudentRegistrationsController.cs(480,81): warning CS8625: Cannot convert null literal to non-nullable reference type. [D:\FWU.EMIS\FWU.Exam.Management\FWU.Exam.Management.Web\FWU.Exam.Management.Web.csproj]
D:\FWU.EMIS\FWU.Exam.Management\FWU.Exam.Management.Web\Areas\Students\Controllers\StudentRegistrationsController.cs(521,30): warning CS8604: Possible null reference argument for parameter 'source' in 'IQueryable<College> Queryable.Where<College>(IQueryable<College> source, Expression<Func<College, bool>> predicate)'. [D:\FWU.EMIS\FWU.Exam.Management\FWU.Exam.Management.Web\FWU.Exam.Management.Web.csproj]
D:\FWU.EMIS\FWU.Exam.Management\FWU.Exam.Management.Web\Areas\Students\Controllers\StudentRegistrationsController.cs(522,25): warning CS8604: Possible null reference argument for parameter 'source' in 'bool Enumerable.Any<Faculty>(IEnumerable<Faculty> source, Func<Faculty, bool> predicate)'. [D:\FWU.EMIS\FWU.Exam.Management\FWU.Exam.Management.Web\FWU.Exam.Management.Web.csproj]
D:\FWU.EMIS\FWU.Exam.Management\FWU.Exam.Management.Web\Data\Seeders\LocationSeeder.cs(14,19): warning CS8604: Possible null reference argument for parameter 'source' in 'Task<bool> EntityFrameworkQueryableExtensions.AnyAsync<Province>(IQueryable<Province> source, CancellationToken cancellationToken = default(CancellationToken))'. [D:\FWU.EMIS\FWU.Exam.Management\FWU.Exam.Management.Web\FWU.Exam.Management.Web.csproj]
D:\FWU.EMIS\FWU.Exam.Management\FWU.Exam.Management.Web\Data\Seeders\LocationSeeder.cs(119,15): warning CS8602: Dereference of a possibly null reference. [D:\FWU.EMIS\FWU.Exam.Management\FWU.Exam.Management.Web\FWU.Exam.Management.Web.csproj]
D:\FWU.EMIS\FWU.Exam.Management\FWU.Exam.Management.Web\Data\Seeders\LocationSeeder.cs(126,15): warning CS8602: Dereference of a possibly null reference. [D:\FWU.EMIS\FWU.Exam.Management\FWU.Exam.Management.Web\FWU.Exam.Management.Web.csproj]
D:\FWU.EMIS\FWU.Exam.Management\FWU.Exam.Management.Web\Areas\Students\Controllers\StudentDashboardController.cs(25,28): warning CS9113: Parameter 'retotalRequestService' is unread. [D:\FWU.EMIS\FWU.Exam.Management\FWU.Exam.Management.Web\FWU.Exam.Management.Web.csproj]
D:\FWU.EMIS\FWU.Exam.Management\FWU.Exam.Management.Web\Areas\Students\Controllers\StudentDashboardController.cs(121,25): warning CS8602: Dereference of a possibly null reference. [D:\FWU.EMIS\FWU.Exam.Management\FWU.Exam.Management.Web\FWU.Exam.Management.Web.csproj]
D:\FWU.EMIS\FWU.Exam.Management\FWU.Exam.Management.Web\Data\Seeders\NaturalResourceManagementSeeder.cs(14,32): warning CS8604: Possible null reference argument for parameter 'source' in 'Task<Faculty?> EntityFrameworkQueryableExtensions.FirstOrDefaultAsync<Faculty>(IQueryable<Faculty> source, Expression<Func<Faculty, bool>> predicate, CancellationToken cancellationToken = default(CancellationToken))'. [D:\FWU.EMIS\FWU.Exam.Management\FWU.Exam.Management.Web\FWU.Exam.Management.Web.csproj]
D:\FWU.EMIS\FWU.Exam.Management\FWU.Exam.Management.Web\Data\Seeders\NaturalResourceManagementSeeder.cs(15,35): warning CS8604: Possible null reference argument for parameter 'source' in 'Task<Level?> EntityFrameworkQueryableExtensions.FirstOrDefaultAsync<Level>(IQueryable<Level> source, Expression<Func<Level, bool>> predicate, CancellationToken cancellationToken = default(CancellationToken))'. [D:\FWU.EMIS\FWU.Exam.Management\FWU.Exam.Management.Web\FWU.Exam.Management.Web.csproj]
D:\FWU.EMIS\FWU.Exam.Management\FWU.Exam.Management.Web\Data\Seeders\NaturalResourceManagementSeeder.cs(20,20): warning CS8604: Possible null reference argument for parameter 'source' in 'Task<bool> EntityFrameworkQueryableExtensions.AnyAsync<Department>(IQueryable<Department> source, Expression<Func<Department, bool>> predicate, CancellationToken cancellationToken = default(CancellationToken))'. [D:\FWU.EMIS\FWU.Exam.Management\FWU.Exam.Management.Web\FWU.Exam.Management.Web.csproj]
D:\FWU.EMIS\FWU.Exam.Management\FWU.Exam.Management.Web\Data\Seeders\NaturalResourceManagementSeeder.cs(55,20): warning CS8604: Possible null reference argument for parameter 'source' in 'IQueryable<College> EntityFrameworkQueryableExtensions.IgnoreQueryFilters<College>(IQueryable<College> source)'. [D:\FWU.EMIS\FWU.Exam.Management\FWU.Exam.Management.Web\FWU.Exam.Management.Web.csproj]
D:\FWU.EMIS\FWU.Exam.Management\FWU.Exam.Management.Web\Data\Seeders\NaturalResourceManagementSeeder.cs(81,37): warning CS8604: Possible null reference argument for parameter 'source' in 'IQueryable<Program> Queryable.Where<Program>(IQueryable<Program> source, Expression<Func<Program, bool>> predicate)'. [D:\FWU.EMIS\FWU.Exam.Management\FWU.Exam.Management.Web\FWU.Exam.Management.Web.csproj]
D:\FWU.EMIS\FWU.Exam.Management\FWU.Exam.Management.Web\Data\Seeders\NaturalResourceManagementSeeder.cs(84,28): warning CS8604: Possible null reference argument for parameter 'source' in 'IQueryable<CollegeProgram> EntityFrameworkQueryableExtensions.IgnoreQueryFilters<CollegeProgram>(IQueryable<CollegeProgram> source)'. [D:\FWU.EMIS\FWU.Exam.Management\FWU.Exam.Management.Web\FWU.Exam.Management.Web.csproj]
D:\FWU.EMIS\FWU.Exam.Management\FWU.Exam.Management.Web\Data\Seeders\NaturalResourceManagementSeeder.cs(101,28): warning CS8604: Possible null reference argument for parameter 'source' in 'Task<bool> EntityFrameworkQueryableExtensions.AnyAsync<Program>(IQueryable<Program> source, Expression<Func<Program, bool>> predicate, CancellationToken cancellationToken = default(CancellationToken))'. [D:\FWU.EMIS\FWU.Exam.Management\FWU.Exam.Management.Web\FWU.Exam.Management.Web.csproj]
D:\FWU.EMIS\FWU.Exam.Management\FWU.Exam.Management.Web\Areas\Students\Controllers\StudentDashboardController.cs(637,30): warning CS8604: Possible null reference argument for parameter 'source' in 'IQueryable<RetotalRequest> EntityFrameworkQueryableExtensions.AsNoTracking<RetotalRequest>(IQueryable<RetotalRequest> source)'. [D:\FWU.EMIS\FWU.Exam.Management\FWU.Exam.Management.Web\FWU.Exam.Management.Web.csproj]
D:\FWU.EMIS\FWU.Exam.Management\FWU.Exam.Management.Web\Areas\Students\Controllers\StudentDashboardController.cs(641,37): warning CS8602: Dereference of a possibly null reference. [D:\FWU.EMIS\FWU.Exam.Management\FWU.Exam.Management.Web\FWU.Exam.Management.Web.csproj]
D:\FWU.EMIS\FWU.Exam.Management\FWU.Exam.Management.Web\Areas\Students\Controllers\StudentDashboardController.cs(642,40): warning CS8602: Dereference of a possibly null reference. [D:\FWU.EMIS\FWU.Exam.Management\FWU.Exam.Management.Web\FWU.Exam.Management.Web.csproj]
D:\FWU.EMIS\FWU.Exam.Management\FWU.Exam.Management.Web\Areas\Students\Controllers\StudentDashboardController.cs(644,36): warning CS8602: Dereference of a possibly null reference. [D:\FWU.EMIS\FWU.Exam.Management\FWU.Exam.Management.Web\FWU.Exam.Management.Web.csproj]
D:\FWU.EMIS\FWU.Exam.Management\FWU.Exam.Management.Web\Areas\Students\Controllers\StudentDashboardController.cs(661,32): warning CS8604: Possible null reference argument for parameter 'source' in 'IQueryable<ExamSubjectResult> EntityFrameworkQueryableExtensions.AsNoTracking<ExamSubjectResult>(IQueryable<ExamSubjectResult> source)'. [D:\FWU.EMIS\FWU.Exam.Management\FWU.Exam.Management.Web\FWU.Exam.Management.Web.csproj]
D:\FWU.EMIS\FWU.Exam.Management\FWU.Exam.Management.Web\Areas\Students\Controllers\StudentDashboardController.cs(664,40): warning CS8602: Dereference of a possibly null reference. [D:\FWU.EMIS\FWU.Exam.Management\FWU.Exam.Management.Web\FWU.Exam.Management.Web.csproj]
D:\FWU.EMIS\FWU.Exam.Management\FWU.Exam.Management.Web\Areas\Students\Controllers\StudentDashboardController.cs(666,40): warning CS8602: Dereference of a possibly null reference. [D:\FWU.EMIS\FWU.Exam.Management\FWU.Exam.Management.Web\FWU.Exam.Management.Web.csproj]
D:\FWU.EMIS\FWU.Exam.Management\FWU.Exam.Management.Web\Areas\Students\Controllers\StudentDashboardController.cs(692,28): warning CS8604: Possible null reference argument for parameter 'source' in 'IQueryable<ExamSubjectResult> EntityFrameworkQueryableExtensions.AsNoTracking<ExamSubjectResult>(IQueryable<ExamSubjectResult> source)'. [D:\FWU.EMIS\FWU.Exam.Management\FWU.Exam.Management.Web\FWU.Exam.Management.Web.csproj]
D:\FWU.EMIS\FWU.Exam.Management\FWU.Exam.Management.Web\Areas\Students\Controllers\StudentDashboardController.cs(698,37): warning CS8604: Possible null reference argument for parameter 'source' in 'Task<bool> EntityFrameworkQueryableExtensions.AnyAsync<RetotalRequest>(IQueryable<RetotalRequest> source, Expression<Func<RetotalRequest, bool>> predicate, CancellationToken cancellationToken = default(CancellationToken))'. [D:\FWU.EMIS\FWU.Exam.Management\FWU.Exam.Management.Web\FWU.Exam.Management.Web.csproj]
D:\FWU.EMIS\FWU.Exam.Management\FWU.Exam.Management.Web\Areas\Students\Controllers\StudentAdmissionsController.cs(18,113): warning CS9113: Parameter 'studentService' is unread. [D:\FWU.EMIS\FWU.Exam.Management\FWU.Exam.Management.Web\FWU.Exam.Management.Web.csproj]
D:\FWU.EMIS\FWU.Exam.Management\FWU.Exam.Management.Web\Areas\Students\Controllers\StudentAdmissionsController.cs(30,26): warning CS8604: Possible null reference argument for parameter 'source' in 'IQueryable<College> Queryable.Where<College>(IQueryable<College> source, Expression<Func<College, bool>> predicate)'. [D:\FWU.EMIS\FWU.Exam.Management\FWU.Exam.Management.Web\FWU.Exam.Management.Web.csproj]
D:\FWU.EMIS\FWU.Exam.Management\FWU.Exam.Management.Web\Areas\Students\Controllers\StudentAdmissionsController.cs(31,29): warning CS8604: Possible null reference argument for parameter 'source' in 'bool Enumerable.Any<Faculty>(IEnumerable<Faculty> source, Func<Faculty, bool> predicate)'. [D:\FWU.EMIS\FWU.Exam.Management\FWU.Exam.Management.Web\FWU.Exam.Management.Web.csproj]
D:\FWU.EMIS\FWU.Exam.Management\FWU.Exam.Management.Web\Areas\Students\Views\StudentRegistrations\Delete.cshtml(53,39): warning CS8602: Dereference of a possibly null reference. [D:\FWU.EMIS\FWU.Exam.Management\FWU.Exam.Management.Web\FWU.Exam.Management.Web.csproj]
D:\FWU.EMIS\FWU.Exam.Management\FWU.Exam.Management.Web\Areas\Students\Views\StudentRegistrations\Delete.cshtml(60,39): warning CS8602: Dereference of a possibly null reference. [D:\FWU.EMIS\FWU.Exam.Management\FWU.Exam.Management.Web\FWU.Exam.Management.Web.csproj]
D:\FWU.EMIS\FWU.Exam.Management\FWU.Exam.Management.Web\Areas\Students\Views\StudentRegistrations\Delete.cshtml(67,39): warning CS8602: Dereference of a possibly null reference. [D:\FWU.EMIS\FWU.Exam.Management\FWU.Exam.Management.Web\FWU.Exam.Management.Web.csproj]
D:\FWU.EMIS\FWU.Exam.Management\FWU.Exam.Management.Web\Areas\Students\Views\StudentRegistrations\Delete.cshtml(74,39): warning CS8602: Dereference of a possibly null reference. [D:\FWU.EMIS\FWU.Exam.Management\FWU.Exam.Management.Web\FWU.Exam.Management.Web.csproj]
D:\FWU.EMIS\FWU.Exam.Management\FWU.Exam.Management.Web\Areas\Students\Views\StudentRegistrations\Delete.cshtml(81,39): warning CS8602: Dereference of a possibly null reference. [D:\FWU.EMIS\FWU.Exam.Management\FWU.Exam.Management.Web\FWU.Exam.Management.Web.csproj]
D:\FWU.EMIS\FWU.Exam.Management\FWU.Exam.Management.Web\Areas\Students\Views\StudentRegistrations\Delete.cshtml(88,39): warning CS8602: Dereference of a possibly null reference. [D:\FWU.EMIS\FWU.Exam.Management\FWU.Exam.Management.Web\FWU.Exam.Management.Web.csproj]
D:\FWU.EMIS\FWU.Exam.Management\FWU.Exam.Management.Web\Areas\Students\Views\StudentRegistrations\Delete.cshtml(95,39): warning CS8602: Dereference of a possibly null reference. [D:\FWU.EMIS\FWU.Exam.Management\FWU.Exam.Management.Web\FWU.Exam.Management.Web.csproj]
D:\FWU.EMIS\FWU.Exam.Management\FWU.Exam.Management.Web\Areas\Students\Controllers\StudentAdmissionsController.cs(84,54): warning CS8604: Possible null reference argument for parameter 'source' in 'IQueryable<College> Queryable.Where<College>(IQueryable<College> source, Expression<Func<College, bool>> predicate)'. [D:\FWU.EMIS\FWU.Exam.Management\FWU.Exam.Management.Web\FWU.Exam.Management.Web.csproj]
D:\FWU.EMIS\FWU.Exam.Management\FWU.Exam.Management.Web\Areas\Students\Controllers\StudentAdmissionsController.cs(97,29): warning CS8604: Possible null reference argument for parameter 'source' in 'IQueryable<StudentRegistration> EntityFrameworkQueryableExtensions.AsNoTracking<StudentRegistration>(IQueryable<StudentRegistration> source)'. [D:\FWU.EMIS\FWU.Exam.Management\FWU.Exam.Management.Web\FWU.Exam.Management.Web.csproj]
D:\FWU.EMIS\FWU.Exam.Management\FWU.Exam.Management.Web\Areas\Students\Controllers\StudentAdmissionsController.cs(117,29): warning CS8604: Possible null reference argument for parameter 'source' in 'IQueryable<StudentRegistration> EntityFrameworkQueryableExtensions.AsNoTracking<StudentRegistration>(IQueryable<StudentRegistration> source)'. [D:\FWU.EMIS\FWU.Exam.Management\FWU.Exam.Management.Web\FWU.Exam.Management.Web.csproj]
D:\FWU.EMIS\FWU.Exam.Management\FWU.Exam.Management.Web\Areas\Students\Controllers\StudentAdmissionsController.cs(156,54): warning CS8604: Possible null reference argument for parameter 'source' in 'IQueryable<College> Queryable.Where<College>(IQueryable<College> source, Expression<Func<College, bool>> predicate)'. [D:\FWU.EMIS\FWU.Exam.Management\FWU.Exam.Management.Web\FWU.Exam.Management.Web.csproj]
D:\FWU.EMIS\FWU.Exam.Management\FWU.Exam.Management.Web\Areas\Students\Controllers\StudentAdmissionsController.cs(254,40): warning CS8604: Possible null reference argument for parameter 'field' in 'string StudentAdmissionsController.EscapeCsv(string field)'. [D:\FWU.EMIS\FWU.Exam.Management\FWU.Exam.Management.Web\FWU.Exam.Management.Web.csproj]
D:\FWU.EMIS\FWU.Exam.Management\FWU.Exam.Management.Web\Areas\Students\Controllers\StudentAdmissionsController.cs(255,40): warning CS8604: Possible null reference argument for parameter 'field' in 'string StudentAdmissionsController.EscapeCsv(string field)'. [D:\FWU.EMIS\FWU.Exam.Management\FWU.Exam.Management.Web\FWU.Exam.Management.Web.csproj]
D:\FWU.EMIS\FWU.Exam.Management\FWU.Exam.Management.Web\Areas\Students\Controllers\StudentAdmissionsController.cs(256,40): warning CS8604: Possible null reference argument for parameter 'field' in 'string StudentAdmissionsController.EscapeCsv(string field)'. [D:\FWU.EMIS\FWU.Exam.Management\FWU.Exam.Management.Web\FWU.Exam.Management.Web.csproj]
D:\FWU.EMIS\FWU.Exam.Management\FWU.Exam.Management.Web\Areas\Students\Controllers\StudentAdmissionsController.cs(333,30): warning CS8604: Possible null reference argument for parameter 'source' in 'IQueryable<StudentRegistration> EntityFrameworkQueryableExtensions.AsNoTracking<StudentRegistration>(IQueryable<StudentRegistration> source)'. [D:\FWU.EMIS\FWU.Exam.Management\FWU.Exam.Management.Web\FWU.Exam.Management.Web.csproj]
D:\FWU.EMIS\FWU.Exam.Management\FWU.Exam.Management.Web\Areas\Students\Controllers\SemesterEnrollmentsController.cs(30,26): warning CS8604: Possible null reference argument for parameter 'source' in 'IQueryable<College> Queryable.Where<College>(IQueryable<College> source, Expression<Func<College, bool>> predicate)'. [D:\FWU.EMIS\FWU.Exam.Management\FWU.Exam.Management.Web\FWU.Exam.Management.Web.csproj]
D:\FWU.EMIS\FWU.Exam.Management\FWU.Exam.Management.Web\Areas\Students\Controllers\SemesterEnrollmentsController.cs(31,29): warning CS8604: Possible null reference argument for parameter 'source' in 'bool Enumerable.Any<Faculty>(IEnumerable<Faculty> source, Func<Faculty, bool> predicate)'. [D:\FWU.EMIS\FWU.Exam.Management\FWU.Exam.Management.Web\FWU.Exam.Management.Web.csproj]
D:\FWU.EMIS\FWU.Exam.Management\FWU.Exam.Management.Web\Areas\Students\Controllers\SemesterEnrollmentsController.cs(90,35): warning CS8604: Possible null reference argument for parameter 'source' in 'IQueryable<StudentAdmission> EntityFrameworkQueryableExtensions.AsNoTracking<StudentAdmission>(IQueryable<StudentAdmission> source)'. [D:\FWU.EMIS\FWU.Exam.Management\FWU.Exam.Management.Web\FWU.Exam.Management.Web.csproj]
D:\FWU.EMIS\FWU.Exam.Management\FWU.Exam.Management.Web\Areas\Students\Controllers\SemesterEnrollmentsController.cs(147,31): warning CS8604: Possible null reference argument for parameter 'source' in 'IQueryable<Semester> EntityFrameworkQueryableExtensions.AsNoTracking<Semester>(IQueryable<Semester> source)'. [D:\FWU.EMIS\FWU.Exam.Management\FWU.Exam.Management.Web\FWU.Exam.Management.Web.csproj]
D:\FWU.EMIS\FWU.Exam.Management\FWU.Exam.Management.Web\Areas\Students\Controllers\SemesterEnrollmentsController.cs(202,31): warning CS8604: Possible null reference argument for parameter 'source' in 'IQueryable<StudentAdmission> EntityFrameworkQueryableExtensions.AsNoTracking<StudentAdmission>(IQueryable<StudentAdmission> source)'. [D:\FWU.EMIS\FWU.Exam.Management\FWU.Exam.Management.Web\FWU.Exam.Management.Web.csproj]
D:\FWU.EMIS\FWU.Exam.Management\FWU.Exam.Management.Web\Views\Shared\_SideMenu.cshtml(9,43): warning CS8625: Cannot convert null literal to non-nullable reference type. [D:\FWU.EMIS\FWU.Exam.Management\FWU.Exam.Management.Web\FWU.Exam.Management.Web.csproj]
D:\FWU.EMIS\FWU.Exam.Management\FWU.Exam.Management.Web\Views\Shared\_SideMenu.cshtml(9,69): warning CS8625: Cannot convert null literal to non-nullable reference type. [D:\FWU.EMIS\FWU.Exam.Management\FWU.Exam.Management.Web\FWU.Exam.Management.Web.csproj]
D:\FWU.EMIS\FWU.Exam.Management\FWU.Exam.Management.Web\Views\Shared\_SideMenu.cshtml(9,93): warning CS8625: Cannot convert null literal to non-nullable reference type. [D:\FWU.EMIS\FWU.Exam.Management\FWU.Exam.Management.Web\FWU.Exam.Management.Web.csproj]
D:\FWU.EMIS\FWU.Exam.Management\FWU.Exam.Management.Web\Views\Shared\_SideMenu.cshtml(9,113): warning CS8625: Cannot convert null literal to non-nullable reference type. [D:\FWU.EMIS\FWU.Exam.Management\FWU.Exam.Management.Web\FWU.Exam.Management.Web.csproj]
D:\FWU.EMIS\FWU.Exam.Management\FWU.Exam.Management.Web\Areas\Payments\Controllers\PaymentTypesController.cs(49,40): warning CS8604: Possible null reference argument for parameter 'field' in 'string PaymentTypesController.EscapeCsv(string field)'. [D:\FWU.EMIS\FWU.Exam.Management\FWU.Exam.Management.Web\FWU.Exam.Management.Web.csproj]
D:\FWU.EMIS\FWU.Exam.Management\FWU.Exam.Management.Web\Areas\Payments\Controllers\PaymentTypesController.cs(50,41): warning CS8604: Possible null reference argument for parameter 'field' in 'string PaymentTypesController.EscapeCsv(string field)'. [D:\FWU.EMIS\FWU.Exam.Management\FWU.Exam.Management.Web\FWU.Exam.Management.Web.csproj]
D:\FWU.EMIS\FWU.Exam.Management\FWU.Exam.Management.Web\Data\Seeders\DemoDataSeeder.cs(20,20): warning CS8604: Possible null reference argument for parameter 'source' in 'Task<bool> EntityFrameworkQueryableExtensions.AnyAsync<AcademicYear>(IQueryable<AcademicYear> source, CancellationToken cancellationToken = default(CancellationToken))'. [D:\FWU.EMIS\FWU.Exam.Management\FWU.Exam.Management.Web\FWU.Exam.Management.Web.csproj]
D:\FWU.EMIS\FWU.Exam.Management\FWU.Exam.Management.Web\Data\Seeders\DemoDataSeeder.cs(33,24): warning CS8604: Possible null reference argument for parameter 'source' in 'Task<bool> EntityFrameworkQueryableExtensions.AnyAsync<Batch>(IQueryable<Batch> source, CancellationToken cancellationToken = default(CancellationToken))'. [D:\FWU.EMIS\FWU.Exam.Management\FWU.Exam.Management.Web\FWU.Exam.Management.Web.csproj]
D:\FWU.EMIS\FWU.Exam.Management\FWU.Exam.Management.Web\Data\Seeders\DemoDataSeeder.cs(42,24): warning CS8604: Possible null reference argument for parameter 'source' in 'Task<bool> EntityFrameworkQueryableExtensions.AnyAsync<Semester>(IQueryable<Semester> source, CancellationToken cancellationToken = default(CancellationToken))'. [D:\FWU.EMIS\FWU.Exam.Management\FWU.Exam.Management.Web\FWU.Exam.Management.Web.csproj]
D:\FWU.EMIS\FWU.Exam.Management\FWU.Exam.Management.Web\Data\Seeders\DemoDataSeeder.cs(58,20): warning CS8604: Possible null reference argument for parameter 'source' in 'Task<bool> EntityFrameworkQueryableExtensions.AnyAsync<FiscalYear>(IQueryable<FiscalYear> source, CancellationToken cancellationToken = default(CancellationToken))'. [D:\FWU.EMIS\FWU.Exam.Management\FWU.Exam.Management.Web\FWU.Exam.Management.Web.csproj]
D:\FWU.EMIS\FWU.Exam.Management\FWU.Exam.Management.Web\Data\Seeders\DemoDataSeeder.cs(68,20): warning CS8604: Possible null reference argument for parameter 'source' in 'Task<bool> EntityFrameworkQueryableExtensions.AnyAsync<SubjectType>(IQueryable<SubjectType> source, CancellationToken cancellationToken = default(CancellationToken))'. [D:\FWU.EMIS\FWU.Exam.Management\FWU.Exam.Management.Web\FWU.Exam.Management.Web.csproj]
D:\FWU.EMIS\FWU.Exam.Management\FWU.Exam.Management.Web\Data\Seeders\DemoDataSeeder.cs(79,24): warning CS8604: Possible null reference argument for parameter 'source' in 'Task<bool> EntityFrameworkQueryableExtensions.AnyAsync<SubjectCatalog>(IQueryable<SubjectCatalog> source, CancellationToken cancellationToken = default(CancellationToken))'. [D:\FWU.EMIS\FWU.Exam.Management\FWU.Exam.Management.Web\FWU.Exam.Management.Web.csproj]
D:\FWU.EMIS\FWU.Exam.Management\FWU.Exam.Management.Web\Data\Seeders\DemoDataSeeder.cs(105,20): warning CS8604: Possible null reference argument for parameter 'source' in 'Task<bool> EntityFrameworkQueryableExtensions.AnyAsync<Ethnicity>(IQueryable<Ethnicity> source, CancellationToken cancellationToken = default(CancellationToken))'. [D:\FWU.EMIS\FWU.Exam.Management\FWU.Exam.Management.Web\FWU.Exam.Management.Web.csproj]
D:\FWU.EMIS\FWU.Exam.Management\FWU.Exam.Management.Web\Data\Seeders\DemoDataSeeder.cs(120,20): warning CS8604: Possible null reference argument for parameter 'source' in 'Task<bool> EntityFrameworkQueryableExtensions.AnyAsync<StudentCategory>(IQueryable<StudentCategory> source, CancellationToken cancellationToken = default(CancellationToken))'. [D:\FWU.EMIS\FWU.Exam.Management\FWU.Exam.Management.Web\FWU.Exam.Management.Web.csproj]
D:\FWU.EMIS\FWU.Exam.Management\FWU.Exam.Management.Web\Data\Seeders\DemoDataSeeder.cs(133,20): warning CS8604: Possible null reference argument for parameter 'source' in 'Task<bool> EntityFrameworkQueryableExtensions.AnyAsync<CollegeType>(IQueryable<CollegeType> source, CancellationToken cancellationToken = default(CancellationToken))'. [D:\FWU.EMIS\FWU.Exam.Management\FWU.Exam.Management.Web\FWU.Exam.Management.Web.csproj]
D:\FWU.EMIS\FWU.Exam.Management\FWU.Exam.Management.Web\Data\Seeders\DemoDataSeeder.cs(144,42): warning CS8604: Possible null reference argument for parameter 'source' in 'Task<List<College>> EntityFrameworkQueryableExtensions.ToListAsync<College>(IQueryable<College> source, CancellationToken cancellationToken = default(CancellationToken))'. [D:\FWU.EMIS\FWU.Exam.Management\FWU.Exam.Management.Web\FWU.Exam.Management.Web.csproj]
D:\FWU.EMIS\FWU.Exam.Management\FWU.Exam.Management.Web\Data\Seeders\DemoDataSeeder.cs(154,20): warning CS8604: Possible null reference argument for parameter 'source' in 'Task<bool> EntityFrameworkQueryableExtensions.AnyAsync<CollegeProgram>(IQueryable<CollegeProgram> source, CancellationToken cancellationToken = default(CancellationToken))'. [D:\FWU.EMIS\FWU.Exam.Management\FWU.Exam.Management.Web\FWU.Exam.Management.Web.csproj]
D:\FWU.EMIS\FWU.Exam.Management\FWU.Exam.Management.Web\Data\Seeders\DemoDataSeeder.cs(156,34): warning CS8604: Possible null reference argument for parameter 'source' in 'Task<List<College>> EntityFrameworkQueryableExtensions.ToListAsync<College>(IQueryable<College> source, CancellationToken cancellationToken = default(CancellationToken))'. [D:\FWU.EMIS\FWU.Exam.Management\FWU.Exam.Management.Web\FWU.Exam.Management.Web.csproj]
D:\FWU.EMIS\FWU.Exam.Management\FWU.Exam.Management.Web\Data\Seeders\DemoDataSeeder.cs(157,34): warning CS8604: Possible null reference argument for parameter 'source' in 'Task<List<Program>> EntityFrameworkQueryableExtensions.ToListAsync<Program>(IQueryable<Program> source, CancellationToken cancellationToken = default(CancellationToken))'. [D:\FWU.EMIS\FWU.Exam.Management\FWU.Exam.Management.Web\FWU.Exam.Management.Web.csproj]
D:\FWU.EMIS\FWU.Exam.Management\FWU.Exam.Management.Web\Data\Seeders\DemoDataSeeder.cs(177,20): warning CS8604: Possible null reference argument for parameter 'source' in 'Task<bool> EntityFrameworkQueryableExtensions.AnyAsync<SubjectOffering>(IQueryable<SubjectOffering> source, CancellationToken cancellationToken = default(CancellationToken))'. [D:\FWU.EMIS\FWU.Exam.Management\FWU.Exam.Management.Web\FWU.Exam.Management.Web.csproj]
D:\FWU.EMIS\FWU.Exam.Management\FWU.Exam.Management.Web\Data\Seeders\DemoDataSeeder.cs(179,34): warning CS8604: Possible null reference argument for parameter 'source' in 'Task<List<Program>> EntityFrameworkQueryableExtensions.ToListAsync<Program>(IQueryable<Program> source, CancellationToken cancellationToken = default(CancellationToken))'. [D:\FWU.EMIS\FWU.Exam.Management\FWU.Exam.Management.Web\FWU.Exam.Management.Web.csproj]
D:\FWU.EMIS\FWU.Exam.Management\FWU.Exam.Management.Web\Data\Seeders\DemoDataSeeder.cs(180,35): warning CS8604: Possible null reference argument for parameter 'source' in 'Task<List<Semester>> EntityFrameworkQueryableExtensions.ToListAsync<Semester>(IQueryable<Semester> source, CancellationToken cancellationToken = default(CancellationToken))'. [D:\FWU.EMIS\FWU.Exam.Management\FWU.Exam.Management.Web\FWU.Exam.Management.Web.csproj]
D:\FWU.EMIS\FWU.Exam.Management\FWU.Exam.Management.Web\Data\Seeders\DemoDataSeeder.cs(181,34): warning CS8604: Possible null reference argument for parameter 'source' in 'Task<List<SubjectCatalog>> EntityFrameworkQueryableExtensions.ToListAsync<SubjectCatalog>(IQueryable<SubjectCatalog> source, CancellationToken cancellationToken = default(CancellationToken))'. [D:\FWU.EMIS\FWU.Exam.Management\FWU.Exam.Management.Web\FWU.Exam.Management.Web.csproj]
D:\FWU.EMIS\FWU.Exam.Management\FWU.Exam.Management.Web\Data\Seeders\DemoDataSeeder.cs(270,20): warning CS8604: Possible null reference argument for parameter 'source' in 'Task<bool> EntityFrameworkQueryableExtensions.AnyAsync<ExamType>(IQueryable<ExamType> source, CancellationToken cancellationToken = default(CancellationToken))'. [D:\FWU.EMIS\FWU.Exam.Management\FWU.Exam.Management.Web\FWU.Exam.Management.Web.csproj]
D:\FWU.EMIS\FWU.Exam.Management\FWU.Exam.Management.Web\Data\Seeders\DemoDataSeeder.cs(288,20): warning CS8604: Possible null reference argument for parameter 'source' in 'Task<bool> EntityFrameworkQueryableExtensions.AnyAsync<Board>(IQueryable<Board> source, CancellationToken cancellationToken = default(CancellationToken))'. [D:\FWU.EMIS\FWU.Exam.Management\FWU.Exam.Management.Web\FWU.Exam.Management.Web.csproj]
D:\FWU.EMIS\FWU.Exam.Management\FWU.Exam.Management.Web\Data\Seeders\DemoDataSeeder.cs(303,32): warning CS8604: Possible null reference argument for parameter 'source' in 'Task<College?> EntityFrameworkQueryableExtensions.FirstOrDefaultAsync<College>(IQueryable<College> source, Expression<Func<College, bool>> predicate, CancellationToken cancellationToken = default(CancellationToken))'. [D:\FWU.EMIS\FWU.Exam.Management\FWU.Exam.Management.Web\FWU.Exam.Management.Web.csproj]
D:\FWU.EMIS\FWU.Exam.Management\FWU.Exam.Management.Web\Data\Seeders\DemoDataSeeder.cs(305,27): warning CS8604: Possible null reference argument for parameter 'source' in 'Task<Level?> EntityFrameworkQueryableExtensions.FirstOrDefaultAsync<Level>(IQueryable<Level> source, Expression<Func<Level, bool>> predicate, CancellationToken cancellationToken = default(CancellationToken))'. [D:\FWU.EMIS\FWU.Exam.Management\FWU.Exam.Management.Web\FWU.Exam.Management.Web.csproj]
D:\FWU.EMIS\FWU.Exam.Management\FWU.Exam.Management.Web\Data\Seeders\DemoDataSeeder.cs(306,30): warning CS8604: Possible null reference argument for parameter 'source' in 'Task<Department?> EntityFrameworkQueryableExtensions.FirstOrDefaultAsync<Department>(IQueryable<Department> source, Expression<Func<Department, bool>> predicate, CancellationToken cancellationToken = default(CancellationToken))'. [D:\FWU.EMIS\FWU.Exam.Management\FWU.Exam.Management.Web\FWU.Exam.Management.Web.csproj]
D:\FWU.EMIS\FWU.Exam.Management\FWU.Exam.Management.Web\Data\Seeders\DemoDataSeeder.cs(308,29): warning CS8604: Possible null reference argument for parameter 'source' in 'Task<Faculty?> EntityFrameworkQueryableExtensions.FirstOrDefaultAsync<Faculty>(IQueryable<Faculty> source, Expression<Func<Faculty, bool>> predicate, CancellationToken cancellationToken = default(CancellationToken))'. [D:\FWU.EMIS\FWU.Exam.Management\FWU.Exam.Management.Web\FWU.Exam.Management.Web.csproj]
D:\FWU.EMIS\FWU.Exam.Management\FWU.Exam.Management.Web\Data\Seeders\DemoDataSeeder.cs(309,32): warning CS8604: Possible null reference argument for parameter 'source' in 'Task<Gender?> EntityFrameworkQueryableExtensions.FirstOrDefaultAsync<Gender>(IQueryable<Gender> source, Expression<Func<Gender, bool>> predicate, CancellationToken cancellationToken = default(CancellationToken))'. [D:\FWU.EMIS\FWU.Exam.Management\FWU.Exam.Management.Web\FWU.Exam.Management.Web.csproj]
D:\FWU.EMIS\FWU.Exam.Management\FWU.Exam.Management.Web\Data\Seeders\DemoDataSeeder.cs(317,36): warning CS8604: Possible null reference argument for parameter 'source' in 'Task<Program?> EntityFrameworkQueryableExtensions.FirstOrDefaultAsync<Program>(IQueryable<Program> source, Expression<Func<Program, bool>> predicate, CancellationToken cancellationToken = default(CancellationToken))'. [D:\FWU.EMIS\FWU.Exam.Management\FWU.Exam.Management.Web\FWU.Exam.Management.Web.csproj]
D:\FWU.EMIS\FWU.Exam.Management\FWU.Exam.Management.Web\Data\Seeders\DemoDataSeeder.cs(320,39): warning CS8604: Possible null reference argument for parameter 'source' in 'Task<Semester?> EntityFrameworkQueryableExtensions.FirstOrDefaultAsync<Semester>(IQueryable<Semester> source, Expression<Func<Semester, bool>> predicate, CancellationToken cancellationToken = default(CancellationToken))'. [D:\FWU.EMIS\FWU.Exam.Management\FWU.Exam.Management.Web\FWU.Exam.Management.Web.csproj]
D:\FWU.EMIS\FWU.Exam.Management\FWU.Exam.Management.Web\Data\Seeders\DemoDataSeeder.cs(325,28): warning CS8604: Possible null reference argument for parameter 'source' in 'Task<bool> EntityFrameworkQueryableExtensions.AnyAsync<StudentRegistration>(IQueryable<StudentRegistration> source, Expression<Func<StudentRegistration, bool>> predicate, CancellationToken cancellationToken = default(CancellationToken))'. [D:\FWU.EMIS\FWU.Exam.Management\FWU.Exam.Management.Web\FWU.Exam.Management.Web.csproj]
D:\FWU.EMIS\FWU.Exam.Management\FWU.Exam.Management.Web\Data\Seeders\DemoDataSeeder.cs(354,42): warning CS8602: Dereference of a possibly null reference. [D:\FWU.EMIS\FWU.Exam.Management\FWU.Exam.Management.Web\FWU.Exam.Management.Web.csproj]
D:\FWU.EMIS\FWU.Exam.Management\FWU.Exam.Management.Web\Data\Seeders\DemoDataSeeder.cs(360,25): warning CS8602: Dereference of a possibly null reference. [D:\FWU.EMIS\FWU.Exam.Management\FWU.Exam.Management.Web\FWU.Exam.Management.Web.csproj]
D:\FWU.EMIS\FWU.Exam.Management\FWU.Exam.Management.Web\Data\Seeders\DemoDataSeeder.cs(424,85): warning CS8602: Dereference of a possibly null reference. [D:\FWU.EMIS\FWU.Exam.Management\FWU.Exam.Management.Web\FWU.Exam.Management.Web.csproj]
D:\FWU.EMIS\FWU.Exam.Management\FWU.Exam.Management.Web\Data\Seeders\DemoDataSeeder.cs(445,20): warning CS8604: Possible null reference argument for parameter 'source' in 'Task<bool> EntityFrameworkQueryableExtensions.AnyAsync<StudentRegistration>(IQueryable<StudentRegistration> source, Expression<Func<StudentRegistration, bool>> predicate, CancellationToken cancellationToken = default(CancellationToken))'. [D:\FWU.EMIS\FWU.Exam.Management\FWU.Exam.Management.Web\FWU.Exam.Management.Web.csproj]
D:\FWU.EMIS\FWU.Exam.Management\FWU.Exam.Management.Web\Data\Seeders\DemoDataSeeder.cs(447,33): warning CS8604: Possible null reference argument for parameter 'source' in 'Task<Program?> EntityFrameworkQueryableExtensions.FirstOrDefaultAsync<Program>(IQueryable<Program> source, Expression<Func<Program, bool>> predicate, CancellationToken cancellationToken = default(CancellationToken))'. [D:\FWU.EMIS\FWU.Exam.Management\FWU.Exam.Management.Web\FWU.Exam.Management.Web.csproj]
D:\FWU.EMIS\FWU.Exam.Management\FWU.Exam.Management.Web\Data\Seeders\DemoDataSeeder.cs(466,32): warning CS8604: Possible null reference argument for parameter 'source' in 'Task<Program?> EntityFrameworkQueryableExtensions.FirstOrDefaultAsync<Program>(IQueryable<Program> source, Expression<Func<Program, bool>> predicate, CancellationToken cancellationToken = default(CancellationToken))'. [D:\FWU.EMIS\FWU.Exam.Management\FWU.Exam.Management.Web\FWU.Exam.Management.Web.csproj]
D:\FWU.EMIS\FWU.Exam.Management\FWU.Exam.Management.Web\Data\Seeders\DemoDataSeeder.cs(485,33): warning CS8604: Possible null reference argument for parameter 'source' in 'Task<Program?> EntityFrameworkQueryableExtensions.FirstOrDefaultAsync<Program>(IQueryable<Program> source, Expression<Func<Program, bool>> predicate, CancellationToken cancellationToken = default(CancellationToken))'. [D:\FWU.EMIS\FWU.Exam.Management\FWU.Exam.Management.Web\FWU.Exam.Management.Web.csproj]
D:\FWU.EMIS\FWU.Exam.Management\FWU.Exam.Management.Web\Data\Seeders\DemoDataSeeder.cs(504,36): warning CS8604: Possible null reference argument for parameter 'source' in 'Task<Program?> EntityFrameworkQueryableExtensions.FirstOrDefaultAsync<Program>(IQueryable<Program> source, Expression<Func<Program, bool>> predicate, CancellationToken cancellationToken = default(CancellationToken))'. [D:\FWU.EMIS\FWU.Exam.Management\FWU.Exam.Management.Web\FWU.Exam.Management.Web.csproj]
D:\FWU.EMIS\FWU.Exam.Management\FWU.Exam.Management.Web\Data\Seeders\DemoDataSeeder.cs(522,20): warning CS8604: Possible null reference argument for parameter 'source' in 'Task<bool> EntityFrameworkQueryableExtensions.AnyAsync<ExamSchedule>(IQueryable<ExamSchedule> source, CancellationToken cancellationToken = default(CancellationToken))'. [D:\FWU.EMIS\FWU.Exam.Management\FWU.Exam.Management.Web\FWU.Exam.Management.Web.csproj]
D:\FWU.EMIS\FWU.Exam.Management\FWU.Exam.Management.Web\Data\Seeders\DemoDataSeeder.cs(525,36): warning CS8604: Possible null reference argument for parameter 'source' in 'Task<Program?> EntityFrameworkQueryableExtensions.FirstOrDefaultAsync<Program>(IQueryable<Program> source, Expression<Func<Program, bool>> predicate, CancellationToken cancellationToken = default(CancellationToken))'. [D:\FWU.EMIS\FWU.Exam.Management\FWU.Exam.Management.Web\FWU.Exam.Management.Web.csproj]
D:\FWU.EMIS\FWU.Exam.Management\FWU.Exam.Management.Web\Data\Seeders\DemoDataSeeder.cs(526,39): warning CS8604: Possible null reference argument for parameter 'source' in 'Task<Semester?> EntityFrameworkQueryableExtensions.FirstOrDefaultAsync<Semester>(IQueryable<Semester> source, Expression<Func<Semester, bool>> predicate, CancellationToken cancellationToken = default(CancellationToken))'. [D:\FWU.EMIS\FWU.Exam.Management\FWU.Exam.Management.Web\FWU.Exam.Management.Web.csproj]
D:\FWU.EMIS\FWU.Exam.Management\FWU.Exam.Management.Web\Data\Seeders\DemoDataSeeder.cs(554,28): warning CS8604: Possible null reference argument for parameter 'source' in 'Task<bool> EntityFrameworkQueryableExtensions.AnyAsync<ExamFee>(IQueryable<ExamFee> source, CancellationToken cancellationToken = default(CancellationToken))'. [D:\FWU.EMIS\FWU.Exam.Management\FWU.Exam.Management.Web\FWU.Exam.Management.Web.csproj]
D:\FWU.EMIS\FWU.Exam.Management\FWU.Exam.Management.Web\Data\Seeders\DemoDataSeeder.cs(569,33): warning CS8604: Possible null reference argument for parameter 'source' in 'Task<Program?> EntityFrameworkQueryableExtensions.FirstOrDefaultAsync<Program>(IQueryable<Program> source, Expression<Func<Program, bool>> predicate, CancellationToken cancellationToken = default(CancellationToken))'. [D:\FWU.EMIS\FWU.Exam.Management\FWU.Exam.Management.Web\FWU.Exam.Management.Web.csproj]
D:\FWU.EMIS\FWU.Exam.Management\FWU.Exam.Management.Web\Data\Seeders\DemoDataSeeder.cs(574,51): warning CS8604: Possible null reference argument for parameter 'source' in 'Task<bool> EntityFrameworkQueryableExtensions.AnyAsync<Semester>(IQueryable<Semester> source, Expression<Func<Semester, bool>> predicate, CancellationToken cancellationToken = default(CancellationToken))'. [D:\FWU.EMIS\FWU.Exam.Management\FWU.Exam.Management.Web\FWU.Exam.Management.Web.csproj]
D:\FWU.EMIS\FWU.Exam.Management\FWU.Exam.Management.Web\Data\Seeders\DemoDataSeeder.cs(590,44): warning CS8604: Possible null reference argument for parameter 'source' in 'Task<bool> EntityFrameworkQueryableExtensions.AnyAsync<SubjectCatalog>(IQueryable<SubjectCatalog> source, Expression<Func<SubjectCatalog, bool>> predicate, CancellationToken cancellationToken = default(CancellationToken))'. [D:\FWU.EMIS\FWU.Exam.Management\FWU.Exam.Management.Web\FWU.Exam.Management.Web.csproj]
D:\FWU.EMIS\FWU.Exam.Management\FWU.Exam.Management.Web\Data\Seeders\DemoDataSeeder.cs(650,42): warning CS8604: Possible null reference argument for parameter 'source' in 'Task<List<Semester>> EntityFrameworkQueryableExtensions.ToListAsync<Semester>(IQueryable<Semester> source, CancellationToken cancellationToken = default(CancellationToken))'. [D:\FWU.EMIS\FWU.Exam.Management\FWU.Exam.Management.Web\FWU.Exam.Management.Web.csproj]
D:\FWU.EMIS\FWU.Exam.Management\FWU.Exam.Management.Web\Data\Seeders\DemoDataSeeder.cs(651,45): warning CS8604: Possible null reference argument for parameter 'source' in 'IQueryable<SubjectCatalog> Queryable.Where<SubjectCatalog>(IQueryable<SubjectCatalog> source, Expression<Func<SubjectCatalog, bool>> predicate)'. [D:\FWU.EMIS\FWU.Exam.Management\FWU.Exam.Management.Web\FWU.Exam.Management.Web.csproj]
D:\FWU.EMIS\FWU.Exam.Management\FWU.Exam.Management.Web\Data\Seeders\DemoDataSeeder.cs(652,34): warning CS8602: Dereference of a possibly null reference. [D:\FWU.EMIS\FWU.Exam.Management\FWU.Exam.Management.Web\FWU.Exam.Management.Web.csproj]
D:\FWU.EMIS\FWU.Exam.Management\FWU.Exam.Management.Web\Data\Seeders\DemoDataSeeder.cs(683,79): warning CS8604: Possible null reference argument for parameter 'item' in 'bool HashSet<string>.Contains(string item)'. [D:\FWU.EMIS\FWU.Exam.Management\FWU.Exam.Management.Web\FWU.Exam.Management.Web.csproj]
D:\FWU.EMIS\FWU.Exam.Management\FWU.Exam.Management.Web\Data\Seeders\DemoDataSeeder.cs(715,47): warning CS8604: Possible null reference argument for parameter 'source' in 'Task<bool> EntityFrameworkQueryableExtensions.AnyAsync<SubjectCatalog>(IQueryable<SubjectCatalog> source, Expression<Func<SubjectCatalog, bool>> predicate, CancellationToken cancellationToken = default(CancellationToken))'. [D:\FWU.EMIS\FWU.Exam.Management\FWU.Exam.Management.Web\FWU.Exam.Management.Web.csproj]
D:\FWU.EMIS\FWU.Exam.Management\FWU.Exam.Management.Web\Data\Seeders\DemoDataSeeder.cs(774,45): warning CS8604: Possible null reference argument for parameter 'source' in 'Task<List<Semester>> EntityFrameworkQueryableExtensions.ToListAsync<Semester>(IQueryable<Semester> source, CancellationToken cancellationToken = default(CancellationToken))'. [D:\FWU.EMIS\FWU.Exam.Management\FWU.Exam.Management.Web\FWU.Exam.Management.Web.csproj]
D:\FWU.EMIS\FWU.Exam.Management\FWU.Exam.Management.Web\Data\Seeders\DemoDataSeeder.cs(775,44): warning CS8604: Possible null reference argument for parameter 'source' in 'IQueryable<SubjectCatalog> Queryable.Where<SubjectCatalog>(IQueryable<SubjectCatalog> source, Expression<Func<SubjectCatalog, bool>> predicate)'. [D:\FWU.EMIS\FWU.Exam.Management\FWU.Exam.Management.Web\FWU.Exam.Management.Web.csproj]
D:\FWU.EMIS\FWU.Exam.Management\FWU.Exam.Management.Web\Data\Seeders\DemoDataSeeder.cs(776,34): warning CS8602: Dereference of a possibly null reference. [D:\FWU.EMIS\FWU.Exam.Management\FWU.Exam.Management.Web\FWU.Exam.Management.Web.csproj]
D:\FWU.EMIS\FWU.Exam.Management\FWU.Exam.Management.Web\Data\Seeders\DemoDataSeeder.cs(807,78): warning CS8604: Possible null reference argument for parameter 'item' in 'bool HashSet<string>.Contains(string item)'. [D:\FWU.EMIS\FWU.Exam.Management\FWU.Exam.Management.Web\FWU.Exam.Management.Web.csproj]
D:\FWU.EMIS\FWU.Exam.Management\FWU.Exam.Management.Web\Data\Seeders\DemoDataSeeder.cs(834,20): warning CS8604: Possible null reference argument for parameter 'source' in 'Task<bool> EntityFrameworkQueryableExtensions.AnyAsync<HallTicket>(IQueryable<HallTicket> source, CancellationToken cancellationToken = default(CancellationToken))'. [D:\FWU.EMIS\FWU.Exam.Management\FWU.Exam.Management.Web\FWU.Exam.Management.Web.csproj]
D:\FWU.EMIS\FWU.Exam.Management\FWU.Exam.Management.Web\Data\Seeders\DemoDataSeeder.cs(837,42): warning CS8604: Possible null reference argument for parameter 'source' in 'Task<ExamRegistration?> EntityFrameworkQueryableExtensions.FirstOrDefaultAsync<ExamRegistration>(IQueryable<ExamRegistration> source, CancellationToken cancellationToken = default(CancellationToken))'. [D:\FWU.EMIS\FWU.Exam.Management\FWU.Exam.Management.Web\FWU.Exam.Management.Web.csproj]
D:\FWU.EMIS\FWU.Exam.Management\FWU.Exam.Management.Web\Data\Seeders\DemoDataSeeder.cs(883,20): warning CS8604: Possible null reference argument for parameter 'source' in 'Task<bool> EntityFrameworkQueryableExtensions.AnyAsync<RetotalRequest>(IQueryable<RetotalRequest> source, CancellationToken cancellationToken = default(CancellationToken))'. [D:\FWU.EMIS\FWU.Exam.Management\FWU.Exam.Management.Web\FWU.Exam.Management.Web.csproj]
D:\FWU.EMIS\FWU.Exam.Management\FWU.Exam.Management.Web\Data\Seeders\DemoDataSeeder.cs(885,43): warning CS8604: Possible null reference argument for parameter 'source' in 'IIncludableQueryable<ExamSubjectResult, SubjectOffering?> EntityFrameworkQueryableExtensions.Include<ExamSubjectResult, SubjectOffering?>(IQueryable<ExamSubjectResult> source, Expression<Func<ExamSubjectResult, SubjectOffering?>> navigationPropertyPath)'. [D:\FWU.EMIS\FWU.Exam.Management\FWU.Exam.Management.Web\FWU.Exam.Management.Web.csproj]
D:\FWU.EMIS\FWU.Exam.Management\FWU.Exam.Management.Web\Data\Seeders\DemoDataSeeder.cs(889,42): warning CS8604: Possible null reference argument for parameter 'source' in 'Task<ExamRegistration?> EntityFrameworkQueryableExtensions.FirstOrDefaultAsync<ExamRegistration>(IQueryable<ExamRegistration> source, CancellationToken cancellationToken = default(CancellationToken))'. [D:\FWU.EMIS\FWU.Exam.Management\FWU.Exam.Management.Web\FWU.Exam.Management.Web.csproj]
D:\FWU.EMIS\FWU.Exam.Management\FWU.Exam.Management.Web\Areas\Payments\Controllers\BillTitlesController.cs(67,40): warning CS8604: Possible null reference argument for parameter 'field' in 'string BillTitlesController.EscapeCsv(string field)'. [D:\FWU.EMIS\FWU.Exam.Management\FWU.Exam.Management.Web\FWU.Exam.Management.Web.csproj]
D:\FWU.EMIS\FWU.Exam.Management\FWU.Exam.Management.Web\Areas\Exams\Views\ExamSchedules\Delete.cshtml(56,88): warning CS8602: Dereference of a possibly null reference. [D:\FWU.EMIS\FWU.Exam.Management\FWU.Exam.Management.Web\FWU.Exam.Management.Web.csproj]
D:\FWU.EMIS\FWU.Exam.Management\FWU.Exam.Management.Web\Areas\Exams\Views\ExamSchedules\Delete.cshtml(60,88): warning CS8602: Dereference of a possibly null reference. [D:\FWU.EMIS\FWU.Exam.Management\FWU.Exam.Management.Web\FWU.Exam.Management.Web.csproj]
D:\FWU.EMIS\FWU.Exam.Management\FWU.Exam.Management.Web\Areas\Exams\Views\ExamSchedules\Delete.cshtml(64,88): warning CS8602: Dereference of a possibly null reference. [D:\FWU.EMIS\FWU.Exam.Management\FWU.Exam.Management.Web\FWU.Exam.Management.Web.csproj]
D:\FWU.EMIS\FWU.Exam.Management\FWU.Exam.Management.Web\Areas\Exams\Views\ExamSchedules\Details.cshtml(44,77): warning CS8602: Dereference of a possibly null reference. [D:\FWU.EMIS\FWU.Exam.Management\FWU.Exam.Management.Web\FWU.Exam.Management.Web.csproj]
D:\FWU.EMIS\FWU.Exam.Management\FWU.Exam.Management.Web\Areas\Exams\Views\ExamSchedules\Details.cshtml(48,77): warning CS8602: Dereference of a possibly null reference. [D:\FWU.EMIS\FWU.Exam.Management\FWU.Exam.Management.Web\FWU.Exam.Management.Web.csproj]
D:\FWU.EMIS\FWU.Exam.Management\FWU.Exam.Management.Web\Areas\Exams\Views\ExamSchedules\Details.cshtml(52,77): warning CS8602: Dereference of a possibly null reference. [D:\FWU.EMIS\FWU.Exam.Management\FWU.Exam.Management.Web\FWU.Exam.Management.Web.csproj]
D:\FWU.EMIS\FWU.Exam.Management\FWU.Exam.Management.Web\Areas\Exams\Views\ExamSubjectResults\Index.cshtml(45,46): warning CS8602: Dereference of a possibly null reference. [D:\FWU.EMIS\FWU.Exam.Management\FWU.Exam.Management.Web\FWU.Exam.Management.Web.csproj]
D:\FWU.EMIS\FWU.Exam.Management\FWU.Exam.Management.Web\Areas\Payments\Controllers\BanksController.cs(49,40): warning CS8604: Possible null reference argument for parameter 'field' in 'string BanksController.EscapeCsv(string field)'. [D:\FWU.EMIS\FWU.Exam.Management\FWU.Exam.Management.Web\FWU.Exam.Management.Web.csproj]
D:\FWU.EMIS\FWU.Exam.Management\FWU.Exam.Management.Web\Areas\Exams\Views\ResultRecords\Index.cshtml(50,46): warning CS8602: Dereference of a possibly null reference. [D:\FWU.EMIS\FWU.Exam.Management\FWU.Exam.Management.Web\FWU.Exam.Management.Web.csproj]
D:\FWU.EMIS\FWU.Exam.Management\FWU.Exam.Management.Web\Areas\Exams\Views\ExamRegistrations\Index.cshtml(45,46): warning CS8602: Dereference of a possibly null reference. [D:\FWU.EMIS\FWU.Exam.Management\FWU.Exam.Management.Web\FWU.Exam.Management.Web.csproj]
D:\FWU.EMIS\FWU.Exam.Management\FWU.Exam.Management.Web\Areas\Exams\Views\ExamRegistrations\Details.cshtml(42,92): warning CS8602: Dereference of a possibly null reference. [D:\FWU.EMIS\FWU.Exam.Management\FWU.Exam.Management.Web\FWU.Exam.Management.Web.csproj]
D:\FWU.EMIS\FWU.Exam.Management\FWU.Exam.Management.Web\Areas\Core\Views\Programs\Details.cshtml(72,77): warning CS8602: Dereference of a possibly null reference. [D:\FWU.EMIS\FWU.Exam.Management\FWU.Exam.Management.Web\FWU.Exam.Management.Web.csproj]
D:\FWU.EMIS\FWU.Exam.Management\FWU.Exam.Management.Web\Areas\Core\Views\Programs\Details.cshtml(76,77): warning CS8602: Dereference of a possibly null reference. [D:\FWU.EMIS\FWU.Exam.Management\FWU.Exam.Management.Web\FWU.Exam.Management.Web.csproj]
D:\FWU.EMIS\FWU.Exam.Management\FWU.Exam.Management.Web\Areas\Core\Views\Programs\Details.cshtml(80,77): warning CS8602: Dereference of a possibly null reference. [D:\FWU.EMIS\FWU.Exam.Management\FWU.Exam.Management.Web\FWU.Exam.Management.Web.csproj]
D:\FWU.EMIS\FWU.Exam.Management\FWU.Exam.Management.Web\Areas\Core\Views\Programs\Delete.cshtml(58,80): warning CS8602: Dereference of a possibly null reference. [D:\FWU.EMIS\FWU.Exam.Management\FWU.Exam.Management.Web\FWU.Exam.Management.Web.csproj]
D:\FWU.EMIS\FWU.Exam.Management\FWU.Exam.Management.Web\Areas\Core\Views\Programs\Delete.cshtml(63,80): warning CS8602: Dereference of a possibly null reference. [D:\FWU.EMIS\FWU.Exam.Management\FWU.Exam.Management.Web\FWU.Exam.Management.Web.csproj]
D:\FWU.EMIS\FWU.Exam.Management\FWU.Exam.Management.Web\Areas\Core\Views\Programs\Delete.cshtml(68,84): warning CS8602: Dereference of a possibly null reference. [D:\FWU.EMIS\FWU.Exam.Management\FWU.Exam.Management.Web\FWU.Exam.Management.Web.csproj]
D:\FWU.EMIS\FWU.Exam.Management\FWU.Exam.Management.Web\Areas\Colleges\Views\CollegePrograms\Delete.cshtml(38,80): warning CS8602: Dereference of a possibly null reference. [D:\FWU.EMIS\FWU.Exam.Management\FWU.Exam.Management.Web\FWU.Exam.Management.Web.csproj]
D:\FWU.EMIS\FWU.Exam.Management\FWU.Exam.Management.Web\Areas\Colleges\Views\CollegePrograms\Delete.cshtml(39,82): warning CS8602: Dereference of a possibly null reference. [D:\FWU.EMIS\FWU.Exam.Management\FWU.Exam.Management.Web\FWU.Exam.Management.Web.csproj]
D:\FWU.EMIS\FWU.Exam.Management\FWU.Exam.Management.Web\Areas\Colleges\Views\CollegePrograms\Delete.cshtml(44,80): warning CS8602: Dereference of a possibly null reference. [D:\FWU.EMIS\FWU.Exam.Management\FWU.Exam.Management.Web\FWU.Exam.Management.Web.csproj]
D:\FWU.EMIS\FWU.Exam.Management\FWU.Exam.Management.Web\Areas\Colleges\Views\CollegePrograms\Delete.cshtml(45,82): warning CS8602: Dereference of a possibly null reference. [D:\FWU.EMIS\FWU.Exam.Management\FWU.Exam.Management.Web\FWU.Exam.Management.Web.csproj]
D:\FWU.EMIS\FWU.Exam.Management\FWU.Exam.Management.Web\Areas\Colleges\Views\Colleges\Details.cshtml(155,77): warning CS8602: Dereference of a possibly null reference. [D:\FWU.EMIS\FWU.Exam.Management\FWU.Exam.Management.Web\FWU.Exam.Management.Web.csproj]
D:\FWU.EMIS\FWU.Exam.Management\FWU.Exam.Management.Web\Areas\Colleges\Views\CollegePrograms\Details.cshtml(37,91): warning CS8602: Dereference of a possibly null reference. [D:\FWU.EMIS\FWU.Exam.Management\FWU.Exam.Management.Web\FWU.Exam.Management.Web.csproj]
D:\FWU.EMIS\FWU.Exam.Management\FWU.Exam.Management.Web\Areas\Colleges\Views\CollegePrograms\Details.cshtml(38,86): warning CS8602: Dereference of a possibly null reference. [D:\FWU.EMIS\FWU.Exam.Management\FWU.Exam.Management.Web\FWU.Exam.Management.Web.csproj]
D:\FWU.EMIS\FWU.Exam.Management\FWU.Exam.Management.Web\Areas\Colleges\Views\CollegePrograms\Details.cshtml(42,91): warning CS8602: Dereference of a possibly null reference. [D:\FWU.EMIS\FWU.Exam.Management\FWU.Exam.Management.Web\FWU.Exam.Management.Web.csproj]
D:\FWU.EMIS\FWU.Exam.Management\FWU.Exam.Management.Web\Areas\Colleges\Views\CollegePrograms\Details.cshtml(43,86): warning CS8602: Dereference of a possibly null reference. [D:\FWU.EMIS\FWU.Exam.Management\FWU.Exam.Management.Web\FWU.Exam.Management.Web.csproj]
D:\FWU.EMIS\FWU.Exam.Management\FWU.Exam.Management.Web\Areas\Colleges\Views\Colleges\Delete.cshtml(181,80): warning CS8602: Dereference of a possibly null reference. [D:\FWU.EMIS\FWU.Exam.Management\FWU.Exam.Management.Web\FWU.Exam.Management.Web.csproj]
D:\FWU.EMIS\FWU.Exam.Management\FWU.Exam.Management.Web\Areas\Exams\Controllers\RetotalRequestsController.cs(18,18): warning CS9113: Parameter 'context' is unread. [D:\FWU.EMIS\FWU.Exam.Management\FWU.Exam.Management.Web\FWU.Exam.Management.Web.csproj]
D:\FWU.EMIS\FWU.Exam.Management\FWU.Exam.Management.Web\Areas\Exams\Controllers\ResultRecordsController.cs(20,26): warning CS9113: Parameter 'userManager' is unread. [D:\FWU.EMIS\FWU.Exam.Management\FWU.Exam.Management.Web\FWU.Exam.Management.Web.csproj]
D:\FWU.EMIS\FWU.Exam.Management\FWU.Exam.Management.Web\Areas\Exams\Controllers\GradingSchemesController.cs(21,26): warning CS9113: Parameter 'userManager' is unread. [D:\FWU.EMIS\FWU.Exam.Management\FWU.Exam.Management.Web\FWU.Exam.Management.Web.csproj]
D:\FWU.EMIS\FWU.Exam.Management\FWU.Exam.Management.Web\Areas\Exams\Controllers\GradingSchemesController.cs(22,18): warning CS9113: Parameter 'context' is unread. [D:\FWU.EMIS\FWU.Exam.Management\FWU.Exam.Management.Web\FWU.Exam.Management.Web.csproj]
D:\FWU.EMIS\FWU.Exam.Management\FWU.Exam.Management.Web\Areas\Exams\Controllers\ExamSubjectResultsController.cs(21,26): warning CS9113: Parameter 'userManager' is unread. [D:\FWU.EMIS\FWU.Exam.Management\FWU.Exam.Management.Web\FWU.Exam.Management.Web.csproj]
D:\FWU.EMIS\FWU.Exam.Management\FWU.Exam.Management.Web\Areas\Exams\Controllers\ExamSchedulesController.cs(23,18): warning CS9113: Parameter 'context' is unread. [D:\FWU.EMIS\FWU.Exam.Management\FWU.Exam.Management.Web\FWU.Exam.Management.Web.csproj]
D:\FWU.EMIS\FWU.Exam.Management\FWU.Exam.Management.Web\Areas\Exams\Controllers\ResultRecordsController.cs(37,48): warning CS8604: Possible null reference argument for parameter 'source' in 'IQueryable<College> EntityFrameworkQueryableExtensions.AsNoTracking<College>(IQueryable<College> source)'. [D:\FWU.EMIS\FWU.Exam.Management\FWU.Exam.Management.Web\FWU.Exam.Management.Web.csproj]
D:\FWU.EMIS\FWU.Exam.Management\FWU.Exam.Management.Web\Areas\Exams\Controllers\ResultRecordsController.cs(38,48): warning CS8604: Possible null reference argument for parameter 'source' in 'IQueryable<Faculty> EntityFrameworkQueryableExtensions.AsNoTracking<Faculty>(IQueryable<Faculty> source)'. [D:\FWU.EMIS\FWU.Exam.Management\FWU.Exam.Management.Web\FWU.Exam.Management.Web.csproj]
D:\FWU.EMIS\FWU.Exam.Management\FWU.Exam.Management.Web\Areas\Core\Controllers\SemestersController.cs(50,40): warning CS8604: Possible null reference argument for parameter 'field' in 'string SemestersController.EscapeCsv(string field)'. [D:\FWU.EMIS\FWU.Exam.Management\FWU.Exam.Management.Web\FWU.Exam.Management.Web.csproj]
D:\FWU.EMIS\FWU.Exam.Management\FWU.Exam.Management.Web\Areas\Core\Controllers\SemestersController.cs(51,41): warning CS8604: Possible null reference argument for parameter 'field' in 'string SemestersController.EscapeCsv(string field)'. [D:\FWU.EMIS\FWU.Exam.Management\FWU.Exam.Management.Web\FWU.Exam.Management.Web.csproj]
D:\FWU.EMIS\FWU.Exam.Management\FWU.Exam.Management.Web\Areas\Core\Controllers\SemestersController.cs(56,41): warning CS8604: Possible null reference argument for parameter 'field' in 'string SemestersController.EscapeCsv(string field)'. [D:\FWU.EMIS\FWU.Exam.Management\FWU.Exam.Management.Web\FWU.Exam.Management.Web.csproj]
D:\FWU.EMIS\FWU.Exam.Management\FWU.Exam.Management.Web\Areas\Exams\Controllers\HallTicketsController.cs(50,53): warning CS8604: Possible null reference argument for parameter 'source' in 'IQueryable<ExamSchedule> EntityFrameworkQueryableExtensions.AsNoTracking<ExamSchedule>(IQueryable<ExamSchedule> source)'. [D:\FWU.EMIS\FWU.Exam.Management\FWU.Exam.Management.Web\FWU.Exam.Management.Web.csproj]
D:\FWU.EMIS\FWU.Exam.Management\FWU.Exam.Management.Web\Areas\Core\Controllers\NoticesController.cs(50,40): warning CS8604: Possible null reference argument for parameter 'field' in 'string NoticesController.EscapeCsv(string field)'. [D:\FWU.EMIS\FWU.Exam.Management\FWU.Exam.Management.Web\FWU.Exam.Management.Web.csproj]
D:\FWU.EMIS\FWU.Exam.Management\FWU.Exam.Management.Web\Areas\Core\Controllers\NoticesController.cs(51,41): warning CS8604: Possible null reference argument for parameter 'field' in 'string NoticesController.EscapeCsv(string field)'. [D:\FWU.EMIS\FWU.Exam.Management\FWU.Exam.Management.Web\FWU.Exam.Management.Web.csproj]
D:\FWU.EMIS\FWU.Exam.Management\FWU.Exam.Management.Web\Areas\Exams\Controllers\ExamTypesController.cs(49,40): warning CS8602: Dereference of a possibly null reference. [D:\FWU.EMIS\FWU.Exam.Management\FWU.Exam.Management.Web\FWU.Exam.Management.Web.csproj]
D:\FWU.EMIS\FWU.Exam.Management\FWU.Exam.Management.Web\Areas\Exams\Controllers\ExamTypesController.cs(50,41): warning CS8604: Possible null reference argument for parameter 'field' in 'string ExamTypesController.EscapeCsv(string field)'. [D:\FWU.EMIS\FWU.Exam.Management\FWU.Exam.Management.Web\FWU.Exam.Management.Web.csproj]
D:\FWU.EMIS\FWU.Exam.Management\FWU.Exam.Management.Web\Areas\Exams\Controllers\ExamTypesController.cs(51,41): warning CS8604: Possible null reference argument for parameter 'field' in 'string ExamTypesController.EscapeCsv(string field)'. [D:\FWU.EMIS\FWU.Exam.Management\FWU.Exam.Management.Web\FWU.Exam.Management.Web.csproj]
D:\FWU.EMIS\FWU.Exam.Management\FWU.Exam.Management.Web\Areas\Exams\Controllers\ExamSubjectResultsController.cs(38,53): warning CS8604: Possible null reference argument for parameter 'source' in 'IQueryable<ExamSchedule> EntityFrameworkQueryableExtensions.AsNoTracking<ExamSchedule>(IQueryable<ExamSchedule> source)'. [D:\FWU.EMIS\FWU.Exam.Management\FWU.Exam.Management.Web\FWU.Exam.Management.Web.csproj]
D:\FWU.EMIS\FWU.Exam.Management\FWU.Exam.Management.Web\Areas\Exams\Controllers\ExamSubjectResultsController.cs(39,57): warning CS8604: Possible null reference argument for parameter 'source' in 'IQueryable<ExamRegistration> EntityFrameworkQueryableExtensions.AsNoTracking<ExamRegistration>(IQueryable<ExamRegistration> source)'. [D:\FWU.EMIS\FWU.Exam.Management\FWU.Exam.Management.Web\FWU.Exam.Management.Web.csproj]
D:\FWU.EMIS\FWU.Exam.Management\FWU.Exam.Management.Web\Areas\Core\Controllers\LevelsController.cs(50,40): warning CS8604: Possible null reference argument for parameter 'field' in 'string LevelsController.EscapeCsv(string field)'. [D:\FWU.EMIS\FWU.Exam.Management\FWU.Exam.Management.Web\FWU.Exam.Management.Web.csproj]
D:\FWU.EMIS\FWU.Exam.Management\FWU.Exam.Management.Web\Areas\Core\Controllers\LevelsController.cs(51,41): warning CS8604: Possible null reference argument for parameter 'field' in 'string LevelsController.EscapeCsv(string field)'. [D:\FWU.EMIS\FWU.Exam.Management\FWU.Exam.Management.Web\FWU.Exam.Management.Web.csproj]
D:\FWU.EMIS\FWU.Exam.Management\FWU.Exam.Management.Web\Areas\Core\Controllers\LevelsController.cs(53,41): warning CS8604: Possible null reference argument for parameter 'field' in 'string LevelsController.EscapeCsv(string field)'. [D:\FWU.EMIS\FWU.Exam.Management\FWU.Exam.Management.Web\FWU.Exam.Management.Web.csproj]
D:\FWU.EMIS\FWU.Exam.Management\FWU.Exam.Management.Web\Areas\Core\Controllers\ProgramsController.cs(50,40): warning CS8604: Possible null reference argument for parameter 'field' in 'string ProgramsController.EscapeCsv(string field)'. [D:\FWU.EMIS\FWU.Exam.Management\FWU.Exam.Management.Web\FWU.Exam.Management.Web.csproj]
D:\FWU.EMIS\FWU.Exam.Management\FWU.Exam.Management.Web\Areas\Core\Controllers\ProgramsController.cs(51,41): warning CS8604: Possible null reference argument for parameter 'field' in 'string ProgramsController.EscapeCsv(string field)'. [D:\FWU.EMIS\FWU.Exam.Management\FWU.Exam.Management.Web\FWU.Exam.Management.Web.csproj]
D:\FWU.EMIS\FWU.Exam.Management\FWU.Exam.Management.Web\Areas\Core\Controllers\ProgramsController.cs(52,41): warning CS8604: Possible null reference argument for parameter 'field' in 'string ProgramsController.EscapeCsv(string field)'. [D:\FWU.EMIS\FWU.Exam.Management\FWU.Exam.Management.Web\FWU.Exam.Management.Web.csproj]
D:\FWU.EMIS\FWU.Exam.Management\FWU.Exam.Management.Web\Areas\Core\Controllers\ProgramsController.cs(53,41): warning CS8604: Possible null reference argument for parameter 'field' in 'string ProgramsController.EscapeCsv(string field)'. [D:\FWU.EMIS\FWU.Exam.Management\FWU.Exam.Management.Web\FWU.Exam.Management.Web.csproj]
D:\FWU.EMIS\FWU.Exam.Management\FWU.Exam.Management.Web\Areas\Core\Controllers\ProgramsController.cs(54,42): warning CS8604: Possible null reference argument for parameter 'field' in 'string ProgramsController.EscapeCsv(string field)'. [D:\FWU.EMIS\FWU.Exam.Management\FWU.Exam.Management.Web\FWU.Exam.Management.Web.csproj]
D:\FWU.EMIS\FWU.Exam.Management\FWU.Exam.Management.Web\Areas\Core\Controllers\ProgramsController.cs(55,41): warning CS8604: Possible null reference argument for parameter 'field' in 'string ProgramsController.EscapeCsv(string field)'. [D:\FWU.EMIS\FWU.Exam.Management\FWU.Exam.Management.Web\FWU.Exam.Management.Web.csproj]
D:\FWU.EMIS\FWU.Exam.Management\FWU.Exam.Management.Web\Areas\Core\Controllers\ProgramsController.cs(61,41): warning CS8604: Possible null reference argument for parameter 'field' in 'string ProgramsController.EscapeCsv(string field)'. [D:\FWU.EMIS\FWU.Exam.Management\FWU.Exam.Management.Web\FWU.Exam.Management.Web.csproj]
D:\FWU.EMIS\FWU.Exam.Management\FWU.Exam.Management.Web\Areas\Core\Controllers\ProgramsController.cs(62,41): warning CS8604: Possible null reference argument for parameter 'field' in 'string ProgramsController.EscapeCsv(string field)'. [D:\FWU.EMIS\FWU.Exam.Management\FWU.Exam.Management.Web\FWU.Exam.Management.Web.csproj]
D:\FWU.EMIS\FWU.Exam.Management\FWU.Exam.Management.Web\Areas\Core\Controllers\KhaltiConfigurationsController.cs(20,21): warning CS8604: Possible null reference argument for parameter 'source' in 'IQueryable<KhaltiConfiguration> EntityFrameworkQueryableExtensions.AsNoTracking<KhaltiConfiguration>(IQueryable<KhaltiConfiguration> source)'. [D:\FWU.EMIS\FWU.Exam.Management\FWU.Exam.Management.Web\FWU.Exam.Management.Web.csproj]
D:\FWU.EMIS\FWU.Exam.Management\FWU.Exam.Management.Web\Areas\Core\Controllers\KhaltiConfigurationsController.cs(25,17): warning CS8602: Dereference of a possibly null reference. [D:\FWU.EMIS\FWU.Exam.Management\FWU.Exam.Management.Web\FWU.Exam.Management.Web.csproj]
D:\FWU.EMIS\FWU.Exam.Management\FWU.Exam.Management.Web\Areas\Core\Controllers\KhaltiConfigurationsController.cs(26,17): warning CS8602: Dereference of a possibly null reference. [D:\FWU.EMIS\FWU.Exam.Management\FWU.Exam.Management.Web\FWU.Exam.Management.Web.csproj]
D:\FWU.EMIS\FWU.Exam.Management\FWU.Exam.Management.Web\Areas\Core\Controllers\KhaltiConfigurationsController.cs(27,17): warning CS8602: Dereference of a possibly null reference. [D:\FWU.EMIS\FWU.Exam.Management\FWU.Exam.Management.Web\FWU.Exam.Management.Web.csproj]
D:\FWU.EMIS\FWU.Exam.Management\FWU.Exam.Management.Web\Areas\Core\Controllers\KhaltiConfigurationsController.cs(28,17): warning CS8602: Dereference of a possibly null reference. [D:\FWU.EMIS\FWU.Exam.Management\FWU.Exam.Management.Web\FWU.Exam.Management.Web.csproj]
D:\FWU.EMIS\FWU.Exam.Management\FWU.Exam.Management.Web\Areas\Core\Controllers\KhaltiConfigurationsController.cs(29,17): warning CS8602: Dereference of a possibly null reference. [D:\FWU.EMIS\FWU.Exam.Management\FWU.Exam.Management.Web\FWU.Exam.Management.Web.csproj]
D:\FWU.EMIS\FWU.Exam.Management\FWU.Exam.Management.Web\Areas\Core\Controllers\DepartmentsController.cs(52,41): warning CS8604: Possible null reference argument for parameter 'field' in 'string DepartmentsController.EscapeCsv(string field)'. [D:\FWU.EMIS\FWU.Exam.Management\FWU.Exam.Management.Web\FWU.Exam.Management.Web.csproj]
D:\FWU.EMIS\FWU.Exam.Management\FWU.Exam.Management.Web\Areas\Core\Controllers\DepartmentsController.cs(53,41): warning CS8604: Possible null reference argument for parameter 'field' in 'string DepartmentsController.EscapeCsv(string field)'. [D:\FWU.EMIS\FWU.Exam.Management\FWU.Exam.Management.Web\FWU.Exam.Management.Web.csproj]
D:\FWU.EMIS\FWU.Exam.Management\FWU.Exam.Management.Web\Areas\Exams\Controllers\ExamTypesController.cs(94,44): warning CS8602: Dereference of a possibly null reference. [D:\FWU.EMIS\FWU.Exam.Management\FWU.Exam.Management.Web\FWU.Exam.Management.Web.csproj]
D:\FWU.EMIS\FWU.Exam.Management\FWU.Exam.Management.Web\Areas\Exams\Controllers\HallTicketsController.cs(58,53): warning CS8604: Possible null reference argument for parameter 'source' in 'IQueryable<ExamSchedule> EntityFrameworkQueryableExtensions.AsNoTracking<ExamSchedule>(IQueryable<ExamSchedule> source)'. [D:\FWU.EMIS\FWU.Exam.Management\FWU.Exam.Management.Web\FWU.Exam.Management.Web.csproj]
D:\FWU.EMIS\FWU.Exam.Management\FWU.Exam.Management.Web\Areas\Exams\Controllers\HallTicketsController.cs(62,39): warning CS8604: Possible null reference argument for parameter 'source' in 'IQueryable<ExamRegistration> Queryable.Where<ExamRegistration>(IQueryable<ExamRegistration> source, Expression<Func<ExamRegistration, bool>> predicate)'. [D:\FWU.EMIS\FWU.Exam.Management\FWU.Exam.Management.Web\FWU.Exam.Management.Web.csproj]
D:\FWU.EMIS\FWU.Exam.Management\FWU.Exam.Management.Web\Areas\Exams\Controllers\HallTicketsController.cs(67,43): warning CS8604: Possible null reference argument for parameter 'source' in 'IQueryable<HallTicket> Queryable.Where<HallTicket>(IQueryable<HallTicket> source, Expression<Func<HallTicket, bool>> predicate)'. [D:\FWU.EMIS\FWU.Exam.Management\FWU.Exam.Management.Web\FWU.Exam.Management.Web.csproj]
D:\FWU.EMIS\FWU.Exam.Management\FWU.Exam.Management.Web\Areas\Location\Controllers\ProvincesController.cs(56,40): warning CS8604: Possible null reference argument for parameter 'field' in 'string ProvincesController.EscapeCsv(string field)'. [D:\FWU.EMIS\FWU.Exam.Management\FWU.Exam.Management.Web\FWU.Exam.Management.Web.csproj]
D:\FWU.EMIS\FWU.Exam.Management\FWU.Exam.Management.Web\Areas\Core\Controllers\KhaltiConfigurationsController.cs(58,35): warning CS8603: Possible null reference return. [D:\FWU.EMIS\FWU.Exam.Management\FWU.Exam.Management.Web\FWU.Exam.Management.Web.csproj]
D:\FWU.EMIS\FWU.Exam.Management\FWU.Exam.Management.Web\Areas\Core\Controllers\KhaltiConfigurationsController.cs(59,31): warning CS8603: Possible null reference return. [D:\FWU.EMIS\FWU.Exam.Management\FWU.Exam.Management.Web\FWU.Exam.Management.Web.csproj]
D:\FWU.EMIS\FWU.Exam.Management\FWU.Exam.Management.Web\Areas\Core\Controllers\KhaltiConfigurationsController.cs(60,33): warning CS8603: Possible null reference return. [D:\FWU.EMIS\FWU.Exam.Management\FWU.Exam.Management.Web\FWU.Exam.Management.Web.csproj]
D:\FWU.EMIS\FWU.Exam.Management\FWU.Exam.Management.Web\Areas\Core\Controllers\KhaltiConfigurationsController.cs(61,33): warning CS8603: Possible null reference return. [D:\FWU.EMIS\FWU.Exam.Management\FWU.Exam.Management.Web\FWU.Exam.Management.Web.csproj]
D:\FWU.EMIS\FWU.Exam.Management\FWU.Exam.Management.Web\Areas\Core\Controllers\KhaltiConfigurationsController.cs(62,34): warning CS8603: Possible null reference return. [D:\FWU.EMIS\FWU.Exam.Management\FWU.Exam.Management.Web\FWU.Exam.Management.Web.csproj]
D:\FWU.EMIS\FWU.Exam.Management\FWU.Exam.Management.Web\Areas\Core\Controllers\KhaltiConfigurationsController.cs(64,23): warning CS8603: Possible null reference return. [D:\FWU.EMIS\FWU.Exam.Management\FWU.Exam.Management.Web\FWU.Exam.Management.Web.csproj]
D:\FWU.EMIS\FWU.Exam.Management\FWU.Exam.Management.Web\Areas\Identity\Pages\Account\RegisterConfirmation.cshtml.cs(17,87): warning CS9113: Parameter 'sender' is unread. [D:\FWU.EMIS\FWU.Exam.Management\FWU.Exam.Management.Web\FWU.Exam.Management.Web.csproj]
D:\FWU.EMIS\FWU.Exam.Management\FWU.Exam.Management.Web\Areas\Colleges\Views\CollegeTypes\Index.cshtml(167,34): warning CS8602: Dereference of a possibly null reference. [D:\FWU.EMIS\FWU.Exam.Management\FWU.Exam.Management.Web\FWU.Exam.Management.Web.csproj]
D:\FWU.EMIS\FWU.Exam.Management\FWU.Exam.Management.Web\Areas\Core\Controllers\ESewaConfigurationsController.cs(19,21): warning CS8604: Possible null reference argument for parameter 'source' in 'IQueryable<ESewaConfiguration> EntityFrameworkQueryableExtensions.AsNoTracking<ESewaConfiguration>(IQueryable<ESewaConfiguration> source)'. [D:\FWU.EMIS\FWU.Exam.Management\FWU.Exam.Management.Web\FWU.Exam.Management.Web.csproj]
D:\FWU.EMIS\FWU.Exam.Management\FWU.Exam.Management.Web\Areas\Core\Controllers\ESewaConfigurationsController.cs(24,17): warning CS8602: Dereference of a possibly null reference. [D:\FWU.EMIS\FWU.Exam.Management\FWU.Exam.Management.Web\FWU.Exam.Management.Web.csproj]
D:\FWU.EMIS\FWU.Exam.Management\FWU.Exam.Management.Web\Areas\Core\Controllers\ESewaConfigurationsController.cs(25,17): warning CS8602: Dereference of a possibly null reference. [D:\FWU.EMIS\FWU.Exam.Management\FWU.Exam.Management.Web\FWU.Exam.Management.Web.csproj]
D:\FWU.EMIS\FWU.Exam.Management\FWU.Exam.Management.Web\Areas\Core\Controllers\ESewaConfigurationsController.cs(26,17): warning CS8602: Dereference of a possibly null reference. [D:\FWU.EMIS\FWU.Exam.Management\FWU.Exam.Management.Web\FWU.Exam.Management.Web.csproj]
D:\FWU.EMIS\FWU.Exam.Management\FWU.Exam.Management.Web\Areas\Core\Controllers\ESewaConfigurationsController.cs(27,17): warning CS8602: Dereference of a possibly null reference. [D:\FWU.EMIS\FWU.Exam.Management\FWU.Exam.Management.Web\FWU.Exam.Management.Web.csproj]
D:\FWU.EMIS\FWU.Exam.Management\FWU.Exam.Management.Web\Areas\Core\Controllers\ESewaConfigurationsController.cs(56,35): warning CS8603: Possible null reference return. [D:\FWU.EMIS\FWU.Exam.Management\FWU.Exam.Management.Web\FWU.Exam.Management.Web.csproj]
D:\FWU.EMIS\FWU.Exam.Management\FWU.Exam.Management.Web\Areas\Core\Controllers\ESewaConfigurationsController.cs(57,31): warning CS8603: Possible null reference return. [D:\FWU.EMIS\FWU.Exam.Management\FWU.Exam.Management.Web\FWU.Exam.Management.Web.csproj]
D:\FWU.EMIS\FWU.Exam.Management\FWU.Exam.Management.Web\Areas\Core\Controllers\ESewaConfigurationsController.cs(58,34): warning CS8603: Possible null reference return. [D:\FWU.EMIS\FWU.Exam.Management\FWU.Exam.Management.Web\FWU.Exam.Management.Web.csproj]
D:\FWU.EMIS\FWU.Exam.Management\FWU.Exam.Management.Web\Areas\Core\Controllers\ESewaConfigurationsController.cs(59,33): warning CS8603: Possible null reference return. [D:\FWU.EMIS\FWU.Exam.Management\FWU.Exam.Management.Web\FWU.Exam.Management.Web.csproj]
D:\FWU.EMIS\FWU.Exam.Management\FWU.Exam.Management.Web\Areas\Core\Controllers\ESewaConfigurationsController.cs(61,23): warning CS8603: Possible null reference return. [D:\FWU.EMIS\FWU.Exam.Management\FWU.Exam.Management.Web\FWU.Exam.Management.Web.csproj]
D:\FWU.EMIS\FWU.Exam.Management\FWU.Exam.Management.Web\Areas\Core\Controllers\KhaltiConfigurationsController.cs(70,21): warning CS8604: Possible null reference argument for parameter 'source' in 'IQueryable<KhaltiConfiguration> EntityFrameworkQueryableExtensions.AsNoTracking<KhaltiConfiguration>(IQueryable<KhaltiConfiguration> source)'. [D:\FWU.EMIS\FWU.Exam.Management\FWU.Exam.Management.Web\FWU.Exam.Management.Web.csproj]
D:\FWU.EMIS\FWU.Exam.Management\FWU.Exam.Management.Web\Areas\Core\Controllers\KhaltiConfigurationsController.cs(75,17): warning CS8602: Dereference of a possibly null reference. [D:\FWU.EMIS\FWU.Exam.Management\FWU.Exam.Management.Web\FWU.Exam.Management.Web.csproj]
D:\FWU.EMIS\FWU.Exam.Management\FWU.Exam.Management.Web\Areas\Core\Controllers\KhaltiConfigurationsController.cs(76,17): warning CS8602: Dereference of a possibly null reference. [D:\FWU.EMIS\FWU.Exam.Management\FWU.Exam.Management.Web\FWU.Exam.Management.Web.csproj]
D:\FWU.EMIS\FWU.Exam.Management\FWU.Exam.Management.Web\Areas\Core\Controllers\KhaltiConfigurationsController.cs(77,17): warning CS8602: Dereference of a possibly null reference. [D:\FWU.EMIS\FWU.Exam.Management\FWU.Exam.Management.Web\FWU.Exam.Management.Web.csproj]
D:\FWU.EMIS\FWU.Exam.Management\FWU.Exam.Management.Web\Areas\Core\Controllers\KhaltiConfigurationsController.cs(78,17): warning CS8602: Dereference of a possibly null reference. [D:\FWU.EMIS\FWU.Exam.Management\FWU.Exam.Management.Web\FWU.Exam.Management.Web.csproj]
D:\FWU.EMIS\FWU.Exam.Management\FWU.Exam.Management.Web\Areas\Core\Controllers\KhaltiConfigurationsController.cs(79,17): warning CS8602: Dereference of a possibly null reference. [D:\FWU.EMIS\FWU.Exam.Management\FWU.Exam.Management.Web\FWU.Exam.Management.Web.csproj]
D:\FWU.EMIS\FWU.Exam.Management\FWU.Exam.Management.Web\Areas\Identity\Pages\Account\Manage\TwoFactorAuthentication.cshtml.cs(14,115): warning CS9113: Parameter 'logger' is unread. [D:\FWU.EMIS\FWU.Exam.Management\FWU.Exam.Management.Web\FWU.Exam.Management.Web.csproj]
D:\FWU.EMIS\FWU.Exam.Management\FWU.Exam.Management.Web\Areas\Core\Controllers\KhaltiConfigurationsController.cs(114,40): warning CS8604: Possible null reference argument for parameter 'field' in 'string KhaltiConfigurationsController.EscapeCsv(string field)'. [D:\FWU.EMIS\FWU.Exam.Management\FWU.Exam.Management.Web\FWU.Exam.Management.Web.csproj]
D:\FWU.EMIS\FWU.Exam.Management\FWU.Exam.Management.Web\Areas\Core\Controllers\KhaltiConfigurationsController.cs(115,40): warning CS8604: Possible null reference argument for parameter 'field' in 'string KhaltiConfigurationsController.EscapeCsv(string field)'. [D:\FWU.EMIS\FWU.Exam.Management\FWU.Exam.Management.Web\FWU.Exam.Management.Web.csproj]
D:\FWU.EMIS\FWU.Exam.Management\FWU.Exam.Management.Web\Areas\Core\Controllers\KhaltiConfigurationsController.cs(116,40): warning CS8604: Possible null reference argument for parameter 'field' in 'string KhaltiConfigurationsController.EscapeCsv(string field)'. [D:\FWU.EMIS\FWU.Exam.Management\FWU.Exam.Management.Web\FWU.Exam.Management.Web.csproj]
D:\FWU.EMIS\FWU.Exam.Management\FWU.Exam.Management.Web\Areas\Core\Controllers\KhaltiConfigurationsController.cs(117,40): warning CS8604: Possible null reference argument for parameter 'field' in 'string KhaltiConfigurationsController.EscapeCsv(string field)'. [D:\FWU.EMIS\FWU.Exam.Management\FWU.Exam.Management.Web\FWU.Exam.Management.Web.csproj]
D:\FWU.EMIS\FWU.Exam.Management\FWU.Exam.Management.Web\Areas\Core\Controllers\KhaltiConfigurationsController.cs(118,40): warning CS8604: Possible null reference argument for parameter 'field' in 'string KhaltiConfigurationsController.EscapeCsv(string field)'. [D:\FWU.EMIS\FWU.Exam.Management\FWU.Exam.Management.Web\FWU.Exam.Management.Web.csproj]
D:\FWU.EMIS\FWU.Exam.Management\FWU.Exam.Management.Web\Areas\Identity\Pages\Account\Manage\PersonalData.cshtml.cs(12,32): warning CS9113: Parameter 'logger' is unread. [D:\FWU.EMIS\FWU.Exam.Management\FWU.Exam.Management.Web\FWU.Exam.Management.Web.csproj]
D:\FWU.EMIS\FWU.Exam.Management\FWU.Exam.Management.Web\Areas\Core\Controllers\KhaltiConfigurationsController.cs(183,41): warning CS8604: Possible null reference argument for parameter 'source' in 'Task<KhaltiConfiguration?> EntityFrameworkQueryableExtensions.FirstOrDefaultAsync<KhaltiConfiguration>(IQueryable<KhaltiConfiguration> source, Expression<Func<KhaltiConfiguration, bool>> predicate, CancellationToken cancellationToken = default(CancellationToken))'. [D:\FWU.EMIS\FWU.Exam.Management\FWU.Exam.Management.Web\FWU.Exam.Management.Web.csproj]
D:\FWU.EMIS\FWU.Exam.Management\FWU.Exam.Management.Web\Areas\Core\Controllers\KhaltiConfigurationsController.cs(214,41): warning CS8602: Dereference of a possibly null reference. [D:\FWU.EMIS\FWU.Exam.Management\FWU.Exam.Management.Web\FWU.Exam.Management.Web.csproj]
D:\FWU.EMIS\FWU.Exam.Management\FWU.Exam.Management.Web\Areas\Core\Controllers\ESewaConfigurationsController.cs(67,21): warning CS8604: Possible null reference argument for parameter 'source' in 'IQueryable<ESewaConfiguration> EntityFrameworkQueryableExtensions.AsNoTracking<ESewaConfiguration>(IQueryable<ESewaConfiguration> source)'. [D:\FWU.EMIS\FWU.Exam.Management\FWU.Exam.Management.Web\FWU.Exam.Management.Web.csproj]
D:\FWU.EMIS\FWU.Exam.Management\FWU.Exam.Management.Web\Areas\Core\Controllers\ESewaConfigurationsController.cs(72,17): warning CS8602: Dereference of a possibly null reference. [D:\FWU.EMIS\FWU.Exam.Management\FWU.Exam.Management.Web\FWU.Exam.Management.Web.csproj]
D:\FWU.EMIS\FWU.Exam.Management\FWU.Exam.Management.Web\Areas\Core\Controllers\ESewaConfigurationsController.cs(73,17): warning CS8602: Dereference of a possibly null reference. [D:\FWU.EMIS\FWU.Exam.Management\FWU.Exam.Management.Web\FWU.Exam.Management.Web.csproj]
D:\FWU.EMIS\FWU.Exam.Management\FWU.Exam.Management.Web\Areas\Core\Controllers\ESewaConfigurationsController.cs(74,17): warning CS8602: Dereference of a possibly null reference. [D:\FWU.EMIS\FWU.Exam.Management\FWU.Exam.Management.Web\FWU.Exam.Management.Web.csproj]
D:\FWU.EMIS\FWU.Exam.Management\FWU.Exam.Management.Web\Areas\Core\Controllers\ESewaConfigurationsController.cs(75,17): warning CS8602: Dereference of a possibly null reference. [D:\FWU.EMIS\FWU.Exam.Management\FWU.Exam.Management.Web\FWU.Exam.Management.Web.csproj]
D:\FWU.EMIS\FWU.Exam.Management\FWU.Exam.Management.Web\Areas\Core\Controllers\KhaltiConfigurationsController.cs(248,41): warning CS8604: Possible null reference argument for parameter 'source' in 'Task<KhaltiConfiguration?> EntityFrameworkQueryableExtensions.FirstOrDefaultAsync<KhaltiConfiguration>(IQueryable<KhaltiConfiguration> source, Expression<Func<KhaltiConfiguration, bool>> predicate, CancellationToken cancellationToken = default(CancellationToken))'. [D:\FWU.EMIS\FWU.Exam.Management\FWU.Exam.Management.Web\FWU.Exam.Management.Web.csproj]
D:\FWU.EMIS\FWU.Exam.Management\FWU.Exam.Management.Web\Areas\Core\Controllers\KhaltiConfigurationsController.cs(260,41): warning CS8602: Dereference of a possibly null reference. [D:\FWU.EMIS\FWU.Exam.Management\FWU.Exam.Management.Web\FWU.Exam.Management.Web.csproj]
D:\FWU.EMIS\FWU.Exam.Management\FWU.Exam.Management.Web\Areas\Core\Controllers\KhaltiConfigurationsController.cs(272,16): warning CS8604: Possible null reference argument for parameter 'source' in 'bool Queryable.Any<KhaltiConfiguration>(IQueryable<KhaltiConfiguration> source, Expression<Func<KhaltiConfiguration, bool>> predicate)'. [D:\FWU.EMIS\FWU.Exam.Management\FWU.Exam.Management.Web\FWU.Exam.Management.Web.csproj]
D:\FWU.EMIS\FWU.Exam.Management\FWU.Exam.Management.Web\Areas\Location\Controllers\LocalLevelsController.cs(56,40): warning CS8604: Possible null reference argument for parameter 'field' in 'string LocalLevelsController.EscapeCsv(string field)'. [D:\FWU.EMIS\FWU.Exam.Management\FWU.Exam.Management.Web\FWU.Exam.Management.Web.csproj]
D:\FWU.EMIS\FWU.Exam.Management\FWU.Exam.Management.Web\Areas\Core\Controllers\ESewaConfigurationsController.cs(110,40): warning CS8604: Possible null reference argument for parameter 'field' in 'string ESewaConfigurationsController.EscapeCsv(string field)'. [D:\FWU.EMIS\FWU.Exam.Management\FWU.Exam.Management.Web\FWU.Exam.Management.Web.csproj]
D:\FWU.EMIS\FWU.Exam.Management\FWU.Exam.Management.Web\Areas\Core\Controllers\ESewaConfigurationsController.cs(111,40): warning CS8604: Possible null reference argument for parameter 'field' in 'string ESewaConfigurationsController.EscapeCsv(string field)'. [D:\FWU.EMIS\FWU.Exam.Management\FWU.Exam.Management.Web\FWU.Exam.Management.Web.csproj]
D:\FWU.EMIS\FWU.Exam.Management\FWU.Exam.Management.Web\Areas\Core\Controllers\ESewaConfigurationsController.cs(112,40): warning CS8604: Possible null reference argument for parameter 'field' in 'string ESewaConfigurationsController.EscapeCsv(string field)'. [D:\FWU.EMIS\FWU.Exam.Management\FWU.Exam.Management.Web\FWU.Exam.Management.Web.csproj]
D:\FWU.EMIS\FWU.Exam.Management\FWU.Exam.Management.Web\Areas\Core\Controllers\ESewaConfigurationsController.cs(113,40): warning CS8604: Possible null reference argument for parameter 'field' in 'string ESewaConfigurationsController.EscapeCsv(string field)'. [D:\FWU.EMIS\FWU.Exam.Management\FWU.Exam.Management.Web\FWU.Exam.Management.Web.csproj]
D:\FWU.EMIS\FWU.Exam.Management\FWU.Exam.Management.Web\Areas\Core\Controllers\KhaltiConfigurationsController.cs(279,34): warning CS8602: Dereference of a possibly null reference. [D:\FWU.EMIS\FWU.Exam.Management\FWU.Exam.Management.Web\FWU.Exam.Management.Web.csproj]
D:\FWU.EMIS\FWU.Exam.Management\FWU.Exam.Management.Web\Areas\Location\Controllers\DistrictsController.cs(66,40): warning CS8604: Possible null reference argument for parameter 'field' in 'string DistrictsController.EscapeCsv(string field)'. [D:\FWU.EMIS\FWU.Exam.Management\FWU.Exam.Management.Web\FWU.Exam.Management.Web.csproj]
D:\FWU.EMIS\FWU.Exam.Management\FWU.Exam.Management.Web\Areas\Core\Controllers\ESewaConfigurationsController.cs(177,40): warning CS8604: Possible null reference argument for parameter 'source' in 'Task<ESewaConfiguration?> EntityFrameworkQueryableExtensions.FirstOrDefaultAsync<ESewaConfiguration>(IQueryable<ESewaConfiguration> source, Expression<Func<ESewaConfiguration, bool>> predicate, CancellationToken cancellationToken = default(CancellationToken))'. [D:\FWU.EMIS\FWU.Exam.Management\FWU.Exam.Management.Web\FWU.Exam.Management.Web.csproj]
D:\FWU.EMIS\FWU.Exam.Management\FWU.Exam.Management.Web\Areas\Core\Controllers\ESewaConfigurationsController.cs(209,40): warning CS8602: Dereference of a possibly null reference. [D:\FWU.EMIS\FWU.Exam.Management\FWU.Exam.Management.Web\FWU.Exam.Management.Web.csproj]
D:\FWU.EMIS\FWU.Exam.Management\FWU.Exam.Management.Web\Areas\Identity\Pages\Account\Manage\Email.cshtml.cs(19,28): warning CS9113: Parameter 'signInManager' is unread. [D:\FWU.EMIS\FWU.Exam.Management\FWU.Exam.Management.Web\FWU.Exam.Management.Web.csproj]
D:\FWU.EMIS\FWU.Exam.Management\FWU.Exam.Management.Web\Areas\Core\Controllers\ESewaConfigurationsController.cs(244,40): warning CS8604: Possible null reference argument for parameter 'source' in 'Task<ESewaConfiguration?> EntityFrameworkQueryableExtensions.FirstOrDefaultAsync<ESewaConfiguration>(IQueryable<ESewaConfiguration> source, Expression<Func<ESewaConfiguration, bool>> predicate, CancellationToken cancellationToken = default(CancellationToken))'. [D:\FWU.EMIS\FWU.Exam.Management\FWU.Exam.Management.Web\FWU.Exam.Management.Web.csproj]
D:\FWU.EMIS\FWU.Exam.Management\FWU.Exam.Management.Web\Areas\Core\Controllers\ESewaConfigurationsController.cs(256,40): warning CS8602: Dereference of a possibly null reference. [D:\FWU.EMIS\FWU.Exam.Management\FWU.Exam.Management.Web\FWU.Exam.Management.Web.csproj]
D:\FWU.EMIS\FWU.Exam.Management\FWU.Exam.Management.Web\Areas\Core\Controllers\ESewaConfigurationsController.cs(268,16): warning CS8604: Possible null reference argument for parameter 'source' in 'bool Queryable.Any<ESewaConfiguration>(IQueryable<ESewaConfiguration> source, Expression<Func<ESewaConfiguration, bool>> predicate)'. [D:\FWU.EMIS\FWU.Exam.Management\FWU.Exam.Management.Web\FWU.Exam.Management.Web.csproj]
D:\FWU.EMIS\FWU.Exam.Management\FWU.Exam.Management.Web\Areas\Core\Controllers\ESewaConfigurationsController.cs(275,34): warning CS8602: Dereference of a possibly null reference. [D:\FWU.EMIS\FWU.Exam.Management\FWU.Exam.Management.Web\FWU.Exam.Management.Web.csproj]
D:\FWU.EMIS\FWU.Exam.Management\FWU.Exam.Management.Web\Data\Seeders\WorkflowTestDataSeeder.cs(898,40): warning EF1002: Method 'ExecuteSqlRawAsync' inserts interpolated strings directly into the SQL, without any protection against SQL injection. Consider using 'ExecuteSqlAsync' instead, which protects against SQL injection, or make sure that the value is sanitized and suppress the warning. [D:\FWU.EMIS\FWU.Exam.Management\FWU.Exam.Management.Web\FWU.Exam.Management.Web.csproj]
D:\FWU.EMIS\FWU.Exam.Management\FWU.Exam.Management.Web\Data\Seeders\WorkflowTestDataSeeder.cs(912,42): warning EF1002: Method 'ExecuteSqlRawAsync' inserts interpolated strings directly into the SQL, without any protection against SQL injection. Consider using 'ExecuteSqlAsync' instead, which protects against SQL injection, or make sure that the value is sanitized and suppress the warning. [D:\FWU.EMIS\FWU.Exam.Management\FWU.Exam.Management.Web\FWU.Exam.Management.Web.csproj]
D:\FWU.EMIS\FWU.Exam.Management\FWU.Exam.Management.Web\Data\Seeders\WorkflowTestDataSeeder.cs(921,42): warning EF1002: Method 'ExecuteSqlRawAsync' inserts interpolated strings directly into the SQL, without any protection against SQL injection. Consider using 'ExecuteSqlAsync' instead, which protects against SQL injection, or make sure that the value is sanitized and suppress the warning. [D:\FWU.EMIS\FWU.Exam.Management\FWU.Exam.Management.Web\FWU.Exam.Management.Web.csproj]
D:\FWU.EMIS\FWU.Exam.Management\FWU.Exam.Management.Web\Data\Seeders\WorkflowTestDataSeeder.cs(936,42): warning EF1002: Method 'ExecuteSqlRawAsync' inserts interpolated strings directly into the SQL, without any protection against SQL injection. Consider using 'ExecuteSqlAsync' instead, which protects against SQL injection, or make sure that the value is sanitized and suppress the warning. [D:\FWU.EMIS\FWU.Exam.Management\FWU.Exam.Management.Web\FWU.Exam.Management.Web.csproj]

Build succeeded.

D:\FWU.EMIS\FWU.Exam.Management\FWU.Exam.Management.Web\Areas\Colleges\Controllers\CollegeProgramsController.cs(20,60): warning CS8625: Cannot convert null literal to non-nullable reference type. [D:\FWU.EMIS\FWU.Exam.Management\FWU.Exam.Management.Web\FWU.Exam.Management.Web.csproj]
D:\FWU.EMIS\FWU.Exam.Management\FWU.Exam.Management.Web\Areas\Colleges\Controllers\CollegeProgramsController.cs(40,99): warning CS8625: Cannot convert null literal to non-nullable reference type. [D:\FWU.EMIS\FWU.Exam.Management\FWU.Exam.Management.Web\FWU.Exam.Management.Web.csproj]
D:\FWU.EMIS\FWU.Exam.Management\FWU.Exam.Management.Web\Areas\Colleges\Controllers\CollegeProgramsController.cs(64,99): warning CS8625: Cannot convert null literal to non-nullable reference type. [D:\FWU.EMIS\FWU.Exam.Management\FWU.Exam.Management.Web\FWU.Exam.Management.Web.csproj]
D:\FWU.EMIS\FWU.Exam.Management\FWU.Exam.Management.Web\Areas\Colleges\Controllers\CollegeProgramsController.cs(79,101): warning CS8625: Cannot convert null literal to non-nullable reference type. [D:\FWU.EMIS\FWU.Exam.Management\FWU.Exam.Management.Web\FWU.Exam.Management.Web.csproj]
D:\FWU.EMIS\FWU.Exam.Management\FWU.Exam.Management.Web\Areas\Core\Controllers\AcademicYearsController.cs(16,74): warning CS8625: Cannot convert null literal to non-nullable reference type. [D:\FWU.EMIS\FWU.Exam.Management\FWU.Exam.Management.Web\FWU.Exam.Management.Web.csproj]
D:\FWU.EMIS\FWU.Exam.Management\FWU.Exam.Management.Web\Areas\Core\Controllers\AcademicYearsController.cs(47,99): warning CS8625: Cannot convert null literal to non-nullable reference type. [D:\FWU.EMIS\FWU.Exam.Management\FWU.Exam.Management.Web\FWU.Exam.Management.Web.csproj]
D:\FWU.EMIS\FWU.Exam.Management\FWU.Exam.Management.Web\Areas\Core\Controllers\AcademicYearsController.cs(70,99): warning CS8625: Cannot convert null literal to non-nullable reference type. [D:\FWU.EMIS\FWU.Exam.Management\FWU.Exam.Management.Web\FWU.Exam.Management.Web.csproj]
D:\FWU.EMIS\FWU.Exam.Management\FWU.Exam.Management.Web\Areas\Colleges\Controllers\CollegesController.cs(30,74): warning CS8625: Cannot convert null literal to non-nullable reference type. [D:\FWU.EMIS\FWU.Exam.Management\FWU.Exam.Management.Web\FWU.Exam.Management.Web.csproj]
D:\FWU.EMIS\FWU.Exam.Management\FWU.Exam.Management.Web\Areas\Colleges\Controllers\CollegesController.cs(59,66): warning CS8625: Cannot convert null literal to non-nullable reference type. [D:\FWU.EMIS\FWU.Exam.Management\FWU.Exam.Management.Web\FWU.Exam.Management.Web.csproj]
D:\FWU.EMIS\FWU.Exam.Management\FWU.Exam.Management.Web\Areas\Colleges\Controllers\CollegesController.cs(99,66): warning CS8625: Cannot convert null literal to non-nullable reference type. [D:\FWU.EMIS\FWU.Exam.Management\FWU.Exam.Management.Web\FWU.Exam.Management.Web.csproj]
D:\FWU.EMIS\FWU.Exam.Management\FWU.Exam.Management.Web\Areas\Core\Controllers\AcademicYearsController.cs(85,101): warning CS8625: Cannot convert null literal to non-nullable reference type. [D:\FWU.EMIS\FWU.Exam.Management\FWU.Exam.Management.Web\FWU.Exam.Management.Web.csproj]
D:\FWU.EMIS\FWU.Exam.Management\FWU.Exam.Management.Web\Areas\Colleges\Controllers\CollegesController.cs(107,68): warning CS8625: Cannot convert null literal to non-nullable reference type. [D:\FWU.EMIS\FWU.Exam.Management\FWU.Exam.Management.Web\FWU.Exam.Management.Web.csproj]
D:\FWU.EMIS\FWU.Exam.Management\FWU.Exam.Management.Web\Areas\Exams\Controllers\ExamTypesController.cs(17,74): warning CS8625: Cannot convert null literal to non-nullable reference type. [D:\FWU.EMIS\FWU.Exam.Management\FWU.Exam.Management.Web\FWU.Exam.Management.Web.csproj]
D:\FWU.EMIS\FWU.Exam.Management\FWU.Exam.Management.Web\Areas\Exams\Controllers\ExamTypesController.cs(40,99): warning CS8625: Cannot convert null literal to non-nullable reference type. [D:\FWU.EMIS\FWU.Exam.Management\FWU.Exam.Management.Web\FWU.Exam.Management.Web.csproj]
D:\FWU.EMIS\FWU.Exam.Management\FWU.Exam.Management.Web\Areas\Exams\Controllers\ExamTypesController.cs(60,99): warning CS8625: Cannot convert null literal to non-nullable reference type. [D:\FWU.EMIS\FWU.Exam.Management\FWU.Exam.Management.Web\FWU.Exam.Management.Web.csproj]
D:\FWU.EMIS\FWU.Exam.Management\FWU.Exam.Management.Web\Areas\Exams\Controllers\ExamTypesController.cs(75,101): warning CS8625: Cannot convert null literal to non-nullable reference type. [D:\FWU.EMIS\FWU.Exam.Management\FWU.Exam.Management.Web\FWU.Exam.Management.Web.csproj]
D:\FWU.EMIS\FWU.Exam.Management\FWU.Exam.Management.Web\Areas\Core\Controllers\BoardsController.cs(19,74): warning CS8625: Cannot convert null literal to non-nullable reference type. [D:\FWU.EMIS\FWU.Exam.Management\FWU.Exam.Management.Web\FWU.Exam.Management.Web.csproj]
D:\FWU.EMIS\FWU.Exam.Management\FWU.Exam.Management.Web\Areas\Core\Controllers\BoardsController.cs(44,99): warning CS8625: Cannot convert null literal to non-nullable reference type. [D:\FWU.EMIS\FWU.Exam.Management\FWU.Exam.Management.Web\FWU.Exam.Management.Web.csproj]
D:\FWU.EMIS\FWU.Exam.Management\FWU.Exam.Management.Web\Areas\Core\Controllers\BoardsController.cs(67,99): warning CS8625: Cannot convert null literal to non-nullable reference type. [D:\FWU.EMIS\FWU.Exam.Management\FWU.Exam.Management.Web\FWU.Exam.Management.Web.csproj]
D:\FWU.EMIS\FWU.Exam.Management\FWU.Exam.Management.Web\Areas\Core\Controllers\BoardsController.cs(82,101): warning CS8625: Cannot convert null literal to non-nullable reference type. [D:\FWU.EMIS\FWU.Exam.Management\FWU.Exam.Management.Web\FWU.Exam.Management.Web.csproj]
D:\FWU.EMIS\FWU.Exam.Management\FWU.Exam.Management.Web\Areas\Colleges\Controllers\CollegeTypesController.cs(17,74): warning CS8625: Cannot convert null literal to non-nullable reference type. [D:\FWU.EMIS\FWU.Exam.Management\FWU.Exam.Management.Web\FWU.Exam.Management.Web.csproj]
D:\FWU.EMIS\FWU.Exam.Management\FWU.Exam.Management.Web\Areas\Exams\Controllers\ExamSchedulesController.cs(39,74): warning CS8625: Cannot convert null literal to non-nullable reference type. [D:\FWU.EMIS\FWU.Exam.Management\FWU.Exam.Management.Web\FWU.Exam.Management.Web.csproj]
D:\FWU.EMIS\FWU.Exam.Management\FWU.Exam.Management.Web\Areas\Exams\Controllers\ExamSchedulesController.cs(65,66): warning CS8625: Cannot convert null literal to non-nullable reference type. [D:\FWU.EMIS\FWU.Exam.Management\FWU.Exam.Management.Web\FWU.Exam.Management.Web.csproj]
D:\FWU.EMIS\FWU.Exam.Management\FWU.Exam.Management.Web\Areas\Exams\Controllers\ExamSchedulesController.cs(99,66): warning CS8625: Cannot convert null literal to non-nullable reference type. [D:\FWU.EMIS\FWU.Exam.Management\FWU.Exam.Management.Web\FWU.Exam.Management.Web.csproj]
D:\FWU.EMIS\FWU.Exam.Management\FWU.Exam.Management.Web\Areas\Exams\Controllers\ExamSchedulesController.cs(107,68): warning CS8625: Cannot convert null literal to non-nullable reference type. [D:\FWU.EMIS\FWU.Exam.Management\FWU.Exam.Management.Web\FWU.Exam.Management.Web.csproj]
D:\FWU.EMIS\FWU.Exam.Management\FWU.Exam.Management.Web\Areas\Colleges\Controllers\CollegeTypesController.cs(40,99): warning CS8625: Cannot convert null literal to non-nullable reference type. [D:\FWU.EMIS\FWU.Exam.Management\FWU.Exam.Management.Web\FWU.Exam.Management.Web.csproj]
D:\FWU.EMIS\FWU.Exam.Management\FWU.Exam.Management.Web\Areas\Colleges\Controllers\CollegeTypesController.cs(61,99): warning CS8625: Cannot convert null literal to non-nullable reference type. [D:\FWU.EMIS\FWU.Exam.Management\FWU.Exam.Management.Web\FWU.Exam.Management.Web.csproj]
D:\FWU.EMIS\FWU.Exam.Management\FWU.Exam.Management.Web\Areas\Colleges\Controllers\CollegeTypesController.cs(76,101): warning CS8625: Cannot convert null literal to non-nullable reference type. [D:\FWU.EMIS\FWU.Exam.Management\FWU.Exam.Management.Web\FWU.Exam.Management.Web.csproj]
D:\FWU.EMIS\FWU.Exam.Management\FWU.Exam.Management.Web\Areas\Exams\Controllers\EntranceController.cs(437,78): warning CS8625: Cannot convert null literal to non-nullable reference type. [D:\FWU.EMIS\FWU.Exam.Management\FWU.Exam.Management.Web\FWU.Exam.Management.Web.csproj]
D:\FWU.EMIS\FWU.Exam.Management\FWU.Exam.Management.Web\Areas\Exams\Controllers\EntranceController.cs(437,100): warning CS8625: Cannot convert null literal to non-nullable reference type. [D:\FWU.EMIS\FWU.Exam.Management\FWU.Exam.Management.Web\FWU.Exam.Management.Web.csproj]
D:\FWU.EMIS\FWU.Exam.Management\FWU.Exam.Management.Web\Areas\Core\Controllers\ConnectIPSConfigurationsController.cs(18,74): warning CS8625: Cannot convert null literal to non-nullable reference type. [D:\FWU.EMIS\FWU.Exam.Management\FWU.Exam.Management.Web\FWU.Exam.Management.Web.csproj]
D:\FWU.EMIS\FWU.Exam.Management\FWU.Exam.Management.Web\Areas\Core\Controllers\ConnectIPSConfigurationsController.cs(102,99): warning CS8625: Cannot convert null literal to non-nullable reference type. [D:\FWU.EMIS\FWU.Exam.Management\FWU.Exam.Management.Web\FWU.Exam.Management.Web.csproj]
D:\FWU.EMIS\FWU.Exam.Management\FWU.Exam.Management.Web\Areas\Core\Controllers\ConnectIPSConfigurationsController.cs(124,99): warning CS8625: Cannot convert null literal to non-nullable reference type. [D:\FWU.EMIS\FWU.Exam.Management\FWU.Exam.Management.Web\FWU.Exam.Management.Web.csproj]
D:\FWU.EMIS\FWU.Exam.Management\FWU.Exam.Management.Web\Areas\Core\Controllers\ConnectIPSConfigurationsController.cs(139,101): warning CS8625: Cannot convert null literal to non-nullable reference type. [D:\FWU.EMIS\FWU.Exam.Management\FWU.Exam.Management.Web\FWU.Exam.Management.Web.csproj]
D:\FWU.EMIS\FWU.Exam.Management\FWU.Exam.Management.Web\Areas\Exams\Controllers\EntranceController.cs(504,68): warning CS8625: Cannot convert null literal to non-nullable reference type. [D:\FWU.EMIS\FWU.Exam.Management\FWU.Exam.Management.Web\FWU.Exam.Management.Web.csproj]
D:\FWU.EMIS\FWU.Exam.Management\FWU.Exam.Management.Web\Areas\Exams\Controllers\EntranceController.cs(504,90): warning CS8625: Cannot convert null literal to non-nullable reference type. [D:\FWU.EMIS\FWU.Exam.Management\FWU.Exam.Management.Web\FWU.Exam.Management.Web.csproj]
D:\FWU.EMIS\FWU.Exam.Management\FWU.Exam.Management.Web\Areas\Exams\Controllers\EntranceController.cs(575,83): warning CS8625: Cannot convert null literal to non-nullable reference type. [D:\FWU.EMIS\FWU.Exam.Management\FWU.Exam.Management.Web\FWU.Exam.Management.Web.csproj]
D:\FWU.EMIS\FWU.Exam.Management\FWU.Exam.Management.Web\Areas\Location\Controllers\DistrictsController.cs(20,74): warning CS8625: Cannot convert null literal to non-nullable reference type. [D:\FWU.EMIS\FWU.Exam.Management\FWU.Exam.Management.Web\FWU.Exam.Management.Web.csproj]
D:\FWU.EMIS\FWU.Exam.Management\FWU.Exam.Management.Web\Areas\Location\Controllers\DistrictsController.cs(55,99): warning CS8625: Cannot convert null literal to non-nullable reference type. [D:\FWU.EMIS\FWU.Exam.Management\FWU.Exam.Management.Web\FWU.Exam.Management.Web.csproj]
D:\FWU.EMIS\FWU.Exam.Management\FWU.Exam.Management.Web\Areas\Location\Controllers\DistrictsController.cs(77,99): warning CS8625: Cannot convert null literal to non-nullable reference type. [D:\FWU.EMIS\FWU.Exam.Management\FWU.Exam.Management.Web\FWU.Exam.Management.Web.csproj]
D:\FWU.EMIS\FWU.Exam.Management\FWU.Exam.Management.Web\Areas\Location\Controllers\DistrictsController.cs(93,101): warning CS8625: Cannot convert null literal to non-nullable reference type. [D:\FWU.EMIS\FWU.Exam.Management\FWU.Exam.Management.Web\FWU.Exam.Management.Web.csproj]
D:\FWU.EMIS\FWU.Exam.Management\FWU.Exam.Management.Web\Areas\Location\Controllers\LocalLevelsController.cs(20,74): warning CS8625: Cannot convert null literal to non-nullable reference type. [D:\FWU.EMIS\FWU.Exam.Management\FWU.Exam.Management.Web\FWU.Exam.Management.Web.csproj]
D:\FWU.EMIS\FWU.Exam.Management\FWU.Exam.Management.Web\Areas\Location\Controllers\LocalLevelsController.cs(45,99): warning CS8625: Cannot convert null literal to non-nullable reference type. [D:\FWU.EMIS\FWU.Exam.Management\FWU.Exam.Management.Web\FWU.Exam.Management.Web.csproj]
D:\FWU.EMIS\FWU.Exam.Management\FWU.Exam.Management.Web\Areas\Location\Controllers\LocalLevelsController.cs(68,99): warning CS8625: Cannot convert null literal to non-nullable reference type. [D:\FWU.EMIS\FWU.Exam.Management\FWU.Exam.Management.Web\FWU.Exam.Management.Web.csproj]
D:\FWU.EMIS\FWU.Exam.Management\FWU.Exam.Management.Web\Areas\Location\Controllers\LocalLevelsController.cs(84,101): warning CS8625: Cannot convert null literal to non-nullable reference type. [D:\FWU.EMIS\FWU.Exam.Management\FWU.Exam.Management.Web\FWU.Exam.Management.Web.csproj]
D:\FWU.EMIS\FWU.Exam.Management\FWU.Exam.Management.Web\Areas\Location\Controllers\ProvincesController.cs(20,74): warning CS8625: Cannot convert null literal to non-nullable reference type. [D:\FWU.EMIS\FWU.Exam.Management\FWU.Exam.Management.Web\FWU.Exam.Management.Web.csproj]
D:\FWU.EMIS\FWU.Exam.Management\FWU.Exam.Management.Web\Areas\Location\Controllers\ProvincesController.cs(45,99): warning CS8625: Cannot convert null literal to non-nullable reference type. [D:\FWU.EMIS\FWU.Exam.Management\FWU.Exam.Management.Web\FWU.Exam.Management.Web.csproj]
D:\FWU.EMIS\FWU.Exam.Management\FWU.Exam.Management.Web\Areas\Location\Controllers\ProvincesController.cs(66,99): warning CS8625: Cannot convert null literal to non-nullable reference type. [D:\FWU.EMIS\FWU.Exam.Management\FWU.Exam.Management.Web\FWU.Exam.Management.Web.csproj]
D:\FWU.EMIS\FWU.Exam.Management\FWU.Exam.Management.Web\Areas\Location\Controllers\ProvincesController.cs(82,101): warning CS8625: Cannot convert null literal to non-nullable reference type. [D:\FWU.EMIS\FWU.Exam.Management\FWU.Exam.Management.Web\FWU.Exam.Management.Web.csproj]
D:\FWU.EMIS\FWU.Exam.Management\FWU.Exam.Management.Web\Controllers\StudentCategoriesController.cs(20,74): warning CS8625: Cannot convert null literal to non-nullable reference type. [D:\FWU.EMIS\FWU.Exam.Management\FWU.Exam.Management.Web\FWU.Exam.Management.Web.csproj]
D:\FWU.EMIS\FWU.Exam.Management\FWU.Exam.Management.Web\Areas\Core\Controllers\DepartmentsController.cs(18,74): warning CS8625: Cannot convert null literal to non-nullable reference type. [D:\FWU.EMIS\FWU.Exam.Management\FWU.Exam.Management.Web\FWU.Exam.Management.Web.csproj]
D:\FWU.EMIS\FWU.Exam.Management\FWU.Exam.Management.Web\Areas\Core\Controllers\DepartmentsController.cs(41,99): warning CS8625: Cannot convert null literal to non-nullable reference type. [D:\FWU.EMIS\FWU.Exam.Management\FWU.Exam.Management.Web\FWU.Exam.Management.Web.csproj]
D:\FWU.EMIS\FWU.Exam.Management\FWU.Exam.Management.Web\Areas\Core\Controllers\DepartmentsController.cs(62,99): warning CS8625: Cannot convert null literal to non-nullable reference type. [D:\FWU.EMIS\FWU.Exam.Management\FWU.Exam.Management.Web\FWU.Exam.Management.Web.csproj]
D:\FWU.EMIS\FWU.Exam.Management\FWU.Exam.Management.Web\Areas\Core\Controllers\DepartmentsController.cs(77,101): warning CS8625: Cannot convert null literal to non-nullable reference type. [D:\FWU.EMIS\FWU.Exam.Management\FWU.Exam.Management.Web\FWU.Exam.Management.Web.csproj]
D:\FWU.EMIS\FWU.Exam.Management\FWU.Exam.Management.Web\Areas\Payments\Controllers\BanksController.cs(17,74): warning CS8625: Cannot convert null literal to non-nullable reference type. [D:\FWU.EMIS\FWU.Exam.Management\FWU.Exam.Management.Web\FWU.Exam.Management.Web.csproj]
D:\FWU.EMIS\FWU.Exam.Management\FWU.Exam.Management.Web\Areas\Payments\Controllers\BanksController.cs(40,99): warning CS8625: Cannot convert null literal to non-nullable reference type. [D:\FWU.EMIS\FWU.Exam.Management\FWU.Exam.Management.Web\FWU.Exam.Management.Web.csproj]
D:\FWU.EMIS\FWU.Exam.Management\FWU.Exam.Management.Web\Areas\Payments\Controllers\BanksController.cs(60,99): warning CS8625: Cannot convert null literal to non-nullable reference type. [D:\FWU.EMIS\FWU.Exam.Management\FWU.Exam.Management.Web\FWU.Exam.Management.Web.csproj]
D:\FWU.EMIS\FWU.Exam.Management\FWU.Exam.Management.Web\Areas\Payments\Controllers\BanksController.cs(75,101): warning CS8625: Cannot convert null literal to non-nullable reference type. [D:\FWU.EMIS\FWU.Exam.Management\FWU.Exam.Management.Web\FWU.Exam.Management.Web.csproj]
D:\FWU.EMIS\FWU.Exam.Management\FWU.Exam.Management.Web\Areas\Payments\Controllers\BillTitlesController.cs(35,74): warning CS8625: Cannot convert null literal to non-nullable reference type. [D:\FWU.EMIS\FWU.Exam.Management\FWU.Exam.Management.Web\FWU.Exam.Management.Web.csproj]
D:\FWU.EMIS\FWU.Exam.Management\FWU.Exam.Management.Web\Areas\Payments\Controllers\BillTitlesController.cs(58,99): warning CS8625: Cannot convert null literal to non-nullable reference type. [D:\FWU.EMIS\FWU.Exam.Management\FWU.Exam.Management.Web\FWU.Exam.Management.Web.csproj]
D:\FWU.EMIS\FWU.Exam.Management\FWU.Exam.Management.Web\Areas\Payments\Controllers\BillTitlesController.cs(81,99): warning CS8625: Cannot convert null literal to non-nullable reference type. [D:\FWU.EMIS\FWU.Exam.Management\FWU.Exam.Management.Web\FWU.Exam.Management.Web.csproj]
D:\FWU.EMIS\FWU.Exam.Management\FWU.Exam.Management.Web\Areas\Payments\Controllers\BillTitlesController.cs(96,101): warning CS8625: Cannot convert null literal to non-nullable reference type. [D:\FWU.EMIS\FWU.Exam.Management\FWU.Exam.Management.Web\FWU.Exam.Management.Web.csproj]
D:\FWU.EMIS\FWU.Exam.Management\FWU.Exam.Management.Web\Areas\Payments\Controllers\PaymentTypesController.cs(17,74): warning CS8625: Cannot convert null literal to non-nullable reference type. [D:\FWU.EMIS\FWU.Exam.Management\FWU.Exam.Management.Web\FWU.Exam.Management.Web.csproj]
D:\FWU.EMIS\FWU.Exam.Management\FWU.Exam.Management.Web\Areas\Payments\Controllers\PaymentTypesController.cs(40,99): warning CS8625: Cannot convert null literal to non-nullable reference type. [D:\FWU.EMIS\FWU.Exam.Management\FWU.Exam.Management.Web\FWU.Exam.Management.Web.csproj]
D:\FWU.EMIS\FWU.Exam.Management\FWU.Exam.Management.Web\Areas\Payments\Controllers\PaymentTypesController.cs(59,99): warning CS8625: Cannot convert null literal to non-nullable reference type. [D:\FWU.EMIS\FWU.Exam.Management\FWU.Exam.Management.Web\FWU.Exam.Management.Web.csproj]
D:\FWU.EMIS\FWU.Exam.Management\FWU.Exam.Management.Web\Areas\Payments\Controllers\PaymentTypesController.cs(74,101): warning CS8625: Cannot convert null literal to non-nullable reference type. [D:\FWU.EMIS\FWU.Exam.Management\FWU.Exam.Management.Web\FWU.Exam.Management.Web.csproj]
D:\FWU.EMIS\FWU.Exam.Management\FWU.Exam.Management.Web\Controllers\TenantsController.cs(26,74): warning CS8625: Cannot convert null literal to non-nullable reference type. [D:\FWU.EMIS\FWU.Exam.Management\FWU.Exam.Management.Web\FWU.Exam.Management.Web.csproj]
D:\FWU.EMIS\FWU.Exam.Management\FWU.Exam.Management.Web\Areas\Core\Controllers\ESewaConfigurationsController.cs(17,74): warning CS8625: Cannot convert null literal to non-nullable reference type. [D:\FWU.EMIS\FWU.Exam.Management\FWU.Exam.Management.Web\FWU.Exam.Management.Web.csproj]
D:\FWU.EMIS\FWU.Exam.Management\FWU.Exam.Management.Web\Areas\Core\Controllers\ESewaConfigurationsController.cs(101,99): warning CS8625: Cannot convert null literal to non-nullable reference type. [D:\FWU.EMIS\FWU.Exam.Management\FWU.Exam.Management.Web\FWU.Exam.Management.Web.csproj]
D:\FWU.EMIS\FWU.Exam.Management\FWU.Exam.Management.Web\Areas\Core\Controllers\ESewaConfigurationsController.cs(122,99): warning CS8625: Cannot convert null literal to non-nullable reference type. [D:\FWU.EMIS\FWU.Exam.Management\FWU.Exam.Management.Web\FWU.Exam.Management.Web.csproj]
D:\FWU.EMIS\FWU.Exam.Management\FWU.Exam.Management.Web\Areas\Core\Controllers\ESewaConfigurationsController.cs(137,101): warning CS8625: Cannot convert null literal to non-nullable reference type. [D:\FWU.EMIS\FWU.Exam.Management\FWU.Exam.Management.Web\FWU.Exam.Management.Web.csproj]
D:\FWU.EMIS\FWU.Exam.Management\FWU.Exam.Management.Web\Areas\Students\Controllers\StudentAdmissionsController.cs(49,74): warning CS8625: Cannot convert null literal to non-nullable reference type. [D:\FWU.EMIS\FWU.Exam.Management\FWU.Exam.Management.Web\FWU.Exam.Management.Web.csproj]
D:\FWU.EMIS\FWU.Exam.Management\FWU.Exam.Management.Web\Areas\Students\Controllers\StudentAdmissionsController.cs(241,99): warning CS8625: Cannot convert null literal to non-nullable reference type. [D:\FWU.EMIS\FWU.Exam.Management\FWU.Exam.Management.Web\FWU.Exam.Management.Web.csproj]
D:\FWU.EMIS\FWU.Exam.Management\FWU.Exam.Management.Web\Areas\Students\Controllers\StudentAdmissionsController.cs(267,99): warning CS8625: Cannot convert null literal to non-nullable reference type. [D:\FWU.EMIS\FWU.Exam.Management\FWU.Exam.Management.Web\FWU.Exam.Management.Web.csproj]
D:\FWU.EMIS\FWU.Exam.Management\FWU.Exam.Management.Web\Areas\Students\Controllers\StudentAdmissionsController.cs(284,101): warning CS8625: Cannot convert null literal to non-nullable reference type. [D:\FWU.EMIS\FWU.Exam.Management\FWU.Exam.Management.Web\FWU.Exam.Management.Web.csproj]
D:\FWU.EMIS\FWU.Exam.Management\FWU.Exam.Management.Web\Areas\Core\Controllers\FacultyController.cs(17,60): warning CS8625: Cannot convert null literal to non-nullable reference type. [D:\FWU.EMIS\FWU.Exam.Management\FWU.Exam.Management.Web\FWU.Exam.Management.Web.csproj]
D:\FWU.EMIS\FWU.Exam.Management\FWU.Exam.Management.Web\Areas\Core\Controllers\FacultyController.cs(96,66): warning CS8625: Cannot convert null literal to non-nullable reference type. [D:\FWU.EMIS\FWU.Exam.Management\FWU.Exam.Management.Web\FWU.Exam.Management.Web.csproj]
D:\FWU.EMIS\FWU.Exam.Management\FWU.Exam.Management.Web\Areas\Core\Controllers\FacultyController.cs(135,66): warning CS8625: Cannot convert null literal to non-nullable reference type. [D:\FWU.EMIS\FWU.Exam.Management\FWU.Exam.Management.Web\FWU.Exam.Management.Web.csproj]
D:\FWU.EMIS\FWU.Exam.Management\FWU.Exam.Management.Web\Areas\Core\Controllers\KhaltiConfigurationsController.cs(18,74): warning CS8625: Cannot convert null literal to non-nullable reference type. [D:\FWU.EMIS\FWU.Exam.Management\FWU.Exam.Management.Web\FWU.Exam.Management.Web.csproj]
D:\FWU.EMIS\FWU.Exam.Management\FWU.Exam.Management.Web\Areas\Core\Controllers\KhaltiConfigurationsController.cs(105,99): warning CS8625: Cannot convert null literal to non-nullable reference type. [D:\FWU.EMIS\FWU.Exam.Management\FWU.Exam.Management.Web\FWU.Exam.Management.Web.csproj]
D:\FWU.EMIS\FWU.Exam.Management\FWU.Exam.Management.Web\Areas\Core\Controllers\KhaltiConfigurationsController.cs(127,99): warning CS8625: Cannot convert null literal to non-nullable reference type. [D:\FWU.EMIS\FWU.Exam.Management\FWU.Exam.Management.Web\FWU.Exam.Management.Web.csproj]
D:\FWU.EMIS\FWU.Exam.Management\FWU.Exam.Management.Web\Areas\Core\Controllers\KhaltiConfigurationsController.cs(142,101): warning CS8625: Cannot convert null literal to non-nullable reference type. [D:\FWU.EMIS\FWU.Exam.Management\FWU.Exam.Management.Web\FWU.Exam.Management.Web.csproj]
D:\FWU.EMIS\FWU.Exam.Management\FWU.Exam.Management.Web\Areas\Core\Controllers\LevelsController.cs(18,74): warning CS8625: Cannot convert null literal to non-nullable reference type. [D:\FWU.EMIS\FWU.Exam.Management\FWU.Exam.Management.Web\FWU.Exam.Management.Web.csproj]
D:\FWU.EMIS\FWU.Exam.Management\FWU.Exam.Management.Web\Areas\Core\Controllers\LevelsController.cs(41,99): warning CS8625: Cannot convert null literal to non-nullable reference type. [D:\FWU.EMIS\FWU.Exam.Management\FWU.Exam.Management.Web\FWU.Exam.Management.Web.csproj]
D:\FWU.EMIS\FWU.Exam.Management\FWU.Exam.Management.Web\Areas\Core\Controllers\LevelsController.cs(63,99): warning CS8625: Cannot convert null literal to non-nullable reference type. [D:\FWU.EMIS\FWU.Exam.Management\FWU.Exam.Management.Web\FWU.Exam.Management.Web.csproj]
D:\FWU.EMIS\FWU.Exam.Management\FWU.Exam.Management.Web\Areas\Core\Controllers\LevelsController.cs(78,101): warning CS8625: Cannot convert null literal to non-nullable reference type. [D:\FWU.EMIS\FWU.Exam.Management\FWU.Exam.Management.Web\FWU.Exam.Management.Web.csproj]
D:\FWU.EMIS\FWU.Exam.Management\FWU.Exam.Management.Web\Areas\Core\Controllers\NoticesController.cs(18,74): warning CS8625: Cannot convert null literal to non-nullable reference type. [D:\FWU.EMIS\FWU.Exam.Management\FWU.Exam.Management.Web\FWU.Exam.Management.Web.csproj]
D:\FWU.EMIS\FWU.Exam.Management\FWU.Exam.Management.Web\Areas\Core\Controllers\NoticesController.cs(41,99): warning CS8625: Cannot convert null literal to non-nullable reference type. [D:\FWU.EMIS\FWU.Exam.Management\FWU.Exam.Management.Web\FWU.Exam.Management.Web.csproj]
D:\FWU.EMIS\FWU.Exam.Management\FWU.Exam.Management.Web\Areas\Core\Controllers\NoticesController.cs(60,99): warning CS8625: Cannot convert null literal to non-nullable reference type. [D:\FWU.EMIS\FWU.Exam.Management\FWU.Exam.Management.Web\FWU.Exam.Management.Web.csproj]
D:\FWU.EMIS\FWU.Exam.Management\FWU.Exam.Management.Web\Areas\Core\Controllers\NoticesController.cs(75,101): warning CS8625: Cannot convert null literal to non-nullable reference type. [D:\FWU.EMIS\FWU.Exam.Management\FWU.Exam.Management.Web\FWU.Exam.Management.Web.csproj]
D:\FWU.EMIS\FWU.Exam.Management\FWU.Exam.Management.Web\Areas\Core\Controllers\ProgramsController.cs(18,74): warning CS8625: Cannot convert null literal to non-nullable reference type. [D:\FWU.EMIS\FWU.Exam.Management\FWU.Exam.Management.Web\FWU.Exam.Management.Web.csproj]
D:\FWU.EMIS\FWU.Exam.Management\FWU.Exam.Management.Web\Areas\Core\Controllers\ProgramsController.cs(41,99): warning CS8625: Cannot convert null literal to non-nullable reference type. [D:\FWU.EMIS\FWU.Exam.Management\FWU.Exam.Management.Web\FWU.Exam.Management.Web.csproj]
D:\FWU.EMIS\FWU.Exam.Management\FWU.Exam.Management.Web\Areas\Core\Controllers\ProgramsController.cs(71,99): warning CS8625: Cannot convert null literal to non-nullable reference type. [D:\FWU.EMIS\FWU.Exam.Management\FWU.Exam.Management.Web\FWU.Exam.Management.Web.csproj]
D:\FWU.EMIS\FWU.Exam.Management\FWU.Exam.Management.Web\Areas\Core\Controllers\ProgramsController.cs(86,101): warning CS8625: Cannot convert null literal to non-nullable reference type. [D:\FWU.EMIS\FWU.Exam.Management\FWU.Exam.Management.Web\FWU.Exam.Management.Web.csproj]
D:\FWU.EMIS\FWU.Exam.Management\FWU.Exam.Management.Web\Areas\Core\Controllers\SemestersController.cs(18,74): warning CS8625: Cannot convert null literal to non-nullable reference type. [D:\FWU.EMIS\FWU.Exam.Management\FWU.Exam.Management.Web\FWU.Exam.Management.Web.csproj]
D:\FWU.EMIS\FWU.Exam.Management\FWU.Exam.Management.Web\Areas\Core\Controllers\SemestersController.cs(41,99): warning CS8625: Cannot convert null literal to non-nullable reference type. [D:\FWU.EMIS\FWU.Exam.Management\FWU.Exam.Management.Web\FWU.Exam.Management.Web.csproj]
D:\FWU.EMIS\FWU.Exam.Management\FWU.Exam.Management.Web\Areas\Core\Controllers\SemestersController.cs(64,99): warning CS8625: Cannot convert null literal to non-nullable reference type. [D:\FWU.EMIS\FWU.Exam.Management\FWU.Exam.Management.Web\FWU.Exam.Management.Web.csproj]
D:\FWU.EMIS\FWU.Exam.Management\FWU.Exam.Management.Web\Areas\Core\Controllers\SemestersController.cs(79,101): warning CS8625: Cannot convert null literal to non-nullable reference type. [D:\FWU.EMIS\FWU.Exam.Management\FWU.Exam.Management.Web\FWU.Exam.Management.Web.csproj]
D:\FWU.EMIS\FWU.Exam.Management\FWU.Exam.Management.Web\Areas\Core\Controllers\SmsConfigurationsController.cs(15,74): warning CS8625: Cannot convert null literal to non-nullable reference type. [D:\FWU.EMIS\FWU.Exam.Management\FWU.Exam.Management.Web\FWU.Exam.Management.Web.csproj]
D:\FWU.EMIS\FWU.Exam.Management\FWU.Exam.Management.Web\Areas\Core\Controllers\SmsConfigurationsController.cs(96,99): warning CS8625: Cannot convert null literal to non-nullable reference type. [D:\FWU.EMIS\FWU.Exam.Management\FWU.Exam.Management.Web\FWU.Exam.Management.Web.csproj]
D:\FWU.EMIS\FWU.Exam.Management\FWU.Exam.Management.Web\Areas\Core\Controllers\SmsConfigurationsController.cs(116,99): warning CS8625: Cannot convert null literal to non-nullable reference type. [D:\FWU.EMIS\FWU.Exam.Management\FWU.Exam.Management.Web\FWU.Exam.Management.Web.csproj]
D:\FWU.EMIS\FWU.Exam.Management\FWU.Exam.Management.Web\Areas\Core\Controllers\SmsConfigurationsController.cs(131,101): warning CS8625: Cannot convert null literal to non-nullable reference type. [D:\FWU.EMIS\FWU.Exam.Management\FWU.Exam.Management.Web\FWU.Exam.Management.Web.csproj]
D:\FWU.EMIS\FWU.Exam.Management\FWU.Exam.Management.Web\Areas\Core\Controllers\SmtpConfigurationsController.cs(20,74): warning CS8625: Cannot convert null literal to non-nullable reference type. [D:\FWU.EMIS\FWU.Exam.Management\FWU.Exam.Management.Web\FWU.Exam.Management.Web.csproj]
D:\FWU.EMIS\FWU.Exam.Management\FWU.Exam.Management.Web\Areas\Core\Controllers\SmtpConfigurationsController.cs(112,103): warning CS8625: Cannot convert null literal to non-nullable reference type. [D:\FWU.EMIS\FWU.Exam.Management\FWU.Exam.Management.Web\FWU.Exam.Management.Web.csproj]
D:\FWU.EMIS\FWU.Exam.Management\FWU.Exam.Management.Web\Areas\Core\Controllers\SmtpConfigurationsController.cs(139,103): warning CS8625: Cannot convert null literal to non-nullable reference type. [D:\FWU.EMIS\FWU.Exam.Management\FWU.Exam.Management.Web\FWU.Exam.Management.Web.csproj]
D:\FWU.EMIS\FWU.Exam.Management\FWU.Exam.Management.Web\Areas\Core\Controllers\SmtpConfigurationsController.cs(154,105): warning CS8625: Cannot convert null literal to non-nullable reference type. [D:\FWU.EMIS\FWU.Exam.Management\FWU.Exam.Management.Web\FWU.Exam.Management.Web.csproj]
D:\FWU.EMIS\FWU.Exam.Management\FWU.Exam.Management.Web\Areas\Subjects\Controllers\CurriculumVersionsController.cs(25,74): warning CS8625: Cannot convert null literal to non-nullable reference type. [D:\FWU.EMIS\FWU.Exam.Management\FWU.Exam.Management.Web\FWU.Exam.Management.Web.csproj]
D:\FWU.EMIS\FWU.Exam.Management\FWU.Exam.Management.Web\Areas\Subjects\Controllers\CurriculumVersionsController.cs(48,99): warning CS8625: Cannot convert null literal to non-nullable reference type. [D:\FWU.EMIS\FWU.Exam.Management\FWU.Exam.Management.Web\FWU.Exam.Management.Web.csproj]
D:\FWU.EMIS\FWU.Exam.Management\FWU.Exam.Management.Web\Areas\Subjects\Controllers\CurriculumVersionsController.cs(69,101): warning CS8625: Cannot convert null literal to non-nullable reference type. [D:\FWU.EMIS\FWU.Exam.Management\FWU.Exam.Management.Web\FWU.Exam.Management.Web.csproj]
D:\FWU.EMIS\FWU.Exam.Management\FWU.Exam.Management.Web\Areas\Subjects\Controllers\CurriculumVersionsController.cs(105,99): warning CS8625: Cannot convert null literal to non-nullable reference type. [D:\FWU.EMIS\FWU.Exam.Management\FWU.Exam.Management.Web\FWU.Exam.Management.Web.csproj]
D:\FWU.EMIS\FWU.Exam.Management\FWU.Exam.Management.Web\Areas\Subjects\Controllers\SubjectCatalogsController.cs(25,74): warning CS8625: Cannot convert null literal to non-nullable reference type. [D:\FWU.EMIS\FWU.Exam.Management\FWU.Exam.Management.Web\FWU.Exam.Management.Web.csproj]
D:\FWU.EMIS\FWU.Exam.Management\FWU.Exam.Management.Web\Areas\Subjects\Controllers\SubjectCatalogsController.cs(194,99): warning CS8625: Cannot convert null literal to non-nullable reference type. [D:\FWU.EMIS\FWU.Exam.Management\FWU.Exam.Management.Web\FWU.Exam.Management.Web.csproj]
D:\FWU.EMIS\FWU.Exam.Management\FWU.Exam.Management.Web\Areas\Subjects\Controllers\SubjectCatalogsController.cs(217,101): warning CS8625: Cannot convert null literal to non-nullable reference type. [D:\FWU.EMIS\FWU.Exam.Management\FWU.Exam.Management.Web\FWU.Exam.Management.Web.csproj]
D:\FWU.EMIS\FWU.Exam.Management\FWU.Exam.Management.Web\Areas\Subjects\Controllers\SubjectCatalogsController.cs(255,99): warning CS8625: Cannot convert null literal to non-nullable reference type. [D:\FWU.EMIS\FWU.Exam.Management\FWU.Exam.Management.Web\FWU.Exam.Management.Web.csproj]
D:\FWU.EMIS\FWU.Exam.Management\FWU.Exam.Management.Web\Areas\Subjects\Controllers\SubjectOfferingsController.cs(27,60): warning CS8625: Cannot convert null literal to non-nullable reference type. [D:\FWU.EMIS\FWU.Exam.Management\FWU.Exam.Management.Web\FWU.Exam.Management.Web.csproj]
D:\FWU.EMIS\FWU.Exam.Management\FWU.Exam.Management.Web\Areas\Subjects\Controllers\SubjectOfferingsController.cs(47,99): warning CS8625: Cannot convert null literal to non-nullable reference type. [D:\FWU.EMIS\FWU.Exam.Management\FWU.Exam.Management.Web\FWU.Exam.Management.Web.csproj]
D:\FWU.EMIS\FWU.Exam.Management\FWU.Exam.Management.Web\Areas\Subjects\Controllers\SubjectOfferingsController.cs(71,101): warning CS8625: Cannot convert null literal to non-nullable reference type. [D:\FWU.EMIS\FWU.Exam.Management\FWU.Exam.Management.Web\FWU.Exam.Management.Web.csproj]
D:\FWU.EMIS\FWU.Exam.Management\FWU.Exam.Management.Web\Areas\Subjects\Controllers\SubjectOfferingsController.cs(110,99): warning CS8625: Cannot convert null literal to non-nullable reference type. [D:\FWU.EMIS\FWU.Exam.Management\FWU.Exam.Management.Web\FWU.Exam.Management.Web.csproj]
D:\FWU.EMIS\FWU.Exam.Management\FWU.Exam.Management.Web\Areas\Subjects\Controllers\SubjectTypesController.cs(24,74): warning CS8625: Cannot convert null literal to non-nullable reference type. [D:\FWU.EMIS\FWU.Exam.Management\FWU.Exam.Management.Web\FWU.Exam.Management.Web.csproj]
D:\FWU.EMIS\FWU.Exam.Management\FWU.Exam.Management.Web\Areas\Subjects\Controllers\SubjectTypesController.cs(47,99): warning CS8625: Cannot convert null literal to non-nullable reference type. [D:\FWU.EMIS\FWU.Exam.Management\FWU.Exam.Management.Web\FWU.Exam.Management.Web.csproj]
D:\FWU.EMIS\FWU.Exam.Management\FWU.Exam.Management.Web\Areas\Subjects\Controllers\SubjectTypesController.cs(69,101): warning CS8625: Cannot convert null literal to non-nullable reference type. [D:\FWU.EMIS\FWU.Exam.Management\FWU.Exam.Management.Web\FWU.Exam.Management.Web.csproj]
D:\FWU.EMIS\FWU.Exam.Management\FWU.Exam.Management.Web\Areas\Subjects\Controllers\SubjectTypesController.cs(106,99): warning CS8625: Cannot convert null literal to non-nullable reference type. [D:\FWU.EMIS\FWU.Exam.Management\FWU.Exam.Management.Web\FWU.Exam.Management.Web.csproj]
D:\FWU.EMIS\FWU.Exam.Management\FWU.Exam.Management.Web\Controllers\FacultyDashboardController.cs(17,22): warning CS9113: Parameter 'facultyResolver' is unread. [D:\FWU.EMIS\FWU.Exam.Management\FWU.Exam.Management.Web\FWU.Exam.Management.Web.csproj]
D:\FWU.EMIS\FWU.Exam.Management\FWU.Exam.Management.Web\Controllers\DashboardController.cs(25,33): warning CS8602: Dereference of a possibly null reference. [D:\FWU.EMIS\FWU.Exam.Management\FWU.Exam.Management.Web\FWU.Exam.Management.Web.csproj]
D:\FWU.EMIS\FWU.Exam.Management\FWU.Exam.Management.Web\Controllers\DashboardController.cs(104,29): warning CS8602: Dereference of a possibly null reference. [D:\FWU.EMIS\FWU.Exam.Management\FWU.Exam.Management.Web\FWU.Exam.Management.Web.csproj]
D:\FWU.EMIS\FWU.Exam.Management\FWU.Exam.Management.Web\Controllers\UserController.cs(42,43): warning CS8604: Possible null reference argument for parameter 'source' in 'IQueryable<College> Queryable.Where<College>(IQueryable<College> source, Expression<Func<College, bool>> predicate)'. [D:\FWU.EMIS\FWU.Exam.Management\FWU.Exam.Management.Web\FWU.Exam.Management.Web.csproj]
D:\FWU.EMIS\FWU.Exam.Management\FWU.Exam.Management.Web\Controllers\UserController.cs(52,43): warning CS8604: Possible null reference argument for parameter 'source' in 'IQueryable<College> Queryable.Where<College>(IQueryable<College> source, Expression<Func<College, bool>> predicate)'. [D:\FWU.EMIS\FWU.Exam.Management\FWU.Exam.Management.Web\FWU.Exam.Management.Web.csproj]
D:\FWU.EMIS\FWU.Exam.Management\FWU.Exam.Management.Web\Areas\Admin\Controllers\TeacherAssignmentsController.cs(92,31): warning CS8604: Possible null reference argument for parameter 'source' in 'IQueryable<SubjectOffering> EntityFrameworkQueryableExtensions.AsNoTracking<SubjectOffering>(IQueryable<SubjectOffering> source)'. [D:\FWU.EMIS\FWU.Exam.Management\FWU.Exam.Management.Web\FWU.Exam.Management.Web.csproj]
D:\FWU.EMIS\FWU.Exam.Management\FWU.Exam.Management.Web\Controllers\UserController.cs(105,50): warning CS8604: Possible null reference argument for parameter 'source' in 'Task<List<Faculty>> EntityFrameworkQueryableExtensions.ToListAsync<Faculty>(IQueryable<Faculty> source, CancellationToken cancellationToken = default(CancellationToken))'. [D:\FWU.EMIS\FWU.Exam.Management\FWU.Exam.Management.Web\FWU.Exam.Management.Web.csproj]
D:\FWU.EMIS\FWU.Exam.Management\FWU.Exam.Management.Web\Controllers\UserController.cs(106,49): warning CS8604: Possible null reference argument for parameter 'source' in 'Task<List<College>> EntityFrameworkQueryableExtensions.ToListAsync<College>(IQueryable<College> source, CancellationToken cancellationToken = default(CancellationToken))'. [D:\FWU.EMIS\FWU.Exam.Management\FWU.Exam.Management.Web\FWU.Exam.Management.Web.csproj]
D:\FWU.EMIS\FWU.Exam.Management\FWU.Exam.Management.Web\Controllers\UserController.cs(107,52): warning CS8604: Possible null reference argument for parameter 'source' in 'Task<List<Department>> EntityFrameworkQueryableExtensions.ToListAsync<Department>(IQueryable<Department> source, CancellationToken cancellationToken = default(CancellationToken))'. [D:\FWU.EMIS\FWU.Exam.Management\FWU.Exam.Management.Web\FWU.Exam.Management.Web.csproj]
D:\FWU.EMIS\FWU.Exam.Management\FWU.Exam.Management.Web\Views\Shared\_Layout.cshtml(128,33): warning CS8602: Dereference of a possibly null reference. [D:\FWU.EMIS\FWU.Exam.Management\FWU.Exam.Management.Web\FWU.Exam.Management.Web.csproj]
D:\FWU.EMIS\FWU.Exam.Management\FWU.Exam.Management.Web\Areas\Colleges\Controllers\CollegesController.cs(22,112): warning CS9113: Parameter 'context' is unread. [D:\FWU.EMIS\FWU.Exam.Management\FWU.Exam.Management.Web\FWU.Exam.Management.Web.csproj]
D:\FWU.EMIS\FWU.Exam.Management\FWU.Exam.Management.Web\Controllers\UserController.cs(157,50): warning CS8604: Possible null reference argument for parameter 'source' in 'IQueryable<Faculty> EntityFrameworkQueryableExtensions.AsNoTracking<Faculty>(IQueryable<Faculty> source)'. [D:\FWU.EMIS\FWU.Exam.Management\FWU.Exam.Management.Web\FWU.Exam.Management.Web.csproj]
D:\FWU.EMIS\FWU.Exam.Management\FWU.Exam.Management.Web\Controllers\UserController.cs(158,49): warning CS8604: Possible null reference argument for parameter 'source' in 'IQueryable<College> EntityFrameworkQueryableExtensions.AsNoTracking<College>(IQueryable<College> source)'. [D:\FWU.EMIS\FWU.Exam.Management\FWU.Exam.Management.Web\FWU.Exam.Management.Web.csproj]
D:\FWU.EMIS\FWU.Exam.Management\FWU.Exam.Management.Web\Controllers\UserController.cs(159,52): warning CS8604: Possible null reference argument for parameter 'source' in 'IQueryable<Department> EntityFrameworkQueryableExtensions.AsNoTracking<Department>(IQueryable<Department> source)'. [D:\FWU.EMIS\FWU.Exam.Management\FWU.Exam.Management.Web\FWU.Exam.Management.Web.csproj]
D:\FWU.EMIS\FWU.Exam.Management\FWU.Exam.Management.Web\ViewComponents\FacultyHeaderViewComponent.cs(19,39): warning CS8604: Possible null reference argument for parameter 'source' in 'Task<Faculty?> EntityFrameworkQueryableExtensions.FirstOrDefaultAsync<Faculty>(IQueryable<Faculty> source, Expression<Func<Faculty, bool>> predicate, CancellationToken cancellationToken = default(CancellationToken))'. [D:\FWU.EMIS\FWU.Exam.Management\FWU.Exam.Management.Web\FWU.Exam.Management.Web.csproj]
D:\FWU.EMIS\FWU.Exam.Management\FWU.Exam.Management.Web\ViewComponents\FacultyHeaderViewComponent.cs(30,43): warning CS8602: Dereference of a possibly null reference. [D:\FWU.EMIS\FWU.Exam.Management\FWU.Exam.Management.Web\FWU.Exam.Management.Web.csproj]
D:\FWU.EMIS\FWU.Exam.Management\FWU.Exam.Management.Web\Areas\Colleges\Controllers\CollegeProgramsController.cs(49,40): warning CS8604: Possible null reference argument for parameter 'field' in 'string CollegeProgramsController.EscapeCsv(string field)'. [D:\FWU.EMIS\FWU.Exam.Management\FWU.Exam.Management.Web\FWU.Exam.Management.Web.csproj]
D:\FWU.EMIS\FWU.Exam.Management\FWU.Exam.Management.Web\Areas\Colleges\Controllers\CollegeProgramsController.cs(50,40): warning CS8604: Possible null reference argument for parameter 'field' in 'string CollegeProgramsController.EscapeCsv(string field)'. [D:\FWU.EMIS\FWU.Exam.Management\FWU.Exam.Management.Web\FWU.Exam.Management.Web.csproj]
D:\FWU.EMIS\FWU.Exam.Management\FWU.Exam.Management.Web\Areas\Colleges\Controllers\CollegeProgramsController.cs(51,40): warning CS8604: Possible null reference argument for parameter 'field' in 'string CollegeProgramsController.EscapeCsv(string field)'. [D:\FWU.EMIS\FWU.Exam.Management\FWU.Exam.Management.Web\FWU.Exam.Management.Web.csproj]
D:\FWU.EMIS\FWU.Exam.Management\FWU.Exam.Management.Web\Areas\Colleges\Controllers\CollegeProgramsController.cs(52,40): warning CS8604: Possible null reference argument for parameter 'field' in 'string CollegeProgramsController.EscapeCsv(string field)'. [D:\FWU.EMIS\FWU.Exam.Management\FWU.Exam.Management.Web\FWU.Exam.Management.Web.csproj]
D:\FWU.EMIS\FWU.Exam.Management\FWU.Exam.Management.Web\Areas\Colleges\Controllers\CollegeProgramsController.cs(55,40): warning CS8604: Possible null reference argument for parameter 'field' in 'string CollegeProgramsController.EscapeCsv(string field)'. [D:\FWU.EMIS\FWU.Exam.Management\FWU.Exam.Management.Web\FWU.Exam.Management.Web.csproj]
D:\FWU.EMIS\FWU.Exam.Management\FWU.Exam.Management.Web\Controllers\UserController.cs(187,50): warning CS8604: Possible null reference argument for parameter 'source' in 'IQueryable<Faculty> EntityFrameworkQueryableExtensions.AsNoTracking<Faculty>(IQueryable<Faculty> source)'. [D:\FWU.EMIS\FWU.Exam.Management\FWU.Exam.Management.Web\FWU.Exam.Management.Web.csproj]
D:\FWU.EMIS\FWU.Exam.Management\FWU.Exam.Management.Web\Controllers\UserController.cs(188,49): warning CS8604: Possible null reference argument for parameter 'source' in 'IQueryable<College> EntityFrameworkQueryableExtensions.AsNoTracking<College>(IQueryable<College> source)'. [D:\FWU.EMIS\FWU.Exam.Management\FWU.Exam.Management.Web\FWU.Exam.Management.Web.csproj]
D:\FWU.EMIS\FWU.Exam.Management\FWU.Exam.Management.Web\Controllers\UserController.cs(189,52): warning CS8604: Possible null reference argument for parameter 'source' in 'IQueryable<Department> EntityFrameworkQueryableExtensions.AsNoTracking<Department>(IQueryable<Department> source)'. [D:\FWU.EMIS\FWU.Exam.Management\FWU.Exam.Management.Web\FWU.Exam.Management.Web.csproj]
D:\FWU.EMIS\FWU.Exam.Management\FWU.Exam.Management.Web\Controllers\TenantSelectController.cs(18,29): warning CS8604: Possible null reference argument for parameter 'source' in 'IQueryable<Tenant> Queryable.Where<Tenant>(IQueryable<Tenant> source, Expression<Func<Tenant, bool>> predicate)'. [D:\FWU.EMIS\FWU.Exam.Management\FWU.Exam.Management.Web\FWU.Exam.Management.Web.csproj]
D:\FWU.EMIS\FWU.Exam.Management\FWU.Exam.Management.Web\Areas\Colleges\Controllers\CollegeTypesController.cs(49,40): warning CS8604: Possible null reference argument for parameter 'field' in 'string CollegeTypesController.EscapeCsv(string field)'. [D:\FWU.EMIS\FWU.Exam.Management\FWU.Exam.Management.Web\FWU.Exam.Management.Web.csproj]
D:\FWU.EMIS\FWU.Exam.Management\FWU.Exam.Management.Web\Areas\Colleges\Controllers\CollegeTypesController.cs(50,41): warning CS8604: Possible null reference argument for parameter 'field' in 'string CollegeTypesController.EscapeCsv(string field)'. [D:\FWU.EMIS\FWU.Exam.Management\FWU.Exam.Management.Web\FWU.Exam.Management.Web.csproj]
D:\FWU.EMIS\FWU.Exam.Management\FWU.Exam.Management.Web\Controllers\UserController.cs(220,53): warning CS8604: Possible null reference argument for parameter 'user' in 'Task<IList<string>> UserManager<AppUser>.GetRolesAsync(AppUser user)'. [D:\FWU.EMIS\FWU.Exam.Management\FWU.Exam.Management.Web\FWU.Exam.Management.Web.csproj]
D:\FWU.EMIS\FWU.Exam.Management\FWU.Exam.Management.Web\Controllers\UserController.cs(222,50): warning CS8604: Possible null reference argument for parameter 'source' in 'IQueryable<Faculty> EntityFrameworkQueryableExtensions.AsNoTracking<Faculty>(IQueryable<Faculty> source)'. [D:\FWU.EMIS\FWU.Exam.Management\FWU.Exam.Management.Web\FWU.Exam.Management.Web.csproj]
D:\FWU.EMIS\FWU.Exam.Management\FWU.Exam.Management.Web\Controllers\UserController.cs(223,49): warning CS8604: Possible null reference argument for parameter 'source' in 'IQueryable<College> EntityFrameworkQueryableExtensions.AsNoTracking<College>(IQueryable<College> source)'. [D:\FWU.EMIS\FWU.Exam.Management\FWU.Exam.Management.Web\FWU.Exam.Management.Web.csproj]
D:\FWU.EMIS\FWU.Exam.Management\FWU.Exam.Management.Web\Controllers\UserController.cs(224,52): warning CS8604: Possible null reference argument for parameter 'source' in 'IQueryable<Department> EntityFrameworkQueryableExtensions.AsNoTracking<Department>(IQueryable<Department> source)'. [D:\FWU.EMIS\FWU.Exam.Management\FWU.Exam.Management.Web\FWU.Exam.Management.Web.csproj]
D:\FWU.EMIS\FWU.Exam.Management\FWU.Exam.Management.Web\Controllers\TenantsController.cs(28,21): warning CS8602: Dereference of a possibly null reference. [D:\FWU.EMIS\FWU.Exam.Management\FWU.Exam.Management.Web\FWU.Exam.Management.Web.csproj]
D:\FWU.EMIS\FWU.Exam.Management\FWU.Exam.Management.Web\Areas\Admin\Controllers\TeacherAssignmentsController.cs(107,50): warning CS8604: Possible null reference argument for parameter 'source' in 'IQueryable<Program> EntityFrameworkQueryableExtensions.AsNoTracking<Program>(IQueryable<Program> source)'. [D:\FWU.EMIS\FWU.Exam.Management\FWU.Exam.Management.Web\FWU.Exam.Management.Web.csproj]
D:\FWU.EMIS\FWU.Exam.Management\FWU.Exam.Management.Web\Areas\Admin\Controllers\TeacherAssignmentsController.cs(108,51): warning CS8604: Possible null reference argument for parameter 'source' in 'IQueryable<Semester> EntityFrameworkQueryableExtensions.AsNoTracking<Semester>(IQueryable<Semester> source)'. [D:\FWU.EMIS\FWU.Exam.Management\FWU.Exam.Management.Web\FWU.Exam.Management.Web.csproj]
D:\FWU.EMIS\FWU.Exam.Management\FWU.Exam.Management.Web\Areas\Admin\Controllers\TeacherAssignmentsController.cs(112,28): warning CS8604: Possible null reference argument for parameter 'source' in 'IQueryable<SubjectOffering> EntityFrameworkQueryableExtensions.AsNoTracking<SubjectOffering>(IQueryable<SubjectOffering> source)'. [D:\FWU.EMIS\FWU.Exam.Management\FWU.Exam.Management.Web\FWU.Exam.Management.Web.csproj]
D:\FWU.EMIS\FWU.Exam.Management\FWU.Exam.Management.Web\Areas\Admin\Controllers\TeacherAssignmentsController.cs(134,19): warning CS8604: Possible null reference argument for parameter 'source' in 'IQueryable<ExamSchedule> EntityFrameworkQueryableExtensions.AsNoTracking<ExamSchedule>(IQueryable<ExamSchedule> source)'. [D:\FWU.EMIS\FWU.Exam.Management\FWU.Exam.Management.Web\FWU.Exam.Management.Web.csproj]
D:\FWU.EMIS\FWU.Exam.Management\FWU.Exam.Management.Web\Areas\Core\Controllers\SmtpConfigurationsController.cs(22,25): warning CS8604: Possible null reference argument for parameter 'source' in 'IQueryable<SmtpConfiguration> EntityFrameworkQueryableExtensions.AsNoTracking<SmtpConfiguration>(IQueryable<SmtpConfiguration> source)'. [D:\FWU.EMIS\FWU.Exam.Management\FWU.Exam.Management.Web\FWU.Exam.Management.Web.csproj]
D:\FWU.EMIS\FWU.Exam.Management\FWU.Exam.Management.Web\Areas\Core\Controllers\SmtpConfigurationsController.cs(28,21): warning CS8602: Dereference of a possibly null reference. [D:\FWU.EMIS\FWU.Exam.Management\FWU.Exam.Management.Web\FWU.Exam.Management.Web.csproj]
D:\FWU.EMIS\FWU.Exam.Management\FWU.Exam.Management.Web\Areas\Core\Controllers\SmtpConfigurationsController.cs(29,21): warning CS8602: Dereference of a possibly null reference. [D:\FWU.EMIS\FWU.Exam.Management\FWU.Exam.Management.Web\FWU.Exam.Management.Web.csproj]
D:\FWU.EMIS\FWU.Exam.Management\FWU.Exam.Management.Web\Areas\Core\Controllers\SmtpConfigurationsController.cs(30,21): warning CS8602: Dereference of a possibly null reference. [D:\FWU.EMIS\FWU.Exam.Management\FWU.Exam.Management.Web\FWU.Exam.Management.Web.csproj]
D:\FWU.EMIS\FWU.Exam.Management\FWU.Exam.Management.Web\Areas\Core\Controllers\SmtpConfigurationsController.cs(61,32): warning CS8603: Possible null reference return. [D:\FWU.EMIS\FWU.Exam.Management\FWU.Exam.Management.Web\FWU.Exam.Management.Web.csproj]
D:\FWU.EMIS\FWU.Exam.Management\FWU.Exam.Management.Web\Areas\Core\Controllers\SmtpConfigurationsController.cs(62,32): warning CS8603: Possible null reference return. [D:\FWU.EMIS\FWU.Exam.Management\FWU.Exam.Management.Web\FWU.Exam.Management.Web.csproj]
D:\FWU.EMIS\FWU.Exam.Management\FWU.Exam.Management.Web\Areas\Core\Controllers\SmtpConfigurationsController.cs(64,36): warning CS8603: Possible null reference return. [D:\FWU.EMIS\FWU.Exam.Management\FWU.Exam.Management.Web\FWU.Exam.Management.Web.csproj]
D:\FWU.EMIS\FWU.Exam.Management\FWU.Exam.Management.Web\Areas\Core\Controllers\SmtpConfigurationsController.cs(66,27): warning CS8603: Possible null reference return. [D:\FWU.EMIS\FWU.Exam.Management\FWU.Exam.Management.Web\FWU.Exam.Management.Web.csproj]
D:\FWU.EMIS\FWU.Exam.Management\FWU.Exam.Management.Web\Areas\Colleges\Controllers\CollegesController.cs(71,40): warning CS8604: Possible null reference argument for parameter 'field' in 'string CollegesController.EscapeCsv(string field)'. [D:\FWU.EMIS\FWU.Exam.Management\FWU.Exam.Management.Web\FWU.Exam.Management.Web.csproj]
D:\FWU.EMIS\FWU.Exam.Management\FWU.Exam.Management.Web\Areas\Colleges\Controllers\CollegesController.cs(72,40): warning CS8604: Possible null reference argument for parameter 'field' in 'string CollegesController.EscapeCsv(string field)'. [D:\FWU.EMIS\FWU.Exam.Management\FWU.Exam.Management.Web\FWU.Exam.Management.Web.csproj]
D:\FWU.EMIS\FWU.Exam.Management\FWU.Exam.Management.Web\Areas\Colleges\Controllers\CollegesController.cs(73,40): warning CS8604: Possible null reference argument for parameter 'field' in 'string CollegesController.EscapeCsv(string field)'. [D:\FWU.EMIS\FWU.Exam.Management\FWU.Exam.Management.Web\FWU.Exam.Management.Web.csproj]
D:\FWU.EMIS\FWU.Exam.Management\FWU.Exam.Management.Web\Areas\Colleges\Controllers\CollegesController.cs(74,40): warning CS8604: Possible null reference argument for parameter 'field' in 'string CollegesController.EscapeCsv(string field)'. [D:\FWU.EMIS\FWU.Exam.Management\FWU.Exam.Management.Web\FWU.Exam.Management.Web.csproj]
D:\FWU.EMIS\FWU.Exam.Management\FWU.Exam.Management.Web\Areas\Colleges\Controllers\CollegesController.cs(76,40): warning CS8604: Possible null reference argument for parameter 'field' in 'string CollegesController.EscapeCsv(string field)'. [D:\FWU.EMIS\FWU.Exam.Management\FWU.Exam.Management.Web\FWU.Exam.Management.Web.csproj]
D:\FWU.EMIS\FWU.Exam.Management\FWU.Exam.Management.Web\Areas\Colleges\Controllers\CollegesController.cs(77,40): warning CS8604: Possible null reference argument for parameter 'field' in 'string CollegesController.EscapeCsv(string field)'. [D:\FWU.EMIS\FWU.Exam.Management\FWU.Exam.Management.Web\FWU.Exam.Management.Web.csproj]
D:\FWU.EMIS\FWU.Exam.Management\FWU.Exam.Management.Web\Areas\Colleges\Controllers\CollegesController.cs(79,40): warning CS8604: Possible null reference argument for parameter 'field' in 'string CollegesController.EscapeCsv(string field)'. [D:\FWU.EMIS\FWU.Exam.Management\FWU.Exam.Management.Web\FWU.Exam.Management.Web.csproj]
D:\FWU.EMIS\FWU.Exam.Management\FWU.Exam.Management.Web\Areas\Colleges\Controllers\CollegesController.cs(80,40): warning CS8604: Possible null reference argument for parameter 'field' in 'string CollegesController.EscapeCsv(string field)'. [D:\FWU.EMIS\FWU.Exam.Management\FWU.Exam.Management.Web\FWU.Exam.Management.Web.csproj]
D:\FWU.EMIS\FWU.Exam.Management\FWU.Exam.Management.Web\Areas\Colleges\Controllers\CollegesController.cs(83,40): warning CS8604: Possible null reference argument for parameter 'field' in 'string CollegesController.EscapeCsv(string field)'. [D:\FWU.EMIS\FWU.Exam.Management\FWU.Exam.Management.Web\FWU.Exam.Management.Web.csproj]
D:\FWU.EMIS\FWU.Exam.Management\FWU.Exam.Management.Web\Areas\Colleges\Controllers\CollegesController.cs(84,40): warning CS8604: Possible null reference argument for parameter 'field' in 'string CollegesController.EscapeCsv(string field)'. [D:\FWU.EMIS\FWU.Exam.Management\FWU.Exam.Management.Web\FWU.Exam.Management.Web.csproj]
D:\FWU.EMIS\FWU.Exam.Management\FWU.Exam.Management.Web\Areas\Colleges\Controllers\CollegesController.cs(87,40): warning CS8604: Possible null reference argument for parameter 'field' in 'string CollegesController.EscapeCsv(string field)'. [D:\FWU.EMIS\FWU.Exam.Management\FWU.Exam.Management.Web\FWU.Exam.Management.Web.csproj]
D:\FWU.EMIS\FWU.Exam.Management\FWU.Exam.Management.Web\Areas\Colleges\Controllers\CollegesController.cs(89,40): warning CS8604: Possible null reference argument for parameter 'field' in 'string CollegesController.EscapeCsv(string field)'. [D:\FWU.EMIS\FWU.Exam.Management\FWU.Exam.Management.Web\FWU.Exam.Management.Web.csproj]
D:\FWU.EMIS\FWU.Exam.Management\FWU.Exam.Management.Web\Areas\Colleges\Controllers\CollegeProgramsController.cs(172,32): warning CS8604: Possible null reference argument for parameter 'source' in 'IEnumerable<CollegeProgramItemViewModel> Enumerable.Where<CollegeProgramItemViewModel>(IEnumerable<CollegeProgramItemViewModel> source, Func<CollegeProgramItemViewModel, bool> predicate)'. [D:\FWU.EMIS\FWU.Exam.Management\FWU.Exam.Management.Web\FWU.Exam.Management.Web.csproj]
D:\FWU.EMIS\FWU.Exam.Management\FWU.Exam.Management.Web\Areas\Colleges\Controllers\CollegeProgramsController.cs(185,35): warning CS8604: Possible null reference argument for parameter 'source' in 'IEnumerable<CollegeProgram> Enumerable.Select<CollegeProgramItemViewModel, CollegeProgram>(IEnumerable<CollegeProgramItemViewModel> source, Func<CollegeProgramItemViewModel, CollegeProgram> selector)'. [D:\FWU.EMIS\FWU.Exam.Management\FWU.Exam.Management.Web\FWU.Exam.Management.Web.csproj]
D:\FWU.EMIS\FWU.Exam.Management\FWU.Exam.Management.Web\Controllers\TenantsController.cs(102,41): warning CS8602: Dereference of a possibly null reference. [D:\FWU.EMIS\FWU.Exam.Management\FWU.Exam.Management.Web\FWU.Exam.Management.Web.csproj]
D:\FWU.EMIS\FWU.Exam.Management\FWU.Exam.Management.Web\Controllers\TenantsController.cs(139,17): warning CS8602: Dereference of a possibly null reference. [D:\FWU.EMIS\FWU.Exam.Management\FWU.Exam.Management.Web\FWU.Exam.Management.Web.csproj]
D:\FWU.EMIS\FWU.Exam.Management\FWU.Exam.Management.Web\Areas\Core\Controllers\AcademicYearsController.cs(57,40): warning CS8604: Possible null reference argument for parameter 'field' in 'string AcademicYearsController.EscapeCsv(string field)'. [D:\FWU.EMIS\FWU.Exam.Management\FWU.Exam.Management.Web\FWU.Exam.Management.Web.csproj]
D:\FWU.EMIS\FWU.Exam.Management\FWU.Exam.Management.Web\Areas\Core\Controllers\AcademicYearsController.cs(58,40): warning CS8604: Possible null reference argument for parameter 'field' in 'string AcademicYearsController.EscapeCsv(string field)'. [D:\FWU.EMIS\FWU.Exam.Management\FWU.Exam.Management.Web\FWU.Exam.Management.Web.csproj]
D:\FWU.EMIS\FWU.Exam.Management\FWU.Exam.Management.Web\Areas\Core\Controllers\AcademicYearsController.cs(59,40): warning CS8604: Possible null reference argument for parameter 'field' in 'string AcademicYearsController.EscapeCsv(string field)'. [D:\FWU.EMIS\FWU.Exam.Management\FWU.Exam.Management.Web\FWU.Exam.Management.Web.csproj]
D:\FWU.EMIS\FWU.Exam.Management\FWU.Exam.Management.Web\Areas\Core\Controllers\AcademicYearsController.cs(60,40): warning CS8604: Possible null reference argument for parameter 'field' in 'string AcademicYearsController.EscapeCsv(string field)'. [D:\FWU.EMIS\FWU.Exam.Management\FWU.Exam.Management.Web\FWU.Exam.Management.Web.csproj]
D:\FWU.EMIS\FWU.Exam.Management\FWU.Exam.Management.Web\Areas\Core\Controllers\SmtpConfigurationsController.cs(73,25): warning CS8604: Possible null reference argument for parameter 'source' in 'IQueryable<SmtpConfiguration> EntityFrameworkQueryableExtensions.AsNoTracking<SmtpConfiguration>(IQueryable<SmtpConfiguration> source)'. [D:\FWU.EMIS\FWU.Exam.Management\FWU.Exam.Management.Web\FWU.Exam.Management.Web.csproj]
D:\FWU.EMIS\FWU.Exam.Management\FWU.Exam.Management.Web\Areas\Core\Controllers\SmtpConfigurationsController.cs(79,21): warning CS8602: Dereference of a possibly null reference. [D:\FWU.EMIS\FWU.Exam.Management\FWU.Exam.Management.Web\FWU.Exam.Management.Web.csproj]
D:\FWU.EMIS\FWU.Exam.Management\FWU.Exam.Management.Web\Areas\Core\Controllers\SmtpConfigurationsController.cs(80,21): warning CS8602: Dereference of a possibly null reference. [D:\FWU.EMIS\FWU.Exam.Management\FWU.Exam.Management.Web\FWU.Exam.Management.Web.csproj]
D:\FWU.EMIS\FWU.Exam.Management\FWU.Exam.Management.Web\Areas\Core\Controllers\SmtpConfigurationsController.cs(81,21): warning CS8602: Dereference of a possibly null reference. [D:\FWU.EMIS\FWU.Exam.Management\FWU.Exam.Management.Web\FWU.Exam.Management.Web.csproj]
D:\FWU.EMIS\FWU.Exam.Management\FWU.Exam.Management.Web\Areas\Core\Controllers\BoardsController.cs(55,40): warning CS8604: Possible null reference argument for parameter 'field' in 'string BoardsController.EscapeCsv(string field)'. [D:\FWU.EMIS\FWU.Exam.Management\FWU.Exam.Management.Web\FWU.Exam.Management.Web.csproj]
D:\FWU.EMIS\FWU.Exam.Management\FWU.Exam.Management.Web\Areas\Core\Controllers\BoardsController.cs(57,41): warning CS8604: Possible null reference argument for parameter 'field' in 'string BoardsController.EscapeCsv(string field)'. [D:\FWU.EMIS\FWU.Exam.Management\FWU.Exam.Management.Web\FWU.Exam.Management.Web.csproj]
D:\FWU.EMIS\FWU.Exam.Management\FWU.Exam.Management.Web\Controllers\TenantsController.cs(155,22): warning CS8604: Possible null reference argument for parameter 'source' in 'IQueryable<Faculty> Queryable.Where<Faculty>(IQueryable<Faculty> source, Expression<Func<Faculty, bool>> predicate)'. [D:\FWU.EMIS\FWU.Exam.Management\FWU.Exam.Management.Web\FWU.Exam.Management.Web.csproj]
D:\FWU.EMIS\FWU.Exam.Management\FWU.Exam.Management.Web\Areas\Core\Controllers\SmtpConfigurationsController.cs(126,44): warning CS8604: Possible null reference argument for parameter 'field' in 'string SmtpConfigurationsController.EscapeCsv(string field)'. [D:\FWU.EMIS\FWU.Exam.Management\FWU.Exam.Management.Web\FWU.Exam.Management.Web.csproj]
D:\FWU.EMIS\FWU.Exam.Management\FWU.Exam.Management.Web\Areas\Core\Controllers\SmtpConfigurationsController.cs(127,44): warning CS8604: Possible null reference argument for parameter 'field' in 'string SmtpConfigurationsController.EscapeCsv(string field)'. [D:\FWU.EMIS\FWU.Exam.Management\FWU.Exam.Management.Web\FWU.Exam.Management.Web.csproj]
D:\FWU.EMIS\FWU.Exam.Management\FWU.Exam.Management.Web\Areas\Core\Controllers\SmtpConfigurationsController.cs(129,44): warning CS8604: Possible null reference argument for parameter 'field' in 'string SmtpConfigurationsController.EscapeCsv(string field)'. [D:\FWU.EMIS\FWU.Exam.Management\FWU.Exam.Management.Web\FWU.Exam.Management.Web.csproj]
D:\FWU.EMIS\FWU.Exam.Management\FWU.Exam.Management.Web\Controllers\TenantsController.cs(171,28): warning CS8604: Possible null reference argument for parameter 'source' in 'IQueryable<Tenant> EntityFrameworkQueryableExtensions.AsNoTracking<Tenant>(IQueryable<Tenant> source)'. [D:\FWU.EMIS\FWU.Exam.Management\FWU.Exam.Management.Web\FWU.Exam.Management.Web.csproj]
D:\FWU.EMIS\FWU.Exam.Management\FWU.Exam.Management.Web\Areas\Core\Controllers\SmtpConfigurationsController.cs(198,43): warning CS8604: Possible null reference argument for parameter 'source' in 'Task<SmtpConfiguration?> EntityFrameworkQueryableExtensions.FirstOrDefaultAsync<SmtpConfiguration>(IQueryable<SmtpConfiguration> source, Expression<Func<SmtpConfiguration, bool>> predicate, CancellationToken cancellationToken = default(CancellationToken))'. [D:\FWU.EMIS\FWU.Exam.Management\FWU.Exam.Management.Web\FWU.Exam.Management.Web.csproj]
D:\FWU.EMIS\FWU.Exam.Management\FWU.Exam.Management.Web\Areas\Core\Controllers\SmtpConfigurationsController.cs(239,43): warning CS8602: Dereference of a possibly null reference. [D:\FWU.EMIS\FWU.Exam.Management\FWU.Exam.Management.Web\FWU.Exam.Management.Web.csproj]
D:\FWU.EMIS\FWU.Exam.Management\FWU.Exam.Management.Web\Areas\Core\Controllers\ConnectIPSConfigurationsController.cs(20,21): warning CS8604: Possible null reference argument for parameter 'source' in 'IQueryable<ConnectIpsPaymentConfiguration> EntityFrameworkQueryableExtensions.AsNoTracking<ConnectIpsPaymentConfiguration>(IQueryable<ConnectIpsPaymentConfiguration> source)'. [D:\FWU.EMIS\FWU.Exam.Management\FWU.Exam.Management.Web\FWU.Exam.Management.Web.csproj]
D:\FWU.EMIS\FWU.Exam.Management\FWU.Exam.Management.Web\Areas\Core\Controllers\ConnectIPSConfigurationsController.cs(25,17): warning CS8602: Dereference of a possibly null reference. [D:\FWU.EMIS\FWU.Exam.Management\FWU.Exam.Management.Web\FWU.Exam.Management.Web.csproj]
D:\FWU.EMIS\FWU.Exam.Management\FWU.Exam.Management.Web\Areas\Core\Controllers\ConnectIPSConfigurationsController.cs(26,17): warning CS8602: Dereference of a possibly null reference. [D:\FWU.EMIS\FWU.Exam.Management\FWU.Exam.Management.Web\FWU.Exam.Management.Web.csproj]
D:\FWU.EMIS\FWU.Exam.Management\FWU.Exam.Management.Web\Areas\Core\Controllers\ConnectIPSConfigurationsController.cs(27,17): warning CS8602: Dereference of a possibly null reference. [D:\FWU.EMIS\FWU.Exam.Management\FWU.Exam.Management.Web\FWU.Exam.Management.Web.csproj]
D:\FWU.EMIS\FWU.Exam.Management\FWU.Exam.Management.Web\Areas\Core\Controllers\ConnectIPSConfigurationsController.cs(28,17): warning CS8602: Dereference of a possibly null reference. [D:\FWU.EMIS\FWU.Exam.Management\FWU.Exam.Management.Web\FWU.Exam.Management.Web.csproj]
D:\FWU.EMIS\FWU.Exam.Management\FWU.Exam.Management.Web\Controllers\TenantsController.cs(200,28): warning CS8604: Possible null reference argument for parameter 'source' in 'Task<bool> EntityFrameworkQueryableExtensions.AnyAsync<Tenant>(IQueryable<Tenant> source, Expression<Func<Tenant, bool>> predicate, CancellationToken cancellationToken = default(CancellationToken))'. [D:\FWU.EMIS\FWU.Exam.Management\FWU.Exam.Management.Web\FWU.Exam.Management.Web.csproj]
D:\FWU.EMIS\FWU.Exam.Management\FWU.Exam.Management.Web\Areas\Core\Controllers\ConnectIPSConfigurationsController.cs(57,34): warning CS8603: Possible null reference return. [D:\FWU.EMIS\FWU.Exam.Management\FWU.Exam.Management.Web\FWU.Exam.Management.Web.csproj]
D:\FWU.EMIS\FWU.Exam.Management\FWU.Exam.Management.Web\Areas\Core\Controllers\ConnectIPSConfigurationsController.cs(58,31): warning CS8603: Possible null reference return. [D:\FWU.EMIS\FWU.Exam.Management\FWU.Exam.Management.Web\FWU.Exam.Management.Web.csproj]
D:\FWU.EMIS\FWU.Exam.Management\FWU.Exam.Management.Web\Areas\Core\Controllers\ConnectIPSConfigurationsController.cs(59,29): warning CS8603: Possible null reference return. [D:\FWU.EMIS\FWU.Exam.Management\FWU.Exam.Management.Web\FWU.Exam.Management.Web.csproj]
D:\FWU.EMIS\FWU.Exam.Management\FWU.Exam.Management.Web\Areas\Core\Controllers\ConnectIPSConfigurationsController.cs(60,34): warning CS8603: Possible null reference return. [D:\FWU.EMIS\FWU.Exam.Management\FWU.Exam.Management.Web\FWU.Exam.Management.Web.csproj]
D:\FWU.EMIS\FWU.Exam.Management\FWU.Exam.Management.Web\Areas\Core\Controllers\ConnectIPSConfigurationsController.cs(61,40): warning CS8603: Possible null reference return. [D:\FWU.EMIS\FWU.Exam.Management\FWU.Exam.Management.Web\FWU.Exam.Management.Web.csproj]
D:\FWU.EMIS\FWU.Exam.Management\FWU.Exam.Management.Web\Areas\Core\Controllers\ConnectIPSConfigurationsController.cs(62,23): warning CS8603: Possible null reference return. [D:\FWU.EMIS\FWU.Exam.Management\FWU.Exam.Management.Web\FWU.Exam.Management.Web.csproj]
D:\FWU.EMIS\FWU.Exam.Management\FWU.Exam.Management.Web\Areas\Core\Controllers\SmtpConfigurationsController.cs(290,43): warning CS8604: Possible null reference argument for parameter 'source' in 'Task<SmtpConfiguration?> EntityFrameworkQueryableExtensions.FirstOrDefaultAsync<SmtpConfiguration>(IQueryable<SmtpConfiguration> source, Expression<Func<SmtpConfiguration, bool>> predicate, CancellationToken cancellationToken = default(CancellationToken))'. [D:\FWU.EMIS\FWU.Exam.Management\FWU.Exam.Management.Web\FWU.Exam.Management.Web.csproj]
D:\FWU.EMIS\FWU.Exam.Management\FWU.Exam.Management.Web\Areas\Core\Controllers\SmtpConfigurationsController.cs(306,43): warning CS8602: Dereference of a possibly null reference. [D:\FWU.EMIS\FWU.Exam.Management\FWU.Exam.Management.Web\FWU.Exam.Management.Web.csproj]
D:\FWU.EMIS\FWU.Exam.Management\FWU.Exam.Management.Web\Areas\Core\Controllers\SmtpConfigurationsController.cs(323,36): warning CS8602: Dereference of a possibly null reference. [D:\FWU.EMIS\FWU.Exam.Management\FWU.Exam.Management.Web\FWU.Exam.Management.Web.csproj]
D:\FWU.EMIS\FWU.Exam.Management\FWU.Exam.Management.Web\Areas\Core\Controllers\SmtpConfigurationsController.cs(339,20): warning CS8604: Possible null reference argument for parameter 'source' in 'bool Queryable.Any<SmtpConfiguration>(IQueryable<SmtpConfiguration> source, Expression<Func<SmtpConfiguration, bool>> predicate)'. [D:\FWU.EMIS\FWU.Exam.Management\FWU.Exam.Management.Web\FWU.Exam.Management.Web.csproj]
D:\FWU.EMIS\FWU.Exam.Management\FWU.Exam.Management.Web\Areas\Core\Controllers\ConnectIPSConfigurationsController.cs(68,21): warning CS8604: Possible null reference argument for parameter 'source' in 'IQueryable<ConnectIpsPaymentConfiguration> EntityFrameworkQueryableExtensions.AsNoTracking<ConnectIpsPaymentConfiguration>(IQueryable<ConnectIpsPaymentConfiguration> source)'. [D:\FWU.EMIS\FWU.Exam.Management\FWU.Exam.Management.Web\FWU.Exam.Management.Web.csproj]
D:\FWU.EMIS\FWU.Exam.Management\FWU.Exam.Management.Web\Areas\Core\Controllers\ConnectIPSConfigurationsController.cs(73,17): warning CS8602: Dereference of a possibly null reference. [D:\FWU.EMIS\FWU.Exam.Management\FWU.Exam.Management.Web\FWU.Exam.Management.Web.csproj]
D:\FWU.EMIS\FWU.Exam.Management\FWU.Exam.Management.Web\Areas\Core\Controllers\ConnectIPSConfigurationsController.cs(74,17): warning CS8602: Dereference of a possibly null reference. [D:\FWU.EMIS\FWU.Exam.Management\FWU.Exam.Management.Web\FWU.Exam.Management.Web.csproj]
D:\FWU.EMIS\FWU.Exam.Management\FWU.Exam.Management.Web\Areas\Core\Controllers\ConnectIPSConfigurationsController.cs(75,17): warning CS8602: Dereference of a possibly null reference. [D:\FWU.EMIS\FWU.Exam.Management\FWU.Exam.Management.Web\FWU.Exam.Management.Web.csproj]
D:\FWU.EMIS\FWU.Exam.Management\FWU.Exam.Management.Web\Areas\Core\Controllers\ConnectIPSConfigurationsController.cs(76,17): warning CS8602: Dereference of a possibly null reference. [D:\FWU.EMIS\FWU.Exam.Management\FWU.Exam.Management.Web\FWU.Exam.Management.Web.csproj]
D:\FWU.EMIS\FWU.Exam.Management\FWU.Exam.Management.Web\Controllers\TenantsController.cs(213,28): warning CS8604: Possible null reference argument for parameter 'source' in 'IQueryable<Tenant> EntityFrameworkQueryableExtensions.AsNoTracking<Tenant>(IQueryable<Tenant> source)'. [D:\FWU.EMIS\FWU.Exam.Management\FWU.Exam.Management.Web\FWU.Exam.Management.Web.csproj]
D:\FWU.EMIS\FWU.Exam.Management\FWU.Exam.Management.Web\Areas\Core\Controllers\ConnectIPSConfigurationsController.cs(111,40): warning CS8604: Possible null reference argument for parameter 'field' in 'string ConnectIPSConfigurationsController.EscapeCsv(string field)'. [D:\FWU.EMIS\FWU.Exam.Management\FWU.Exam.Management.Web\FWU.Exam.Management.Web.csproj]
D:\FWU.EMIS\FWU.Exam.Management\FWU.Exam.Management.Web\Areas\Core\Controllers\ConnectIPSConfigurationsController.cs(112,40): warning CS8604: Possible null reference argument for parameter 'field' in 'string ConnectIPSConfigurationsController.EscapeCsv(string field)'. [D:\FWU.EMIS\FWU.Exam.Management\FWU.Exam.Management.Web\FWU.Exam.Management.Web.csproj]
D:\FWU.EMIS\FWU.Exam.Management\FWU.Exam.Management.Web\Areas\Core\Controllers\ConnectIPSConfigurationsController.cs(113,40): warning CS8604: Possible null reference argument for parameter 'field' in 'string ConnectIPSConfigurationsController.EscapeCsv(string field)'. [D:\FWU.EMIS\FWU.Exam.Management\FWU.Exam.Management.Web\FWU.Exam.Management.Web.csproj]
D:\FWU.EMIS\FWU.Exam.Management\FWU.Exam.Management.Web\Areas\Core\Controllers\ConnectIPSConfigurationsController.cs(114,40): warning CS8604: Possible null reference argument for parameter 'field' in 'string ConnectIPSConfigurationsController.EscapeCsv(string field)'. [D:\FWU.EMIS\FWU.Exam.Management\FWU.Exam.Management.Web\FWU.Exam.Management.Web.csproj]
D:\FWU.EMIS\FWU.Exam.Management\FWU.Exam.Management.Web\Areas\Core\Controllers\ConnectIPSConfigurationsController.cs(115,40): warning CS8604: Possible null reference argument for parameter 'field' in 'string ConnectIPSConfigurationsController.EscapeCsv(string field)'. [D:\FWU.EMIS\FWU.Exam.Management\FWU.Exam.Management.Web\FWU.Exam.Management.Web.csproj]
D:\FWU.EMIS\FWU.Exam.Management\FWU.Exam.Management.Web\Areas\Core\Controllers\ConnectIPSConfigurationsController.cs(116,40): warning CS8604: Possible null reference argument for parameter 'field' in 'string ConnectIPSConfigurationsController.EscapeCsv(string field)'. [D:\FWU.EMIS\FWU.Exam.Management\FWU.Exam.Management.Web\FWU.Exam.Management.Web.csproj]
D:\FWU.EMIS\FWU.Exam.Management\FWU.Exam.Management.Web\Areas\Core\Controllers\SmsConfigurationsController.cs(17,21): warning CS8604: Possible null reference argument for parameter 'source' in 'IQueryable<SmsConfiguration> EntityFrameworkQueryableExtensions.AsNoTracking<SmsConfiguration>(IQueryable<SmsConfiguration> source)'. [D:\FWU.EMIS\FWU.Exam.Management\FWU.Exam.Management.Web\FWU.Exam.Management.Web.csproj]
D:\FWU.EMIS\FWU.Exam.Management\FWU.Exam.Management.Web\Areas\Core\Controllers\SmsConfigurationsController.cs(22,17): warning CS8602: Dereference of a possibly null reference. [D:\FWU.EMIS\FWU.Exam.Management\FWU.Exam.Management.Web\FWU.Exam.Management.Web.csproj]
D:\FWU.EMIS\FWU.Exam.Management\FWU.Exam.Management.Web\Areas\Core\Controllers\SmsConfigurationsController.cs(23,17): warning CS8602: Dereference of a possibly null reference. [D:\FWU.EMIS\FWU.Exam.Management\FWU.Exam.Management.Web\FWU.Exam.Management.Web.csproj]
D:\FWU.EMIS\FWU.Exam.Management\FWU.Exam.Management.Web\Areas\Core\Controllers\SmsConfigurationsController.cs(24,17): warning CS8602: Dereference of a possibly null reference. [D:\FWU.EMIS\FWU.Exam.Management\FWU.Exam.Management.Web\FWU.Exam.Management.Web.csproj]
D:\FWU.EMIS\FWU.Exam.Management\FWU.Exam.Management.Web\Areas\Core\Controllers\SmsConfigurationsController.cs(53,30): warning CS8603: Possible null reference return. [D:\FWU.EMIS\FWU.Exam.Management\FWU.Exam.Management.Web\FWU.Exam.Management.Web.csproj]
D:\FWU.EMIS\FWU.Exam.Management\FWU.Exam.Management.Web\Areas\Core\Controllers\SmsConfigurationsController.cs(54,28): warning CS8603: Possible null reference return. [D:\FWU.EMIS\FWU.Exam.Management\FWU.Exam.Management.Web\FWU.Exam.Management.Web.csproj]
D:\FWU.EMIS\FWU.Exam.Management\FWU.Exam.Management.Web\Areas\Core\Controllers\SmsConfigurationsController.cs(55,28): warning CS8603: Possible null reference return. [D:\FWU.EMIS\FWU.Exam.Management\FWU.Exam.Management.Web\FWU.Exam.Management.Web.csproj]
D:\FWU.EMIS\FWU.Exam.Management\FWU.Exam.Management.Web\Areas\Core\Controllers\ConnectIPSConfigurationsController.cs(180,35): warning CS8604: Possible null reference argument for parameter 'source' in 'Task<ConnectIpsPaymentConfiguration?> EntityFrameworkQueryableExtensions.FirstOrDefaultAsync<ConnectIpsPaymentConfiguration>(IQueryable<ConnectIpsPaymentConfiguration> source, Expression<Func<ConnectIpsPaymentConfiguration, bool>> predicate, CancellationToken cancellationToken = default(CancellationToken))'. [D:\FWU.EMIS\FWU.Exam.Management\FWU.Exam.Management.Web\FWU.Exam.Management.Web.csproj]
D:\FWU.EMIS\FWU.Exam.Management\FWU.Exam.Management.Web\Areas\Core\Controllers\ConnectIPSConfigurationsController.cs(212,35): warning CS8602: Dereference of a possibly null reference. [D:\FWU.EMIS\FWU.Exam.Management\FWU.Exam.Management.Web\FWU.Exam.Management.Web.csproj]
D:\FWU.EMIS\FWU.Exam.Management\FWU.Exam.Management.Web\Controllers\TenantsController.cs(228,28): warning CS8602: Dereference of a possibly null reference. [D:\FWU.EMIS\FWU.Exam.Management\FWU.Exam.Management.Web\FWU.Exam.Management.Web.csproj]
D:\FWU.EMIS\FWU.Exam.Management\FWU.Exam.Management.Web\Controllers\TenantsController.cs(233,35): warning CS8604: Possible null reference argument for parameter 'source' in 'IQueryable<Faculty> Queryable.Where<Faculty>(IQueryable<Faculty> source, Expression<Func<Faculty, bool>> predicate)'. [D:\FWU.EMIS\FWU.Exam.Management\FWU.Exam.Management.Web\FWU.Exam.Management.Web.csproj]
D:\FWU.EMIS\FWU.Exam.Management\FWU.Exam.Management.Web\Areas\Core\Controllers\SmsConfigurationsController.cs(63,21): warning CS8604: Possible null reference argument for parameter 'source' in 'IQueryable<SmsConfiguration> EntityFrameworkQueryableExtensions.AsNoTracking<SmsConfiguration>(IQueryable<SmsConfiguration> source)'. [D:\FWU.EMIS\FWU.Exam.Management\FWU.Exam.Management.Web\FWU.Exam.Management.Web.csproj]
D:\FWU.EMIS\FWU.Exam.Management\FWU.Exam.Management.Web\Areas\Core\Controllers\SmsConfigurationsController.cs(68,17): warning CS8602: Dereference of a possibly null reference. [D:\FWU.EMIS\FWU.Exam.Management\FWU.Exam.Management.Web\FWU.Exam.Management.Web.csproj]
D:\FWU.EMIS\FWU.Exam.Management\FWU.Exam.Management.Web\Areas\Core\Controllers\SmsConfigurationsController.cs(69,17): warning CS8602: Dereference of a possibly null reference. [D:\FWU.EMIS\FWU.Exam.Management\FWU.Exam.Management.Web\FWU.Exam.Management.Web.csproj]
D:\FWU.EMIS\FWU.Exam.Management\FWU.Exam.Management.Web\Areas\Core\Controllers\SmsConfigurationsController.cs(70,17): warning CS8602: Dereference of a possibly null reference. [D:\FWU.EMIS\FWU.Exam.Management\FWU.Exam.Management.Web\FWU.Exam.Management.Web.csproj]
D:\FWU.EMIS\FWU.Exam.Management\FWU.Exam.Management.Web\Areas\Core\Controllers\ConnectIPSConfigurationsController.cs(247,35): warning CS8604: Possible null reference argument for parameter 'source' in 'Task<ConnectIpsPaymentConfiguration?> EntityFrameworkQueryableExtensions.FirstOrDefaultAsync<ConnectIpsPaymentConfiguration>(IQueryable<ConnectIpsPaymentConfiguration> source, Expression<Func<ConnectIpsPaymentConfiguration, bool>> predicate, CancellationToken cancellationToken = default(CancellationToken))'. [D:\FWU.EMIS\FWU.Exam.Management\FWU.Exam.Management.Web\FWU.Exam.Management.Web.csproj]
D:\FWU.EMIS\FWU.Exam.Management\FWU.Exam.Management.Web\Areas\Core\Controllers\ConnectIPSConfigurationsController.cs(259,35): warning CS8602: Dereference of a possibly null reference. [D:\FWU.EMIS\FWU.Exam.Management\FWU.Exam.Management.Web\FWU.Exam.Management.Web.csproj]
D:\FWU.EMIS\FWU.Exam.Management\FWU.Exam.Management.Web\Areas\Core\Controllers\ConnectIPSConfigurationsController.cs(271,16): warning CS8604: Possible null reference argument for parameter 'source' in 'bool Queryable.Any<ConnectIpsPaymentConfiguration>(IQueryable<ConnectIpsPaymentConfiguration> source, Expression<Func<ConnectIpsPaymentConfiguration, bool>> predicate)'. [D:\FWU.EMIS\FWU.Exam.Management\FWU.Exam.Management.Web\FWU.Exam.Management.Web.csproj]
D:\FWU.EMIS\FWU.Exam.Management\FWU.Exam.Management.Web\Areas\Core\Controllers\SmsConfigurationsController.cs(105,40): warning CS8604: Possible null reference argument for parameter 'field' in 'string SmsConfigurationsController.EscapeCsv(string field)'. [D:\FWU.EMIS\FWU.Exam.Management\FWU.Exam.Management.Web\FWU.Exam.Management.Web.csproj]
D:\FWU.EMIS\FWU.Exam.Management\FWU.Exam.Management.Web\Areas\Core\Controllers\SmsConfigurationsController.cs(106,40): warning CS8604: Possible null reference argument for parameter 'field' in 'string SmsConfigurationsController.EscapeCsv(string field)'. [D:\FWU.EMIS\FWU.Exam.Management\FWU.Exam.Management.Web\FWU.Exam.Management.Web.csproj]
D:\FWU.EMIS\FWU.Exam.Management\FWU.Exam.Management.Web\Areas\Core\Controllers\SmsConfigurationsController.cs(107,40): warning CS8604: Possible null reference argument for parameter 'field' in 'string SmsConfigurationsController.EscapeCsv(string field)'. [D:\FWU.EMIS\FWU.Exam.Management\FWU.Exam.Management.Web\FWU.Exam.Management.Web.csproj]
D:\FWU.EMIS\FWU.Exam.Management\FWU.Exam.Management.Web\Areas\Core\Controllers\ConnectIPSConfigurationsController.cs(278,34): warning CS8602: Dereference of a possibly null reference. [D:\FWU.EMIS\FWU.Exam.Management\FWU.Exam.Management.Web\FWU.Exam.Management.Web.csproj]
D:\FWU.EMIS\FWU.Exam.Management\FWU.Exam.Management.Web\Areas\Exams\Controllers\TeacherMarksController.cs(166,28): warning CS8604: Possible null reference argument for parameter 'source' in 'IQueryable<SubjectOffering> EntityFrameworkQueryableExtensions.AsNoTracking<SubjectOffering>(IQueryable<SubjectOffering> source)'. [D:\FWU.EMIS\FWU.Exam.Management\FWU.Exam.Management.Web\FWU.Exam.Management.Web.csproj]
D:\FWU.EMIS\FWU.Exam.Management\FWU.Exam.Management.Web\Areas\Exams\Controllers\TeacherMarksController.cs(171,37): warning CS8604: Possible null reference argument for parameter 'source' in 'IQueryable<ExamSchedule> Queryable.Where<ExamSchedule>(IQueryable<ExamSchedule> source, Expression<Func<ExamSchedule, bool>> predicate)'. [D:\FWU.EMIS\FWU.Exam.Management\FWU.Exam.Management.Web\FWU.Exam.Management.Web.csproj]
D:\FWU.EMIS\FWU.Exam.Management\FWU.Exam.Management.Web\Areas\Exams\Controllers\TeacherMarksController.cs(178,31): warning CS8604: Possible null reference argument for parameter 'source' in 'IQueryable<ExamSchedule> EntityFrameworkQueryableExtensions.AsNoTracking<ExamSchedule>(IQueryable<ExamSchedule> source)'. [D:\FWU.EMIS\FWU.Exam.Management\FWU.Exam.Management.Web\FWU.Exam.Management.Web.csproj]
D:\FWU.EMIS\FWU.Exam.Management\FWU.Exam.Management.Web\Areas\Core\Controllers\SmsConfigurationsController.cs(170,31): warning CS8604: Possible null reference argument for parameter 'source' in 'Task<SmsConfiguration?> EntityFrameworkQueryableExtensions.FirstOrDefaultAsync<SmsConfiguration>(IQueryable<SmsConfiguration> source, Expression<Func<SmsConfiguration, bool>> predicate, CancellationToken cancellationToken = default(CancellationToken))'. [D:\FWU.EMIS\FWU.Exam.Management\FWU.Exam.Management.Web\FWU.Exam.Management.Web.csproj]
D:\FWU.EMIS\FWU.Exam.Management\FWU.Exam.Management.Web\Data\Seeders\AcademicStructureSeeder.cs(16,20): warning CS8604: Possible null reference argument for parameter 'source' in 'Task<bool> EntityFrameworkQueryableExtensions.AnyAsync<Department>(IQueryable<Department> source, Expression<Func<Department, bool>> predicate, CancellationToken cancellationToken = default(CancellationToken))'. [D:\FWU.EMIS\FWU.Exam.Management\FWU.Exam.Management.Web\FWU.Exam.Management.Web.csproj]
D:\FWU.EMIS\FWU.Exam.Management\FWU.Exam.Management.Web\Data\Seeders\AcademicStructureSeeder.cs(31,35): warning CS8604: Possible null reference argument for parameter 'source' in 'Task<Level?> EntityFrameworkQueryableExtensions.FirstOrDefaultAsync<Level>(IQueryable<Level> source, Expression<Func<Level, bool>> predicate, CancellationToken cancellationToken = default(CancellationToken))'. [D:\FWU.EMIS\FWU.Exam.Management\FWU.Exam.Management.Web\FWU.Exam.Management.Web.csproj]
D:\FWU.EMIS\FWU.Exam.Management\FWU.Exam.Management.Web\Data\Seeders\AcademicStructureSeeder.cs(120,38): warning CS8604: Possible null reference argument for parameter 'source' in 'Task<bool> EntityFrameworkQueryableExtensions.AnyAsync<Faculty>(IQueryable<Faculty> source, Expression<Func<Faculty, bool>> predicate, CancellationToken cancellationToken = default(CancellationToken))'. [D:\FWU.EMIS\FWU.Exam.Management\FWU.Exam.Management.Web\FWU.Exam.Management.Web.csproj]
D:\FWU.EMIS\FWU.Exam.Management\FWU.Exam.Management.Web\Data\Seeders\AcademicStructureSeeder.cs(152,33): warning CS8604: Possible null reference argument for parameter 'source' in 'IQueryable<College> EntityFrameworkQueryableExtensions.IgnoreQueryFilters<College>(IQueryable<College> source)'. [D:\FWU.EMIS\FWU.Exam.Management\FWU.Exam.Management.Web\FWU.Exam.Management.Web.csproj]
D:\FWU.EMIS\FWU.Exam.Management\FWU.Exam.Management.Web\Data\Seeders\AcademicStructureSeeder.cs(153,33): warning CS8604: Possible null reference argument for parameter 'source' in 'Task<List<Program>> EntityFrameworkQueryableExtensions.ToListAsync<Program>(IQueryable<Program> source, CancellationToken cancellationToken = default(CancellationToken))'. [D:\FWU.EMIS\FWU.Exam.Management\FWU.Exam.Management.Web\FWU.Exam.Management.Web.csproj]
D:\FWU.EMIS\FWU.Exam.Management\FWU.Exam.Management.Web\Data\Seeders\AcademicStructureSeeder.cs(154,35): warning CS8604: Possible null reference argument for parameter 'source' in 'IQueryable<CollegeProgram> EntityFrameworkQueryableExtensions.IgnoreQueryFilters<CollegeProgram>(IQueryable<CollegeProgram> source)'. [D:\FWU.EMIS\FWU.Exam.Management\FWU.Exam.Management.Web\FWU.Exam.Management.Web.csproj]
D:\FWU.EMIS\FWU.Exam.Management\FWU.Exam.Management.Web\Areas\Core\Controllers\SmsConfigurationsController.cs(201,38): warning CS8602: Dereference of a possibly null reference. [D:\FWU.EMIS\FWU.Exam.Management\FWU.Exam.Management.Web\FWU.Exam.Management.Web.csproj]
D:\FWU.EMIS\FWU.Exam.Management\FWU.Exam.Management.Web\Data\Seeders\AcademicStructureSeeder.cs(180,28): warning CS8604: Possible null reference argument for parameter 'source' in 'Task<bool> EntityFrameworkQueryableExtensions.AnyAsync<Program>(IQueryable<Program> source, Expression<Func<Program, bool>> predicate, CancellationToken cancellationToken = default(CancellationToken))'. [D:\FWU.EMIS\FWU.Exam.Management\FWU.Exam.Management.Web\FWU.Exam.Management.Web.csproj]
D:\FWU.EMIS\FWU.Exam.Management\FWU.Exam.Management.Web\Areas\Exams\Controllers\ExamRegistrationsController.cs(54,53): warning CS8604: Possible null reference argument for parameter 'source' in 'IQueryable<ExamSchedule> EntityFrameworkQueryableExtensions.AsNoTracking<ExamSchedule>(IQueryable<ExamSchedule> source)'. [D:\FWU.EMIS\FWU.Exam.Management\FWU.Exam.Management.Web\FWU.Exam.Management.Web.csproj]
D:\FWU.EMIS\FWU.Exam.Management\FWU.Exam.Management.Web\Areas\Core\Controllers\SmsConfigurationsController.cs(236,38): warning CS8604: Possible null reference argument for parameter 'source' in 'Task<SmsConfiguration?> EntityFrameworkQueryableExtensions.FirstOrDefaultAsync<SmsConfiguration>(IQueryable<SmsConfiguration> source, Expression<Func<SmsConfiguration, bool>> predicate, CancellationToken cancellationToken = default(CancellationToken))'. [D:\FWU.EMIS\FWU.Exam.Management\FWU.Exam.Management.Web\FWU.Exam.Management.Web.csproj]
D:\FWU.EMIS\FWU.Exam.Management\FWU.Exam.Management.Web\Data\Seeders\AcademicStructureSeeder.cs(199,28): warning CS8604: Possible null reference argument for parameter 'source' in 'Task<bool> EntityFrameworkQueryableExtensions.AnyAsync<Faculty>(IQueryable<Faculty> source, Expression<Func<Faculty, bool>> predicate, CancellationToken cancellationToken = default(CancellationToken))'. [D:\FWU.EMIS\FWU.Exam.Management\FWU.Exam.Management.Web\FWU.Exam.Management.Web.csproj]
D:\FWU.EMIS\FWU.Exam.Management\FWU.Exam.Management.Web\Areas\Core\Controllers\SmsConfigurationsController.cs(247,38): warning CS8602: Dereference of a possibly null reference. [D:\FWU.EMIS\FWU.Exam.Management\FWU.Exam.Management.Web\FWU.Exam.Management.Web.csproj]
D:\FWU.EMIS\FWU.Exam.Management\FWU.Exam.Management.Web\Controllers\TenantsController.cs(252,35): warning CS8604: Possible null reference argument for parameter 'source' in 'Task<int> EntityFrameworkQueryableExtensions.CountAsync<Faculty>(IQueryable<Faculty> source, Expression<Func<Faculty, bool>> predicate, CancellationToken cancellationToken = default(CancellationToken))'. [D:\FWU.EMIS\FWU.Exam.Management\FWU.Exam.Management.Web\FWU.Exam.Management.Web.csproj]
D:\FWU.EMIS\FWU.Exam.Management\FWU.Exam.Management.Web\Controllers\TenantsController.cs(255,40): warning CS8604: Possible null reference argument for parameter 'source' in 'Task<int> EntityFrameworkQueryableExtensions.CountAsync<AcademicYear>(IQueryable<AcademicYear> source, CancellationToken cancellationToken = default(CancellationToken))'. [D:\FWU.EMIS\FWU.Exam.Management\FWU.Exam.Management.Web\FWU.Exam.Management.Web.csproj]
D:\FWU.EMIS\FWU.Exam.Management\FWU.Exam.Management.Web\Controllers\TenantsController.cs(256,34): warning CS8604: Possible null reference argument for parameter 'source' in 'Task<int> EntityFrameworkQueryableExtensions.CountAsync<StudentRegistration>(IQueryable<StudentRegistration> source, Expression<Func<StudentRegistration, bool>> predicate, CancellationToken cancellationToken = default(CancellationToken))'. [D:\FWU.EMIS\FWU.Exam.Management\FWU.Exam.Management.Web\FWU.Exam.Management.Web.csproj]
D:\FWU.EMIS\FWU.Exam.Management\FWU.Exam.Management.Web\Controllers\TenantsController.cs(257,40): warning CS8604: Possible null reference argument for parameter 'source' in 'Task<int> EntityFrameworkQueryableExtensions.CountAsync<ExamSchedule>(IQueryable<ExamSchedule> source, Expression<Func<ExamSchedule, bool>> predicate, CancellationToken cancellationToken = default(CancellationToken))'. [D:\FWU.EMIS\FWU.Exam.Management\FWU.Exam.Management.Web\FWU.Exam.Management.Web.csproj]
D:\FWU.EMIS\FWU.Exam.Management\FWU.Exam.Management.Web\Data\Seeders\AcademicStructureSeeder.cs(215,28): warning CS8604: Possible null reference argument for parameter 'source' in 'IQueryable<College> EntityFrameworkQueryableExtensions.IgnoreQueryFilters<College>(IQueryable<College> source)'. [D:\FWU.EMIS\FWU.Exam.Management\FWU.Exam.Management.Web\FWU.Exam.Management.Web.csproj]
D:\FWU.EMIS\FWU.Exam.Management\FWU.Exam.Management.Web\Areas\Core\Controllers\SmsConfigurationsController.cs(263,32): warning CS8602: Dereference of a possibly null reference. [D:\FWU.EMIS\FWU.Exam.Management\FWU.Exam.Management.Web\FWU.Exam.Management.Web.csproj]
D:\FWU.EMIS\FWU.Exam.Management\FWU.Exam.Management.Web\Areas\Core\Controllers\SmsConfigurationsController.cs(279,16): warning CS8604: Possible null reference argument for parameter 'source' in 'bool Queryable.Any<SmsConfiguration>(IQueryable<SmsConfiguration> source, Expression<Func<SmsConfiguration, bool>> predicate)'. [D:\FWU.EMIS\FWU.Exam.Management\FWU.Exam.Management.Web\FWU.Exam.Management.Web.csproj]
D:\FWU.EMIS\FWU.Exam.Management\FWU.Exam.Management.Web\Areas\Subjects\Controllers\SubjectOfferingsController.cs(185,32): warning CS8604: Possible null reference argument for parameter 'source' in 'IEnumerable<SubjectOfferingItemViewModel> Enumerable.Where<SubjectOfferingItemViewModel>(IEnumerable<SubjectOfferingItemViewModel> source, Func<SubjectOfferingItemViewModel, bool> predicate)'. [D:\FWU.EMIS\FWU.Exam.Management\FWU.Exam.Management.Web\FWU.Exam.Management.Web.csproj]
D:\FWU.EMIS\FWU.Exam.Management\FWU.Exam.Management.Web\Areas\Subjects\Controllers\SubjectOfferingsController.cs(198,29): warning CS8604: Possible null reference argument for parameter 'source' in 'IEnumerable<SubjectOffering> Enumerable.Select<SubjectOfferingItemViewModel, SubjectOffering>(IEnumerable<SubjectOfferingItemViewModel> source, Func<SubjectOfferingItemViewModel, SubjectOffering> selector)'. [D:\FWU.EMIS\FWU.Exam.Management\FWU.Exam.Management.Web\FWU.Exam.Management.Web.csproj]
D:\FWU.EMIS\FWU.Exam.Management\FWU.Exam.Management.Web\Data\Seeders\GradingSeeder.cs(13,19): warning CS8604: Possible null reference argument for parameter 'source' in 'Task<bool> EntityFrameworkQueryableExtensions.AnyAsync<GradingScheme>(IQueryable<GradingScheme> source, CancellationToken cancellationToken = default(CancellationToken))'. [D:\FWU.EMIS\FWU.Exam.Management\FWU.Exam.Management.Web\FWU.Exam.Management.Web.csproj]
D:\FWU.EMIS\FWU.Exam.Management\FWU.Exam.Management.Web\Data\Seeders\GradingSeeder.cs(16,29): warning CS8604: Possible null reference argument for parameter 'source' in 'Task<Program?> EntityFrameworkQueryableExtensions.FirstOrDefaultAsync<Program>(IQueryable<Program> source, Expression<Func<Program, bool>> predicate, CancellationToken cancellationToken = default(CancellationToken))'. [D:\FWU.EMIS\FWU.Exam.Management\FWU.Exam.Management.Web\FWU.Exam.Management.Web.csproj]
D:\FWU.EMIS\FWU.Exam.Management\FWU.Exam.Management.Web\Data\Seeders\GradingSeeder.cs(41,15): warning CS8602: Dereference of a possibly null reference. [D:\FWU.EMIS\FWU.Exam.Management\FWU.Exam.Management.Web\FWU.Exam.Management.Web.csproj]
D:\FWU.EMIS\FWU.Exam.Management\FWU.Exam.Management.Web\Controllers\TenantsController.cs(267,32): warning CS8602: Dereference of a possibly null reference. [D:\FWU.EMIS\FWU.Exam.Management\FWU.Exam.Management.Web\FWU.Exam.Management.Web.csproj]
D:\FWU.EMIS\FWU.Exam.Management\FWU.Exam.Management.Web\Controllers\TenantsController.cs(271,35): warning CS8604: Possible null reference argument for parameter 'source' in 'IQueryable<Faculty> Queryable.Where<Faculty>(IQueryable<Faculty> source, Expression<Func<Faculty, bool>> predicate)'. [D:\FWU.EMIS\FWU.Exam.Management\FWU.Exam.Management.Web\FWU.Exam.Management.Web.csproj]
D:\FWU.EMIS\FWU.Exam.Management\FWU.Exam.Management.Web\Data\Seeders\WorkflowTestDataSeeder.cs(22,19): warning CS8604: Possible null reference argument for parameter 'source' in 'Task<bool> EntityFrameworkQueryableExtensions.AnyAsync<Tenant>(IQueryable<Tenant> source, Expression<Func<Tenant, bool>> predicate, CancellationToken cancellationToken = default(CancellationToken))'. [D:\FWU.EMIS\FWU.Exam.Management\FWU.Exam.Management.Web\FWU.Exam.Management.Web.csproj]
D:\FWU.EMIS\FWU.Exam.Management\FWU.Exam.Management.Web\Data\Seeders\WorkflowTestDataSeeder.cs(52,15): warning CS8602: Dereference of a possibly null reference. [D:\FWU.EMIS\FWU.Exam.Management\FWU.Exam.Management.Web\FWU.Exam.Management.Web.csproj]
D:\FWU.EMIS\FWU.Exam.Management\FWU.Exam.Management.Web\Data\Seeders\WorkflowTestDataSeeder.cs(65,15): warning CS8602: Dereference of a possibly null reference. [D:\FWU.EMIS\FWU.Exam.Management\FWU.Exam.Management.Web\FWU.Exam.Management.Web.csproj]
D:\FWU.EMIS\FWU.Exam.Management\FWU.Exam.Management.Web\Data\Seeders\WorkflowTestDataSeeder.cs(77,15): warning CS8602: Dereference of a possibly null reference. [D:\FWU.EMIS\FWU.Exam.Management\FWU.Exam.Management.Web\FWU.Exam.Management.Web.csproj]
D:\FWU.EMIS\FWU.Exam.Management\FWU.Exam.Management.Web\Data\Seeders\WorkflowTestDataSeeder.cs(110,15): warning CS8602: Dereference of a possibly null reference. [D:\FWU.EMIS\FWU.Exam.Management\FWU.Exam.Management.Web\FWU.Exam.Management.Web.csproj]
D:\FWU.EMIS\FWU.Exam.Management\FWU.Exam.Management.Web\Data\Seeders\WorkflowTestDataSeeder.cs(137,15): warning CS8602: Dereference of a possibly null reference. [D:\FWU.EMIS\FWU.Exam.Management\FWU.Exam.Management.Web\FWU.Exam.Management.Web.csproj]
D:\FWU.EMIS\FWU.Exam.Management\FWU.Exam.Management.Web\Data\Seeders\WorkflowTestDataSeeder.cs(167,15): warning CS8602: Dereference of a possibly null reference. [D:\FWU.EMIS\FWU.Exam.Management\FWU.Exam.Management.Web\FWU.Exam.Management.Web.csproj]
D:\FWU.EMIS\FWU.Exam.Management\FWU.Exam.Management.Web\Data\Seeders\WorkflowTestDataSeeder.cs(175,15): warning CS8602: Dereference of a possibly null reference. [D:\FWU.EMIS\FWU.Exam.Management\FWU.Exam.Management.Web\FWU.Exam.Management.Web.csproj]
D:\FWU.EMIS\FWU.Exam.Management\FWU.Exam.Management.Web\Data\Seeders\WorkflowTestDataSeeder.cs(193,15): warning CS8602: Dereference of a possibly null reference. [D:\FWU.EMIS\FWU.Exam.Management\FWU.Exam.Management.Web\FWU.Exam.Management.Web.csproj]
D:\FWU.EMIS\FWU.Exam.Management\FWU.Exam.Management.Web\Data\Seeders\WorkflowTestDataSeeder.cs(204,15): warning CS8602: Dereference of a possibly null reference. [D:\FWU.EMIS\FWU.Exam.Management\FWU.Exam.Management.Web\FWU.Exam.Management.Web.csproj]
D:\FWU.EMIS\FWU.Exam.Management\FWU.Exam.Management.Web\Data\Seeders\WorkflowTestDataSeeder.cs(216,15): warning CS8602: Dereference of a possibly null reference. [D:\FWU.EMIS\FWU.Exam.Management\FWU.Exam.Management.Web\FWU.Exam.Management.Web.csproj]
D:\FWU.EMIS\FWU.Exam.Management\FWU.Exam.Management.Web\Data\Seeders\WorkflowTestDataSeeder.cs(239,15): warning CS8602: Dereference of a possibly null reference. [D:\FWU.EMIS\FWU.Exam.Management\FWU.Exam.Management.Web\FWU.Exam.Management.Web.csproj]
D:\FWU.EMIS\FWU.Exam.Management\FWU.Exam.Management.Web\Data\Seeders\WorkflowTestDataSeeder.cs(242,48): warning CS8602: Dereference of a possibly null reference. [D:\FWU.EMIS\FWU.Exam.Management\FWU.Exam.Management.Web\FWU.Exam.Management.Web.csproj]
D:\FWU.EMIS\FWU.Exam.Management\FWU.Exam.Management.Web\Data\Seeders\WorkflowTestDataSeeder.cs(243,46): warning CS8602: Dereference of a possibly null reference. [D:\FWU.EMIS\FWU.Exam.Management\FWU.Exam.Management.Web\FWU.Exam.Management.Web.csproj]
D:\FWU.EMIS\FWU.Exam.Management\FWU.Exam.Management.Web\Data\Seeders\WorkflowTestDataSeeder.cs(293,15): warning CS8602: Dereference of a possibly null reference. [D:\FWU.EMIS\FWU.Exam.Management\FWU.Exam.Management.Web\FWU.Exam.Management.Web.csproj]
D:\FWU.EMIS\FWU.Exam.Management\FWU.Exam.Management.Web\Data\Seeders\WorkflowTestDataSeeder.cs(306,15): warning CS8602: Dereference of a possibly null reference. [D:\FWU.EMIS\FWU.Exam.Management\FWU.Exam.Management.Web\FWU.Exam.Management.Web.csproj]
D:\FWU.EMIS\FWU.Exam.Management\FWU.Exam.Management.Web\Data\Seeders\WorkflowTestDataSeeder.cs(313,15): warning CS8602: Dereference of a possibly null reference. [D:\FWU.EMIS\FWU.Exam.Management\FWU.Exam.Management.Web\FWU.Exam.Management.Web.csproj]
D:\FWU.EMIS\FWU.Exam.Management\FWU.Exam.Management.Web\Data\Seeders\WorkflowTestDataSeeder.cs(332,15): warning CS8602: Dereference of a possibly null reference. [D:\FWU.EMIS\FWU.Exam.Management\FWU.Exam.Management.Web\FWU.Exam.Management.Web.csproj]
D:\FWU.EMIS\FWU.Exam.Management\FWU.Exam.Management.Web\Data\Seeders\WorkflowTestDataSeeder.cs(346,15): warning CS8602: Dereference of a possibly null reference. [D:\FWU.EMIS\FWU.Exam.Management\FWU.Exam.Management.Web\FWU.Exam.Management.Web.csproj]
D:\FWU.EMIS\FWU.Exam.Management\FWU.Exam.Management.Web\Data\Seeders\WorkflowTestDataSeeder.cs(358,15): warning CS8602: Dereference of a possibly null reference. [D:\FWU.EMIS\FWU.Exam.Management\FWU.Exam.Management.Web\FWU.Exam.Management.Web.csproj]
D:\FWU.EMIS\FWU.Exam.Management\FWU.Exam.Management.Web\Data\Seeders\WorkflowTestDataSeeder.cs(371,15): warning CS8602: Dereference of a possibly null reference. [D:\FWU.EMIS\FWU.Exam.Management\FWU.Exam.Management.Web\FWU.Exam.Management.Web.csproj]
D:\FWU.EMIS\FWU.Exam.Management\FWU.Exam.Management.Web\Data\Seeders\WorkflowTestDataSeeder.cs(450,9): warning CS8602: Dereference of a possibly null reference. [D:\FWU.EMIS\FWU.Exam.Management\FWU.Exam.Management.Web\FWU.Exam.Management.Web.csproj]
D:\FWU.EMIS\FWU.Exam.Management\FWU.Exam.Management.Web\Data\Seeders\WorkflowTestDataSeeder.cs(554,9): warning CS8602: Dereference of a possibly null reference. [D:\FWU.EMIS\FWU.Exam.Management\FWU.Exam.Management.Web\FWU.Exam.Management.Web.csproj]
D:\FWU.EMIS\FWU.Exam.Management\FWU.Exam.Management.Web\Data\Seeders\WorkflowTestDataSeeder.cs(586,15): warning CS8602: Dereference of a possibly null reference. [D:\FWU.EMIS\FWU.Exam.Management\FWU.Exam.Management.Web\FWU.Exam.Management.Web.csproj]
D:\FWU.EMIS\FWU.Exam.Management\FWU.Exam.Management.Web\Data\Seeders\WorkflowTestDataSeeder.cs(615,9): warning CS8602: Dereference of a possibly null reference. [D:\FWU.EMIS\FWU.Exam.Management\FWU.Exam.Management.Web\FWU.Exam.Management.Web.csproj]
D:\FWU.EMIS\FWU.Exam.Management\FWU.Exam.Management.Web\Data\Seeders\WorkflowTestDataSeeder.cs(621,15): warning CS8602: Dereference of a possibly null reference. [D:\FWU.EMIS\FWU.Exam.Management\FWU.Exam.Management.Web\FWU.Exam.Management.Web.csproj]
D:\FWU.EMIS\FWU.Exam.Management\FWU.Exam.Management.Web\Data\Seeders\WorkflowTestDataSeeder.cs(639,9): warning CS8602: Dereference of a possibly null reference. [D:\FWU.EMIS\FWU.Exam.Management\FWU.Exam.Management.Web\FWU.Exam.Management.Web.csproj]
D:\FWU.EMIS\FWU.Exam.Management\FWU.Exam.Management.Web\Data\Seeders\WorkflowTestDataSeeder.cs(672,13): warning CS8602: Dereference of a possibly null reference. [D:\FWU.EMIS\FWU.Exam.Management\FWU.Exam.Management.Web\FWU.Exam.Management.Web.csproj]
D:\FWU.EMIS\FWU.Exam.Management\FWU.Exam.Management.Web\Areas\Subjects\Controllers\SubjectCatalogsController.cs(148,48): warning CS8604: Possible null reference argument for parameter 'item' in 'bool HashSet<string>.Add(string item)'. [D:\FWU.EMIS\FWU.Exam.Management\FWU.Exam.Management.Web\FWU.Exam.Management.Web.csproj]
D:\FWU.EMIS\FWU.Exam.Management\FWU.Exam.Management.Web\Areas\Subjects\Controllers\SubjectCatalogsController.cs(203,40): warning CS8604: Possible null reference argument for parameter 'field' in 'string SubjectCatalogsController.EscapeCsv(string field)'. [D:\FWU.EMIS\FWU.Exam.Management\FWU.Exam.Management.Web\FWU.Exam.Management.Web.csproj]
D:\FWU.EMIS\FWU.Exam.Management\FWU.Exam.Management.Web\Data\Seeders\UserSeeder.cs(44,36): warning CS8604: Possible null reference argument for parameter 'source' in 'Task<Faculty?> EntityFrameworkQueryableExtensions.FirstOrDefaultAsync<Faculty>(IQueryable<Faculty> source, Expression<Func<Faculty, bool>> predicate, CancellationToken cancellationToken = default(CancellationToken))'. [D:\FWU.EMIS\FWU.Exam.Management\FWU.Exam.Management.Web\FWU.Exam.Management.Web.csproj]
D:\FWU.EMIS\FWU.Exam.Management\FWU.Exam.Management.Web\Data\Seeders\UserSeeder.cs(48,37): warning CS8604: Possible null reference argument for parameter 'source' in 'Task<College?> EntityFrameworkQueryableExtensions.FirstOrDefaultAsync<College>(IQueryable<College> source, Expression<Func<College, bool>> predicate, CancellationToken cancellationToken = default(CancellationToken))'. [D:\FWU.EMIS\FWU.Exam.Management\FWU.Exam.Management.Web\FWU.Exam.Management.Web.csproj]
D:\FWU.EMIS\FWU.Exam.Management\FWU.Exam.Management.Web\Data\Seeders\ReferenceDataSeeder.cs(48,19): warning CS8604: Possible null reference argument for parameter 'source' in 'Task<bool> EntityFrameworkQueryableExtensions.AnyAsync<Gender>(IQueryable<Gender> source, CancellationToken cancellationToken = default(CancellationToken))'. [D:\FWU.EMIS\FWU.Exam.Management\FWU.Exam.Management.Web\FWU.Exam.Management.Web.csproj]
D:\FWU.EMIS\FWU.Exam.Management\FWU.Exam.Management.Web\Data\Seeders\ReferenceDataSeeder.cs(68,15): warning CS8602: Dereference of a possibly null reference. [D:\FWU.EMIS\FWU.Exam.Management\FWU.Exam.Management.Web\FWU.Exam.Management.Web.csproj]
D:\FWU.EMIS\FWU.Exam.Management\FWU.Exam.Management.Web\Data\Seeders\ReferenceDataSeeder.cs(76,15): warning CS8602: Dereference of a possibly null reference. [D:\FWU.EMIS\FWU.Exam.Management\FWU.Exam.Management.Web\FWU.Exam.Management.Web.csproj]
D:\FWU.EMIS\FWU.Exam.Management\FWU.Exam.Management.Web\Data\Seeders\ReferenceDataSeeder.cs(87,15): warning CS8602: Dereference of a possibly null reference. [D:\FWU.EMIS\FWU.Exam.Management\FWU.Exam.Management.Web\FWU.Exam.Management.Web.csproj]
D:\FWU.EMIS\FWU.Exam.Management\FWU.Exam.Management.Web\Data\Seeders\ReferenceDataSeeder.cs(124,15): warning CS8602: Dereference of a possibly null reference. [D:\FWU.EMIS\FWU.Exam.Management\FWU.Exam.Management.Web\FWU.Exam.Management.Web.csproj]
D:\FWU.EMIS\FWU.Exam.Management\FWU.Exam.Management.Web\Data\Seeders\ReferenceDataSeeder.cs(128,20): warning CS8604: Possible null reference argument for parameter 'source' in 'Task<bool> EntityFrameworkQueryableExtensions.AnyAsync<Faculty>(IQueryable<Faculty> source, CancellationToken cancellationToken = default(CancellationToken))'. [D:\FWU.EMIS\FWU.Exam.Management\FWU.Exam.Management.Web\FWU.Exam.Management.Web.csproj]
D:\FWU.EMIS\FWU.Exam.Management\FWU.Exam.Management.Web\Data\Seeders\ReferenceDataSeeder.cs(130,35): warning CS8604: Possible null reference argument for parameter 'source' in 'Task<Tenant?> EntityFrameworkQueryableExtensions.FirstOrDefaultAsync<Tenant>(IQueryable<Tenant> source, Expression<Func<Tenant, bool>> predicate, CancellationToken cancellationToken = default(CancellationToken))'. [D:\FWU.EMIS\FWU.Exam.Management\FWU.Exam.Management.Web\FWU.Exam.Management.Web.csproj]
D:\FWU.EMIS\FWU.Exam.Management\FWU.Exam.Management.Web\Data\Seeders\ReferenceDataSeeder.cs(163,9): warning CS8602: Dereference of a possibly null reference. [D:\FWU.EMIS\FWU.Exam.Management\FWU.Exam.Management.Web\FWU.Exam.Management.Web.csproj]
D:\FWU.EMIS\FWU.Exam.Management\FWU.Exam.Management.Web\Data\Seeders\ReferenceDataSeeder.cs(178,20): warning CS8604: Possible null reference argument for parameter 'source' in 'Task<bool> EntityFrameworkQueryableExtensions.AnyAsync<Tenant>(IQueryable<Tenant> source, CancellationToken cancellationToken = default(CancellationToken))'. [D:\FWU.EMIS\FWU.Exam.Management\FWU.Exam.Management.Web\FWU.Exam.Management.Web.csproj]
D:\FWU.EMIS\FWU.Exam.Management\FWU.Exam.Management.Web\Areas\Students\Controllers\StudentRegistrationsController.cs(31,26): warning CS8604: Possible null reference argument for parameter 'source' in 'IQueryable<College> Queryable.Where<College>(IQueryable<College> source, Expression<Func<College, bool>> predicate)'. [D:\FWU.EMIS\FWU.Exam.Management\FWU.Exam.Management.Web\FWU.Exam.Management.Web.csproj]
D:\FWU.EMIS\FWU.Exam.Management\FWU.Exam.Management.Web\Areas\Students\Controllers\StudentRegistrationsController.cs(32,29): warning CS8604: Possible null reference argument for parameter 'source' in 'bool Enumerable.Any<Faculty>(IEnumerable<Faculty> source, Func<Faculty, bool> predicate)'. [D:\FWU.EMIS\FWU.Exam.Management\FWU.Exam.Management.Web\FWU.Exam.Management.Web.csproj]
D:\FWU.EMIS\FWU.Exam.Management\FWU.Exam.Management.Web\Data\Seeders\ReferenceDataSeeder.cs(212,31): warning CS8604: Possible null reference argument for parameter 'source' in 'Task<Tenant?> EntityFrameworkQueryableExtensions.FirstOrDefaultAsync<Tenant>(IQueryable<Tenant> source, Expression<Func<Tenant, bool>> predicate, CancellationToken cancellationToken = default(CancellationToken))'. [D:\FWU.EMIS\FWU.Exam.Management\FWU.Exam.Management.Web\FWU.Exam.Management.Web.csproj]
D:\FWU.EMIS\FWU.Exam.Management\FWU.Exam.Management.Web\Data\Seeders\ReferenceDataSeeder.cs(230,34): warning CS8604: Possible null reference argument for parameter 'source' in 'Task<Faculty?> EntityFrameworkQueryableExtensions.FirstOrDefaultAsync<Faculty>(IQueryable<Faculty> source, Expression<Func<Faculty, bool>> predicate, CancellationToken cancellationToken = default(CancellationToken))'. [D:\FWU.EMIS\FWU.Exam.Management\FWU.Exam.Management.Web\FWU.Exam.Management.Web.csproj]
D:\FWU.EMIS\FWU.Exam.Management\FWU.Exam.Management.Web\Data\Seeders\ReferenceDataSeeder.cs(246,21): warning CS8604: Possible null reference argument for parameter 'source' in 'Task<Faculty?> EntityFrameworkQueryableExtensions.FirstOrDefaultAsync<Faculty>(IQueryable<Faculty> source, Expression<Func<Faculty, bool>> predicate, CancellationToken cancellationToken = default(CancellationToken))'. [D:\FWU.EMIS\FWU.Exam.Management\FWU.Exam.Management.Web\FWU.Exam.Management.Web.csproj]
D:\FWU.EMIS\FWU.Exam.Management\FWU.Exam.Management.Web\Data\Seeders\ReferenceDataSeeder.cs(253,29): warning CS8604: Possible null reference argument for parameter 'source' in 'Task<Department?> EntityFrameworkQueryableExtensions.FirstOrDefaultAsync<Department>(IQueryable<Department> source, Expression<Func<Department, bool>> predicate, CancellationToken cancellationToken = default(CancellationToken))'. [D:\FWU.EMIS\FWU.Exam.Management\FWU.Exam.Management.Web\FWU.Exam.Management.Web.csproj]
D:\FWU.EMIS\FWU.Exam.Management\FWU.Exam.Management.Web\Data\Seeders\ReferenceDataSeeder.cs(282,35): warning CS8604: Possible null reference argument for parameter 'source' in 'Task<Level?> EntityFrameworkQueryableExtensions.FirstOrDefaultAsync<Level>(IQueryable<Level> source, Expression<Func<Level, bool>> predicate, CancellationToken cancellationToken = default(CancellationToken))'. [D:\FWU.EMIS\FWU.Exam.Management\FWU.Exam.Management.Web\FWU.Exam.Management.Web.csproj]
D:\FWU.EMIS\FWU.Exam.Management\FWU.Exam.Management.Web\Data\Seeders\ReferenceDataSeeder.cs(284,20): warning CS8604: Possible null reference argument for parameter 'source' in 'Task<bool> EntityFrameworkQueryableExtensions.AnyAsync<Program>(IQueryable<Program> source, Expression<Func<Program, bool>> predicate, CancellationToken cancellationToken = default(CancellationToken))'. [D:\FWU.EMIS\FWU.Exam.Management\FWU.Exam.Management.Web\FWU.Exam.Management.Web.csproj]
D:\FWU.EMIS\FWU.Exam.Management\FWU.Exam.Management.Web\Data\Seeders\ReferenceDataSeeder.cs(307,20): warning CS8604: Possible null reference argument for parameter 'source' in 'IQueryable<College> EntityFrameworkQueryableExtensions.IgnoreQueryFilters<College>(IQueryable<College> source)'. [D:\FWU.EMIS\FWU.Exam.Management\FWU.Exam.Management.Web\FWU.Exam.Management.Web.csproj]
D:\FWU.EMIS\FWU.Exam.Management\FWU.Exam.Management.Web\Data\Seeders\ReferenceDataSeeder.cs(345,28): warning CS8604: Possible null reference argument for parameter 'source' in 'IQueryable<CollegeProgram> EntityFrameworkQueryableExtensions.IgnoreQueryFilters<CollegeProgram>(IQueryable<CollegeProgram> source)'. [D:\FWU.EMIS\FWU.Exam.Management\FWU.Exam.Management.Web\FWU.Exam.Management.Web.csproj]
D:\FWU.EMIS\FWU.Exam.Management\FWU.Exam.Management.Web\Data\Seeders\ReferenceDataSeeder.cs(359,28): warning CS8604: Possible null reference argument for parameter 'source' in 'IQueryable<CollegeProgram> EntityFrameworkQueryableExtensions.IgnoreQueryFilters<CollegeProgram>(IQueryable<CollegeProgram> source)'. [D:\FWU.EMIS\FWU.Exam.Management\FWU.Exam.Management.Web\FWU.Exam.Management.Web.csproj]
D:\FWU.EMIS\FWU.Exam.Management\FWU.Exam.Management.Web\Data\Seeders\ReferenceDataSeeder.cs(434,19): warning CS8604: Possible null reference argument for parameter 'source' in 'Task<bool> EntityFrameworkQueryableExtensions.AnyAsync<ESewaConfiguration>(IQueryable<ESewaConfiguration> source, CancellationToken cancellationToken = default(CancellationToken))'. [D:\FWU.EMIS\FWU.Exam.Management\FWU.Exam.Management.Web\FWU.Exam.Management.Web.csproj]
D:\FWU.EMIS\FWU.Exam.Management\FWU.Exam.Management.Web\Data\Seeders\ReferenceDataSeeder.cs(454,19): warning CS8604: Possible null reference argument for parameter 'source' in 'Task<bool> EntityFrameworkQueryableExtensions.AnyAsync<KhaltiConfiguration>(IQueryable<KhaltiConfiguration> source, CancellationToken cancellationToken = default(CancellationToken))'. [D:\FWU.EMIS\FWU.Exam.Management\FWU.Exam.Management.Web\FWU.Exam.Management.Web.csproj]
D:\FWU.EMIS\FWU.Exam.Management\FWU.Exam.Management.Web\Data\Seeders\ReferenceDataSeeder.cs(476,19): warning CS8604: Possible null reference argument for parameter 'source' in 'Task<bool> EntityFrameworkQueryableExtensions.AnyAsync<ConnectIpsPaymentConfiguration>(IQueryable<ConnectIpsPaymentConfiguration> source, CancellationToken cancellationToken = default(CancellationToken))'. [D:\FWU.EMIS\FWU.Exam.Management\FWU.Exam.Management.Web\FWU.Exam.Management.Web.csproj]
D:\FWU.EMIS\FWU.Exam.Management\FWU.Exam.Management.Web\Areas\Students\Controllers\StudentRegistrationsController.cs(442,45): warning CS8604: Possible null reference argument for parameter 's' in 'int int.Parse(string s)'. [D:\FWU.EMIS\FWU.Exam.Management\FWU.Exam.Management.Web\FWU.Exam.Management.Web.csproj]
D:\FWU.EMIS\FWU.Exam.Management\FWU.Exam.Management.Web\Areas\Students\Controllers\StudentRegistrationsController.cs(443,37): warning CS8604: Possible null reference argument for parameter 's' in 'int int.Parse(string s)'. [D:\FWU.EMIS\FWU.Exam.Management\FWU.Exam.Management.Web\FWU.Exam.Management.Web.csproj]
D:\FWU.EMIS\FWU.Exam.Management\FWU.Exam.Management.Web\Areas\Students\Controllers\StudentRegistrationsController.cs(480,81): warning CS8625: Cannot convert null literal to non-nullable reference type. [D:\FWU.EMIS\FWU.Exam.Management\FWU.Exam.Management.Web\FWU.Exam.Management.Web.csproj]
D:\FWU.EMIS\FWU.Exam.Management\FWU.Exam.Management.Web\Areas\Students\Controllers\StudentRegistrationsController.cs(521,30): warning CS8604: Possible null reference argument for parameter 'source' in 'IQueryable<College> Queryable.Where<College>(IQueryable<College> source, Expression<Func<College, bool>> predicate)'. [D:\FWU.EMIS\FWU.Exam.Management\FWU.Exam.Management.Web\FWU.Exam.Management.Web.csproj]
D:\FWU.EMIS\FWU.Exam.Management\FWU.Exam.Management.Web\Areas\Students\Controllers\StudentRegistrationsController.cs(522,25): warning CS8604: Possible null reference argument for parameter 'source' in 'bool Enumerable.Any<Faculty>(IEnumerable<Faculty> source, Func<Faculty, bool> predicate)'. [D:\FWU.EMIS\FWU.Exam.Management\FWU.Exam.Management.Web\FWU.Exam.Management.Web.csproj]
D:\FWU.EMIS\FWU.Exam.Management\FWU.Exam.Management.Web\Data\Seeders\LocationSeeder.cs(14,19): warning CS8604: Possible null reference argument for parameter 'source' in 'Task<bool> EntityFrameworkQueryableExtensions.AnyAsync<Province>(IQueryable<Province> source, CancellationToken cancellationToken = default(CancellationToken))'. [D:\FWU.EMIS\FWU.Exam.Management\FWU.Exam.Management.Web\FWU.Exam.Management.Web.csproj]
D:\FWU.EMIS\FWU.Exam.Management\FWU.Exam.Management.Web\Data\Seeders\LocationSeeder.cs(119,15): warning CS8602: Dereference of a possibly null reference. [D:\FWU.EMIS\FWU.Exam.Management\FWU.Exam.Management.Web\FWU.Exam.Management.Web.csproj]
D:\FWU.EMIS\FWU.Exam.Management\FWU.Exam.Management.Web\Data\Seeders\LocationSeeder.cs(126,15): warning CS8602: Dereference of a possibly null reference. [D:\FWU.EMIS\FWU.Exam.Management\FWU.Exam.Management.Web\FWU.Exam.Management.Web.csproj]
D:\FWU.EMIS\FWU.Exam.Management\FWU.Exam.Management.Web\Areas\Students\Controllers\StudentDashboardController.cs(25,28): warning CS9113: Parameter 'retotalRequestService' is unread. [D:\FWU.EMIS\FWU.Exam.Management\FWU.Exam.Management.Web\FWU.Exam.Management.Web.csproj]
D:\FWU.EMIS\FWU.Exam.Management\FWU.Exam.Management.Web\Areas\Students\Controllers\StudentDashboardController.cs(121,25): warning CS8602: Dereference of a possibly null reference. [D:\FWU.EMIS\FWU.Exam.Management\FWU.Exam.Management.Web\FWU.Exam.Management.Web.csproj]
D:\FWU.EMIS\FWU.Exam.Management\FWU.Exam.Management.Web\Data\Seeders\NaturalResourceManagementSeeder.cs(14,32): warning CS8604: Possible null reference argument for parameter 'source' in 'Task<Faculty?> EntityFrameworkQueryableExtensions.FirstOrDefaultAsync<Faculty>(IQueryable<Faculty> source, Expression<Func<Faculty, bool>> predicate, CancellationToken cancellationToken = default(CancellationToken))'. [D:\FWU.EMIS\FWU.Exam.Management\FWU.Exam.Management.Web\FWU.Exam.Management.Web.csproj]
D:\FWU.EMIS\FWU.Exam.Management\FWU.Exam.Management.Web\Data\Seeders\NaturalResourceManagementSeeder.cs(15,35): warning CS8604: Possible null reference argument for parameter 'source' in 'Task<Level?> EntityFrameworkQueryableExtensions.FirstOrDefaultAsync<Level>(IQueryable<Level> source, Expression<Func<Level, bool>> predicate, CancellationToken cancellationToken = default(CancellationToken))'. [D:\FWU.EMIS\FWU.Exam.Management\FWU.Exam.Management.Web\FWU.Exam.Management.Web.csproj]
D:\FWU.EMIS\FWU.Exam.Management\FWU.Exam.Management.Web\Data\Seeders\NaturalResourceManagementSeeder.cs(20,20): warning CS8604: Possible null reference argument for parameter 'source' in 'Task<bool> EntityFrameworkQueryableExtensions.AnyAsync<Department>(IQueryable<Department> source, Expression<Func<Department, bool>> predicate, CancellationToken cancellationToken = default(CancellationToken))'. [D:\FWU.EMIS\FWU.Exam.Management\FWU.Exam.Management.Web\FWU.Exam.Management.Web.csproj]
D:\FWU.EMIS\FWU.Exam.Management\FWU.Exam.Management.Web\Data\Seeders\NaturalResourceManagementSeeder.cs(55,20): warning CS8604: Possible null reference argument for parameter 'source' in 'IQueryable<College> EntityFrameworkQueryableExtensions.IgnoreQueryFilters<College>(IQueryable<College> source)'. [D:\FWU.EMIS\FWU.Exam.Management\FWU.Exam.Management.Web\FWU.Exam.Management.Web.csproj]
D:\FWU.EMIS\FWU.Exam.Management\FWU.Exam.Management.Web\Data\Seeders\NaturalResourceManagementSeeder.cs(81,37): warning CS8604: Possible null reference argument for parameter 'source' in 'IQueryable<Program> Queryable.Where<Program>(IQueryable<Program> source, Expression<Func<Program, bool>> predicate)'. [D:\FWU.EMIS\FWU.Exam.Management\FWU.Exam.Management.Web\FWU.Exam.Management.Web.csproj]
D:\FWU.EMIS\FWU.Exam.Management\FWU.Exam.Management.Web\Data\Seeders\NaturalResourceManagementSeeder.cs(84,28): warning CS8604: Possible null reference argument for parameter 'source' in 'IQueryable<CollegeProgram> EntityFrameworkQueryableExtensions.IgnoreQueryFilters<CollegeProgram>(IQueryable<CollegeProgram> source)'. [D:\FWU.EMIS\FWU.Exam.Management\FWU.Exam.Management.Web\FWU.Exam.Management.Web.csproj]
D:\FWU.EMIS\FWU.Exam.Management\FWU.Exam.Management.Web\Data\Seeders\NaturalResourceManagementSeeder.cs(101,28): warning CS8604: Possible null reference argument for parameter 'source' in 'Task<bool> EntityFrameworkQueryableExtensions.AnyAsync<Program>(IQueryable<Program> source, Expression<Func<Program, bool>> predicate, CancellationToken cancellationToken = default(CancellationToken))'. [D:\FWU.EMIS\FWU.Exam.Management\FWU.Exam.Management.Web\FWU.Exam.Management.Web.csproj]
D:\FWU.EMIS\FWU.Exam.Management\FWU.Exam.Management.Web\Areas\Students\Controllers\StudentDashboardController.cs(637,30): warning CS8604: Possible null reference argument for parameter 'source' in 'IQueryable<RetotalRequest> EntityFrameworkQueryableExtensions.AsNoTracking<RetotalRequest>(IQueryable<RetotalRequest> source)'. [D:\FWU.EMIS\FWU.Exam.Management\FWU.Exam.Management.Web\FWU.Exam.Management.Web.csproj]
D:\FWU.EMIS\FWU.Exam.Management\FWU.Exam.Management.Web\Areas\Students\Controllers\StudentDashboardController.cs(641,37): warning CS8602: Dereference of a possibly null reference. [D:\FWU.EMIS\FWU.Exam.Management\FWU.Exam.Management.Web\FWU.Exam.Management.Web.csproj]
D:\FWU.EMIS\FWU.Exam.Management\FWU.Exam.Management.Web\Areas\Students\Controllers\StudentDashboardController.cs(642,40): warning CS8602: Dereference of a possibly null reference. [D:\FWU.EMIS\FWU.Exam.Management\FWU.Exam.Management.Web\FWU.Exam.Management.Web.csproj]
D:\FWU.EMIS\FWU.Exam.Management\FWU.Exam.Management.Web\Areas\Students\Controllers\StudentDashboardController.cs(644,36): warning CS8602: Dereference of a possibly null reference. [D:\FWU.EMIS\FWU.Exam.Management\FWU.Exam.Management.Web\FWU.Exam.Management.Web.csproj]
D:\FWU.EMIS\FWU.Exam.Management\FWU.Exam.Management.Web\Areas\Students\Controllers\StudentDashboardController.cs(661,32): warning CS8604: Possible null reference argument for parameter 'source' in 'IQueryable<ExamSubjectResult> EntityFrameworkQueryableExtensions.AsNoTracking<ExamSubjectResult>(IQueryable<ExamSubjectResult> source)'. [D:\FWU.EMIS\FWU.Exam.Management\FWU.Exam.Management.Web\FWU.Exam.Management.Web.csproj]
D:\FWU.EMIS\FWU.Exam.Management\FWU.Exam.Management.Web\Areas\Students\Controllers\StudentDashboardController.cs(664,40): warning CS8602: Dereference of a possibly null reference. [D:\FWU.EMIS\FWU.Exam.Management\FWU.Exam.Management.Web\FWU.Exam.Management.Web.csproj]
D:\FWU.EMIS\FWU.Exam.Management\FWU.Exam.Management.Web\Areas\Students\Controllers\StudentDashboardController.cs(666,40): warning CS8602: Dereference of a possibly null reference. [D:\FWU.EMIS\FWU.Exam.Management\FWU.Exam.Management.Web\FWU.Exam.Management.Web.csproj]
D:\FWU.EMIS\FWU.Exam.Management\FWU.Exam.Management.Web\Areas\Students\Controllers\StudentDashboardController.cs(692,28): warning CS8604: Possible null reference argument for parameter 'source' in 'IQueryable<ExamSubjectResult> EntityFrameworkQueryableExtensions.AsNoTracking<ExamSubjectResult>(IQueryable<ExamSubjectResult> source)'. [D:\FWU.EMIS\FWU.Exam.Management\FWU.Exam.Management.Web\FWU.Exam.Management.Web.csproj]
D:\FWU.EMIS\FWU.Exam.Management\FWU.Exam.Management.Web\Areas\Students\Controllers\StudentDashboardController.cs(698,37): warning CS8604: Possible null reference argument for parameter 'source' in 'Task<bool> EntityFrameworkQueryableExtensions.AnyAsync<RetotalRequest>(IQueryable<RetotalRequest> source, Expression<Func<RetotalRequest, bool>> predicate, CancellationToken cancellationToken = default(CancellationToken))'. [D:\FWU.EMIS\FWU.Exam.Management\FWU.Exam.Management.Web\FWU.Exam.Management.Web.csproj]
D:\FWU.EMIS\FWU.Exam.Management\FWU.Exam.Management.Web\Areas\Students\Controllers\StudentAdmissionsController.cs(18,113): warning CS9113: Parameter 'studentService' is unread. [D:\FWU.EMIS\FWU.Exam.Management\FWU.Exam.Management.Web\FWU.Exam.Management.Web.csproj]
D:\FWU.EMIS\FWU.Exam.Management\FWU.Exam.Management.Web\Areas\Students\Controllers\StudentAdmissionsController.cs(30,26): warning CS8604: Possible null reference argument for parameter 'source' in 'IQueryable<College> Queryable.Where<College>(IQueryable<College> source, Expression<Func<College, bool>> predicate)'. [D:\FWU.EMIS\FWU.Exam.Management\FWU.Exam.Management.Web\FWU.Exam.Management.Web.csproj]
D:\FWU.EMIS\FWU.Exam.Management\FWU.Exam.Management.Web\Areas\Students\Controllers\StudentAdmissionsController.cs(31,29): warning CS8604: Possible null reference argument for parameter 'source' in 'bool Enumerable.Any<Faculty>(IEnumerable<Faculty> source, Func<Faculty, bool> predicate)'. [D:\FWU.EMIS\FWU.Exam.Management\FWU.Exam.Management.Web\FWU.Exam.Management.Web.csproj]
D:\FWU.EMIS\FWU.Exam.Management\FWU.Exam.Management.Web\Areas\Students\Views\StudentRegistrations\Delete.cshtml(53,39): warning CS8602: Dereference of a possibly null reference. [D:\FWU.EMIS\FWU.Exam.Management\FWU.Exam.Management.Web\FWU.Exam.Management.Web.csproj]
D:\FWU.EMIS\FWU.Exam.Management\FWU.Exam.Management.Web\Areas\Students\Views\StudentRegistrations\Delete.cshtml(60,39): warning CS8602: Dereference of a possibly null reference. [D:\FWU.EMIS\FWU.Exam.Management\FWU.Exam.Management.Web\FWU.Exam.Management.Web.csproj]
D:\FWU.EMIS\FWU.Exam.Management\FWU.Exam.Management.Web\Areas\Students\Views\StudentRegistrations\Delete.cshtml(67,39): warning CS8602: Dereference of a possibly null reference. [D:\FWU.EMIS\FWU.Exam.Management\FWU.Exam.Management.Web\FWU.Exam.Management.Web.csproj]
D:\FWU.EMIS\FWU.Exam.Management\FWU.Exam.Management.Web\Areas\Students\Views\StudentRegistrations\Delete.cshtml(74,39): warning CS8602: Dereference of a possibly null reference. [D:\FWU.EMIS\FWU.Exam.Management\FWU.Exam.Management.Web\FWU.Exam.Management.Web.csproj]
D:\FWU.EMIS\FWU.Exam.Management\FWU.Exam.Management.Web\Areas\Students\Views\StudentRegistrations\Delete.cshtml(81,39): warning CS8602: Dereference of a possibly null reference. [D:\FWU.EMIS\FWU.Exam.Management\FWU.Exam.Management.Web\FWU.Exam.Management.Web.csproj]
D:\FWU.EMIS\FWU.Exam.Management\FWU.Exam.Management.Web\Areas\Students\Views\StudentRegistrations\Delete.cshtml(88,39): warning CS8602: Dereference of a possibly null reference. [D:\FWU.EMIS\FWU.Exam.Management\FWU.Exam.Management.Web\FWU.Exam.Management.Web.csproj]
D:\FWU.EMIS\FWU.Exam.Management\FWU.Exam.Management.Web\Areas\Students\Views\StudentRegistrations\Delete.cshtml(95,39): warning CS8602: Dereference of a possibly null reference. [D:\FWU.EMIS\FWU.Exam.Management\FWU.Exam.Management.Web\FWU.Exam.Management.Web.csproj]
D:\FWU.EMIS\FWU.Exam.Management\FWU.Exam.Management.Web\Areas\Students\Controllers\StudentAdmissionsController.cs(84,54): warning CS8604: Possible null reference argument for parameter 'source' in 'IQueryable<College> Queryable.Where<College>(IQueryable<College> source, Expression<Func<College, bool>> predicate)'. [D:\FWU.EMIS\FWU.Exam.Management\FWU.Exam.Management.Web\FWU.Exam.Management.Web.csproj]
D:\FWU.EMIS\FWU.Exam.Management\FWU.Exam.Management.Web\Areas\Students\Controllers\StudentAdmissionsController.cs(97,29): warning CS8604: Possible null reference argument for parameter 'source' in 'IQueryable<StudentRegistration> EntityFrameworkQueryableExtensions.AsNoTracking<StudentRegistration>(IQueryable<StudentRegistration> source)'. [D:\FWU.EMIS\FWU.Exam.Management\FWU.Exam.Management.Web\FWU.Exam.Management.Web.csproj]
D:\FWU.EMIS\FWU.Exam.Management\FWU.Exam.Management.Web\Areas\Students\Controllers\StudentAdmissionsController.cs(117,29): warning CS8604: Possible null reference argument for parameter 'source' in 'IQueryable<StudentRegistration> EntityFrameworkQueryableExtensions.AsNoTracking<StudentRegistration>(IQueryable<StudentRegistration> source)'. [D:\FWU.EMIS\FWU.Exam.Management\FWU.Exam.Management.Web\FWU.Exam.Management.Web.csproj]
D:\FWU.EMIS\FWU.Exam.Management\FWU.Exam.Management.Web\Areas\Students\Controllers\StudentAdmissionsController.cs(156,54): warning CS8604: Possible null reference argument for parameter 'source' in 'IQueryable<College> Queryable.Where<College>(IQueryable<College> source, Expression<Func<College, bool>> predicate)'. [D:\FWU.EMIS\FWU.Exam.Management\FWU.Exam.Management.Web\FWU.Exam.Management.Web.csproj]
D:\FWU.EMIS\FWU.Exam.Management\FWU.Exam.Management.Web\Areas\Students\Controllers\StudentAdmissionsController.cs(254,40): warning CS8604: Possible null reference argument for parameter 'field' in 'string StudentAdmissionsController.EscapeCsv(string field)'. [D:\FWU.EMIS\FWU.Exam.Management\FWU.Exam.Management.Web\FWU.Exam.Management.Web.csproj]
D:\FWU.EMIS\FWU.Exam.Management\FWU.Exam.Management.Web\Areas\Students\Controllers\StudentAdmissionsController.cs(255,40): warning CS8604: Possible null reference argument for parameter 'field' in 'string StudentAdmissionsController.EscapeCsv(string field)'. [D:\FWU.EMIS\FWU.Exam.Management\FWU.Exam.Management.Web\FWU.Exam.Management.Web.csproj]
D:\FWU.EMIS\FWU.Exam.Management\FWU.Exam.Management.Web\Areas\Students\Controllers\StudentAdmissionsController.cs(256,40): warning CS8604: Possible null reference argument for parameter 'field' in 'string StudentAdmissionsController.EscapeCsv(string field)'. [D:\FWU.EMIS\FWU.Exam.Management\FWU.Exam.Management.Web\FWU.Exam.Management.Web.csproj]
D:\FWU.EMIS\FWU.Exam.Management\FWU.Exam.Management.Web\Areas\Students\Controllers\StudentAdmissionsController.cs(333,30): warning CS8604: Possible null reference argument for parameter 'source' in 'IQueryable<StudentRegistration> EntityFrameworkQueryableExtensions.AsNoTracking<StudentRegistration>(IQueryable<StudentRegistration> source)'. [D:\FWU.EMIS\FWU.Exam.Management\FWU.Exam.Management.Web\FWU.Exam.Management.Web.csproj]
D:\FWU.EMIS\FWU.Exam.Management\FWU.Exam.Management.Web\Areas\Students\Controllers\SemesterEnrollmentsController.cs(30,26): warning CS8604: Possible null reference argument for parameter 'source' in 'IQueryable<College> Queryable.Where<College>(IQueryable<College> source, Expression<Func<College, bool>> predicate)'. [D:\FWU.EMIS\FWU.Exam.Management\FWU.Exam.Management.Web\FWU.Exam.Management.Web.csproj]
D:\FWU.EMIS\FWU.Exam.Management\FWU.Exam.Management.Web\Areas\Students\Controllers\SemesterEnrollmentsController.cs(31,29): warning CS8604: Possible null reference argument for parameter 'source' in 'bool Enumerable.Any<Faculty>(IEnumerable<Faculty> source, Func<Faculty, bool> predicate)'. [D:\FWU.EMIS\FWU.Exam.Management\FWU.Exam.Management.Web\FWU.Exam.Management.Web.csproj]
D:\FWU.EMIS\FWU.Exam.Management\FWU.Exam.Management.Web\Areas\Students\Controllers\SemesterEnrollmentsController.cs(90,35): warning CS8604: Possible null reference argument for parameter 'source' in 'IQueryable<StudentAdmission> EntityFrameworkQueryableExtensions.AsNoTracking<StudentAdmission>(IQueryable<StudentAdmission> source)'. [D:\FWU.EMIS\FWU.Exam.Management\FWU.Exam.Management.Web\FWU.Exam.Management.Web.csproj]
D:\FWU.EMIS\FWU.Exam.Management\FWU.Exam.Management.Web\Areas\Students\Controllers\SemesterEnrollmentsController.cs(147,31): warning CS8604: Possible null reference argument for parameter 'source' in 'IQueryable<Semester> EntityFrameworkQueryableExtensions.AsNoTracking<Semester>(IQueryable<Semester> source)'. [D:\FWU.EMIS\FWU.Exam.Management\FWU.Exam.Management.Web\FWU.Exam.Management.Web.csproj]
D:\FWU.EMIS\FWU.Exam.Management\FWU.Exam.Management.Web\Areas\Students\Controllers\SemesterEnrollmentsController.cs(202,31): warning CS8604: Possible null reference argument for parameter 'source' in 'IQueryable<StudentAdmission> EntityFrameworkQueryableExtensions.AsNoTracking<StudentAdmission>(IQueryable<StudentAdmission> source)'. [D:\FWU.EMIS\FWU.Exam.Management\FWU.Exam.Management.Web\FWU.Exam.Management.Web.csproj]
D:\FWU.EMIS\FWU.Exam.Management\FWU.Exam.Management.Web\Views\Shared\_SideMenu.cshtml(9,43): warning CS8625: Cannot convert null literal to non-nullable reference type. [D:\FWU.EMIS\FWU.Exam.Management\FWU.Exam.Management.Web\FWU.Exam.Management.Web.csproj]
D:\FWU.EMIS\FWU.Exam.Management\FWU.Exam.Management.Web\Views\Shared\_SideMenu.cshtml(9,69): warning CS8625: Cannot convert null literal to non-nullable reference type. [D:\FWU.EMIS\FWU.Exam.Management\FWU.Exam.Management.Web\FWU.Exam.Management.Web.csproj]
D:\FWU.EMIS\FWU.Exam.Management\FWU.Exam.Management.Web\Views\Shared\_SideMenu.cshtml(9,93): warning CS8625: Cannot convert null literal to non-nullable reference type. [D:\FWU.EMIS\FWU.Exam.Management\FWU.Exam.Management.Web\FWU.Exam.Management.Web.csproj]
D:\FWU.EMIS\FWU.Exam.Management\FWU.Exam.Management.Web\Views\Shared\_SideMenu.cshtml(9,113): warning CS8625: Cannot convert null literal to non-nullable reference type. [D:\FWU.EMIS\FWU.Exam.Management\FWU.Exam.Management.Web\FWU.Exam.Management.Web.csproj]
D:\FWU.EMIS\FWU.Exam.Management\FWU.Exam.Management.Web\Areas\Payments\Controllers\PaymentTypesController.cs(49,40): warning CS8604: Possible null reference argument for parameter 'field' in 'string PaymentTypesController.EscapeCsv(string field)'. [D:\FWU.EMIS\FWU.Exam.Management\FWU.Exam.Management.Web\FWU.Exam.Management.Web.csproj]
D:\FWU.EMIS\FWU.Exam.Management\FWU.Exam.Management.Web\Areas\Payments\Controllers\PaymentTypesController.cs(50,41): warning CS8604: Possible null reference argument for parameter 'field' in 'string PaymentTypesController.EscapeCsv(string field)'. [D:\FWU.EMIS\FWU.Exam.Management\FWU.Exam.Management.Web\FWU.Exam.Management.Web.csproj]
D:\FWU.EMIS\FWU.Exam.Management\FWU.Exam.Management.Web\Data\Seeders\DemoDataSeeder.cs(20,20): warning CS8604: Possible null reference argument for parameter 'source' in 'Task<bool> EntityFrameworkQueryableExtensions.AnyAsync<AcademicYear>(IQueryable<AcademicYear> source, CancellationToken cancellationToken = default(CancellationToken))'. [D:\FWU.EMIS\FWU.Exam.Management\FWU.Exam.Management.Web\FWU.Exam.Management.Web.csproj]
D:\FWU.EMIS\FWU.Exam.Management\FWU.Exam.Management.Web\Data\Seeders\DemoDataSeeder.cs(33,24): warning CS8604: Possible null reference argument for parameter 'source' in 'Task<bool> EntityFrameworkQueryableExtensions.AnyAsync<Batch>(IQueryable<Batch> source, CancellationToken cancellationToken = default(CancellationToken))'. [D:\FWU.EMIS\FWU.Exam.Management\FWU.Exam.Management.Web\FWU.Exam.Management.Web.csproj]
D:\FWU.EMIS\FWU.Exam.Management\FWU.Exam.Management.Web\Data\Seeders\DemoDataSeeder.cs(42,24): warning CS8604: Possible null reference argument for parameter 'source' in 'Task<bool> EntityFrameworkQueryableExtensions.AnyAsync<Semester>(IQueryable<Semester> source, CancellationToken cancellationToken = default(CancellationToken))'. [D:\FWU.EMIS\FWU.Exam.Management\FWU.Exam.Management.Web\FWU.Exam.Management.Web.csproj]
D:\FWU.EMIS\FWU.Exam.Management\FWU.Exam.Management.Web\Data\Seeders\DemoDataSeeder.cs(58,20): warning CS8604: Possible null reference argument for parameter 'source' in 'Task<bool> EntityFrameworkQueryableExtensions.AnyAsync<FiscalYear>(IQueryable<FiscalYear> source, CancellationToken cancellationToken = default(CancellationToken))'. [D:\FWU.EMIS\FWU.Exam.Management\FWU.Exam.Management.Web\FWU.Exam.Management.Web.csproj]
D:\FWU.EMIS\FWU.Exam.Management\FWU.Exam.Management.Web\Data\Seeders\DemoDataSeeder.cs(68,20): warning CS8604: Possible null reference argument for parameter 'source' in 'Task<bool> EntityFrameworkQueryableExtensions.AnyAsync<SubjectType>(IQueryable<SubjectType> source, CancellationToken cancellationToken = default(CancellationToken))'. [D:\FWU.EMIS\FWU.Exam.Management\FWU.Exam.Management.Web\FWU.Exam.Management.Web.csproj]
D:\FWU.EMIS\FWU.Exam.Management\FWU.Exam.Management.Web\Data\Seeders\DemoDataSeeder.cs(79,24): warning CS8604: Possible null reference argument for parameter 'source' in 'Task<bool> EntityFrameworkQueryableExtensions.AnyAsync<SubjectCatalog>(IQueryable<SubjectCatalog> source, CancellationToken cancellationToken = default(CancellationToken))'. [D:\FWU.EMIS\FWU.Exam.Management\FWU.Exam.Management.Web\FWU.Exam.Management.Web.csproj]
D:\FWU.EMIS\FWU.Exam.Management\FWU.Exam.Management.Web\Data\Seeders\DemoDataSeeder.cs(105,20): warning CS8604: Possible null reference argument for parameter 'source' in 'Task<bool> EntityFrameworkQueryableExtensions.AnyAsync<Ethnicity>(IQueryable<Ethnicity> source, CancellationToken cancellationToken = default(CancellationToken))'. [D:\FWU.EMIS\FWU.Exam.Management\FWU.Exam.Management.Web\FWU.Exam.Management.Web.csproj]
D:\FWU.EMIS\FWU.Exam.Management\FWU.Exam.Management.Web\Data\Seeders\DemoDataSeeder.cs(120,20): warning CS8604: Possible null reference argument for parameter 'source' in 'Task<bool> EntityFrameworkQueryableExtensions.AnyAsync<StudentCategory>(IQueryable<StudentCategory> source, CancellationToken cancellationToken = default(CancellationToken))'. [D:\FWU.EMIS\FWU.Exam.Management\FWU.Exam.Management.Web\FWU.Exam.Management.Web.csproj]
D:\FWU.EMIS\FWU.Exam.Management\FWU.Exam.Management.Web\Data\Seeders\DemoDataSeeder.cs(133,20): warning CS8604: Possible null reference argument for parameter 'source' in 'Task<bool> EntityFrameworkQueryableExtensions.AnyAsync<CollegeType>(IQueryable<CollegeType> source, CancellationToken cancellationToken = default(CancellationToken))'. [D:\FWU.EMIS\FWU.Exam.Management\FWU.Exam.Management.Web\FWU.Exam.Management.Web.csproj]
D:\FWU.EMIS\FWU.Exam.Management\FWU.Exam.Management.Web\Data\Seeders\DemoDataSeeder.cs(144,42): warning CS8604: Possible null reference argument for parameter 'source' in 'Task<List<College>> EntityFrameworkQueryableExtensions.ToListAsync<College>(IQueryable<College> source, CancellationToken cancellationToken = default(CancellationToken))'. [D:\FWU.EMIS\FWU.Exam.Management\FWU.Exam.Management.Web\FWU.Exam.Management.Web.csproj]
D:\FWU.EMIS\FWU.Exam.Management\FWU.Exam.Management.Web\Data\Seeders\DemoDataSeeder.cs(154,20): warning CS8604: Possible null reference argument for parameter 'source' in 'Task<bool> EntityFrameworkQueryableExtensions.AnyAsync<CollegeProgram>(IQueryable<CollegeProgram> source, CancellationToken cancellationToken = default(CancellationToken))'. [D:\FWU.EMIS\FWU.Exam.Management\FWU.Exam.Management.Web\FWU.Exam.Management.Web.csproj]
D:\FWU.EMIS\FWU.Exam.Management\FWU.Exam.Management.Web\Data\Seeders\DemoDataSeeder.cs(156,34): warning CS8604: Possible null reference argument for parameter 'source' in 'Task<List<College>> EntityFrameworkQueryableExtensions.ToListAsync<College>(IQueryable<College> source, CancellationToken cancellationToken = default(CancellationToken))'. [D:\FWU.EMIS\FWU.Exam.Management\FWU.Exam.Management.Web\FWU.Exam.Management.Web.csproj]
D:\FWU.EMIS\FWU.Exam.Management\FWU.Exam.Management.Web\Data\Seeders\DemoDataSeeder.cs(157,34): warning CS8604: Possible null reference argument for parameter 'source' in 'Task<List<Program>> EntityFrameworkQueryableExtensions.ToListAsync<Program>(IQueryable<Program> source, CancellationToken cancellationToken = default(CancellationToken))'. [D:\FWU.EMIS\FWU.Exam.Management\FWU.Exam.Management.Web\FWU.Exam.Management.Web.csproj]
D:\FWU.EMIS\FWU.Exam.Management\FWU.Exam.Management.Web\Data\Seeders\DemoDataSeeder.cs(177,20): warning CS8604: Possible null reference argument for parameter 'source' in 'Task<bool> EntityFrameworkQueryableExtensions.AnyAsync<SubjectOffering>(IQueryable<SubjectOffering> source, CancellationToken cancellationToken = default(CancellationToken))'. [D:\FWU.EMIS\FWU.Exam.Management\FWU.Exam.Management.Web\FWU.Exam.Management.Web.csproj]
D:\FWU.EMIS\FWU.Exam.Management\FWU.Exam.Management.Web\Data\Seeders\DemoDataSeeder.cs(179,34): warning CS8604: Possible null reference argument for parameter 'source' in 'Task<List<Program>> EntityFrameworkQueryableExtensions.ToListAsync<Program>(IQueryable<Program> source, CancellationToken cancellationToken = default(CancellationToken))'. [D:\FWU.EMIS\FWU.Exam.Management\FWU.Exam.Management.Web\FWU.Exam.Management.Web.csproj]
D:\FWU.EMIS\FWU.Exam.Management\FWU.Exam.Management.Web\Data\Seeders\DemoDataSeeder.cs(180,35): warning CS8604: Possible null reference argument for parameter 'source' in 'Task<List<Semester>> EntityFrameworkQueryableExtensions.ToListAsync<Semester>(IQueryable<Semester> source, CancellationToken cancellationToken = default(CancellationToken))'. [D:\FWU.EMIS\FWU.Exam.Management\FWU.Exam.Management.Web\FWU.Exam.Management.Web.csproj]
D:\FWU.EMIS\FWU.Exam.Management\FWU.Exam.Management.Web\Data\Seeders\DemoDataSeeder.cs(181,34): warning CS8604: Possible null reference argument for parameter 'source' in 'Task<List<SubjectCatalog>> EntityFrameworkQueryableExtensions.ToListAsync<SubjectCatalog>(IQueryable<SubjectCatalog> source, CancellationToken cancellationToken = default(CancellationToken))'. [D:\FWU.EMIS\FWU.Exam.Management\FWU.Exam.Management.Web\FWU.Exam.Management.Web.csproj]
D:\FWU.EMIS\FWU.Exam.Management\FWU.Exam.Management.Web\Data\Seeders\DemoDataSeeder.cs(270,20): warning CS8604: Possible null reference argument for parameter 'source' in 'Task<bool> EntityFrameworkQueryableExtensions.AnyAsync<ExamType>(IQueryable<ExamType> source, CancellationToken cancellationToken = default(CancellationToken))'. [D:\FWU.EMIS\FWU.Exam.Management\FWU.Exam.Management.Web\FWU.Exam.Management.Web.csproj]
D:\FWU.EMIS\FWU.Exam.Management\FWU.Exam.Management.Web\Data\Seeders\DemoDataSeeder.cs(288,20): warning CS8604: Possible null reference argument for parameter 'source' in 'Task<bool> EntityFrameworkQueryableExtensions.AnyAsync<Board>(IQueryable<Board> source, CancellationToken cancellationToken = default(CancellationToken))'. [D:\FWU.EMIS\FWU.Exam.Management\FWU.Exam.Management.Web\FWU.Exam.Management.Web.csproj]
D:\FWU.EMIS\FWU.Exam.Management\FWU.Exam.Management.Web\Data\Seeders\DemoDataSeeder.cs(303,32): warning CS8604: Possible null reference argument for parameter 'source' in 'Task<College?> EntityFrameworkQueryableExtensions.FirstOrDefaultAsync<College>(IQueryable<College> source, Expression<Func<College, bool>> predicate, CancellationToken cancellationToken = default(CancellationToken))'. [D:\FWU.EMIS\FWU.Exam.Management\FWU.Exam.Management.Web\FWU.Exam.Management.Web.csproj]
D:\FWU.EMIS\FWU.Exam.Management\FWU.Exam.Management.Web\Data\Seeders\DemoDataSeeder.cs(305,27): warning CS8604: Possible null reference argument for parameter 'source' in 'Task<Level?> EntityFrameworkQueryableExtensions.FirstOrDefaultAsync<Level>(IQueryable<Level> source, Expression<Func<Level, bool>> predicate, CancellationToken cancellationToken = default(CancellationToken))'. [D:\FWU.EMIS\FWU.Exam.Management\FWU.Exam.Management.Web\FWU.Exam.Management.Web.csproj]
D:\FWU.EMIS\FWU.Exam.Management\FWU.Exam.Management.Web\Data\Seeders\DemoDataSeeder.cs(306,30): warning CS8604: Possible null reference argument for parameter 'source' in 'Task<Department?> EntityFrameworkQueryableExtensions.FirstOrDefaultAsync<Department>(IQueryable<Department> source, Expression<Func<Department, bool>> predicate, CancellationToken cancellationToken = default(CancellationToken))'. [D:\FWU.EMIS\FWU.Exam.Management\FWU.Exam.Management.Web\FWU.Exam.Management.Web.csproj]
D:\FWU.EMIS\FWU.Exam.Management\FWU.Exam.Management.Web\Data\Seeders\DemoDataSeeder.cs(308,29): warning CS8604: Possible null reference argument for parameter 'source' in 'Task<Faculty?> EntityFrameworkQueryableExtensions.FirstOrDefaultAsync<Faculty>(IQueryable<Faculty> source, Expression<Func<Faculty, bool>> predicate, CancellationToken cancellationToken = default(CancellationToken))'. [D:\FWU.EMIS\FWU.Exam.Management\FWU.Exam.Management.Web\FWU.Exam.Management.Web.csproj]
D:\FWU.EMIS\FWU.Exam.Management\FWU.Exam.Management.Web\Data\Seeders\DemoDataSeeder.cs(309,32): warning CS8604: Possible null reference argument for parameter 'source' in 'Task<Gender?> EntityFrameworkQueryableExtensions.FirstOrDefaultAsync<Gender>(IQueryable<Gender> source, Expression<Func<Gender, bool>> predicate, CancellationToken cancellationToken = default(CancellationToken))'. [D:\FWU.EMIS\FWU.Exam.Management\FWU.Exam.Management.Web\FWU.Exam.Management.Web.csproj]
D:\FWU.EMIS\FWU.Exam.Management\FWU.Exam.Management.Web\Data\Seeders\DemoDataSeeder.cs(317,36): warning CS8604: Possible null reference argument for parameter 'source' in 'Task<Program?> EntityFrameworkQueryableExtensions.FirstOrDefaultAsync<Program>(IQueryable<Program> source, Expression<Func<Program, bool>> predicate, CancellationToken cancellationToken = default(CancellationToken))'. [D:\FWU.EMIS\FWU.Exam.Management\FWU.Exam.Management.Web\FWU.Exam.Management.Web.csproj]
D:\FWU.EMIS\FWU.Exam.Management\FWU.Exam.Management.Web\Data\Seeders\DemoDataSeeder.cs(320,39): warning CS8604: Possible null reference argument for parameter 'source' in 'Task<Semester?> EntityFrameworkQueryableExtensions.FirstOrDefaultAsync<Semester>(IQueryable<Semester> source, Expression<Func<Semester, bool>> predicate, CancellationToken cancellationToken = default(CancellationToken))'. [D:\FWU.EMIS\FWU.Exam.Management\FWU.Exam.Management.Web\FWU.Exam.Management.Web.csproj]
D:\FWU.EMIS\FWU.Exam.Management\FWU.Exam.Management.Web\Data\Seeders\DemoDataSeeder.cs(325,28): warning CS8604: Possible null reference argument for parameter 'source' in 'Task<bool> EntityFrameworkQueryableExtensions.AnyAsync<StudentRegistration>(IQueryable<StudentRegistration> source, Expression<Func<StudentRegistration, bool>> predicate, CancellationToken cancellationToken = default(CancellationToken))'. [D:\FWU.EMIS\FWU.Exam.Management\FWU.Exam.Management.Web\FWU.Exam.Management.Web.csproj]
D:\FWU.EMIS\FWU.Exam.Management\FWU.Exam.Management.Web\Data\Seeders\DemoDataSeeder.cs(354,42): warning CS8602: Dereference of a possibly null reference. [D:\FWU.EMIS\FWU.Exam.Management\FWU.Exam.Management.Web\FWU.Exam.Management.Web.csproj]
D:\FWU.EMIS\FWU.Exam.Management\FWU.Exam.Management.Web\Data\Seeders\DemoDataSeeder.cs(360,25): warning CS8602: Dereference of a possibly null reference. [D:\FWU.EMIS\FWU.Exam.Management\FWU.Exam.Management.Web\FWU.Exam.Management.Web.csproj]
D:\FWU.EMIS\FWU.Exam.Management\FWU.Exam.Management.Web\Data\Seeders\DemoDataSeeder.cs(424,85): warning CS8602: Dereference of a possibly null reference. [D:\FWU.EMIS\FWU.Exam.Management\FWU.Exam.Management.Web\FWU.Exam.Management.Web.csproj]
D:\FWU.EMIS\FWU.Exam.Management\FWU.Exam.Management.Web\Data\Seeders\DemoDataSeeder.cs(445,20): warning CS8604: Possible null reference argument for parameter 'source' in 'Task<bool> EntityFrameworkQueryableExtensions.AnyAsync<StudentRegistration>(IQueryable<StudentRegistration> source, Expression<Func<StudentRegistration, bool>> predicate, CancellationToken cancellationToken = default(CancellationToken))'. [D:\FWU.EMIS\FWU.Exam.Management\FWU.Exam.Management.Web\FWU.Exam.Management.Web.csproj]
D:\FWU.EMIS\FWU.Exam.Management\FWU.Exam.Management.Web\Data\Seeders\DemoDataSeeder.cs(447,33): warning CS8604: Possible null reference argument for parameter 'source' in 'Task<Program?> EntityFrameworkQueryableExtensions.FirstOrDefaultAsync<Program>(IQueryable<Program> source, Expression<Func<Program, bool>> predicate, CancellationToken cancellationToken = default(CancellationToken))'. [D:\FWU.EMIS\FWU.Exam.Management\FWU.Exam.Management.Web\FWU.Exam.Management.Web.csproj]
D:\FWU.EMIS\FWU.Exam.Management\FWU.Exam.Management.Web\Data\Seeders\DemoDataSeeder.cs(466,32): warning CS8604: Possible null reference argument for parameter 'source' in 'Task<Program?> EntityFrameworkQueryableExtensions.FirstOrDefaultAsync<Program>(IQueryable<Program> source, Expression<Func<Program, bool>> predicate, CancellationToken cancellationToken = default(CancellationToken))'. [D:\FWU.EMIS\FWU.Exam.Management\FWU.Exam.Management.Web\FWU.Exam.Management.Web.csproj]
D:\FWU.EMIS\FWU.Exam.Management\FWU.Exam.Management.Web\Data\Seeders\DemoDataSeeder.cs(485,33): warning CS8604: Possible null reference argument for parameter 'source' in 'Task<Program?> EntityFrameworkQueryableExtensions.FirstOrDefaultAsync<Program>(IQueryable<Program> source, Expression<Func<Program, bool>> predicate, CancellationToken cancellationToken = default(CancellationToken))'. [D:\FWU.EMIS\FWU.Exam.Management\FWU.Exam.Management.Web\FWU.Exam.Management.Web.csproj]
D:\FWU.EMIS\FWU.Exam.Management\FWU.Exam.Management.Web\Data\Seeders\DemoDataSeeder.cs(504,36): warning CS8604: Possible null reference argument for parameter 'source' in 'Task<Program?> EntityFrameworkQueryableExtensions.FirstOrDefaultAsync<Program>(IQueryable<Program> source, Expression<Func<Program, bool>> predicate, CancellationToken cancellationToken = default(CancellationToken))'. [D:\FWU.EMIS\FWU.Exam.Management\FWU.Exam.Management.Web\FWU.Exam.Management.Web.csproj]
D:\FWU.EMIS\FWU.Exam.Management\FWU.Exam.Management.Web\Data\Seeders\DemoDataSeeder.cs(522,20): warning CS8604: Possible null reference argument for parameter 'source' in 'Task<bool> EntityFrameworkQueryableExtensions.AnyAsync<ExamSchedule>(IQueryable<ExamSchedule> source, CancellationToken cancellationToken = default(CancellationToken))'. [D:\FWU.EMIS\FWU.Exam.Management\FWU.Exam.Management.Web\FWU.Exam.Management.Web.csproj]
D:\FWU.EMIS\FWU.Exam.Management\FWU.Exam.Management.Web\Data\Seeders\DemoDataSeeder.cs(525,36): warning CS8604: Possible null reference argument for parameter 'source' in 'Task<Program?> EntityFrameworkQueryableExtensions.FirstOrDefaultAsync<Program>(IQueryable<Program> source, Expression<Func<Program, bool>> predicate, CancellationToken cancellationToken = default(CancellationToken))'. [D:\FWU.EMIS\FWU.Exam.Management\FWU.Exam.Management.Web\FWU.Exam.Management.Web.csproj]
D:\FWU.EMIS\FWU.Exam.Management\FWU.Exam.Management.Web\Data\Seeders\DemoDataSeeder.cs(526,39): warning CS8604: Possible null reference argument for parameter 'source' in 'Task<Semester?> EntityFrameworkQueryableExtensions.FirstOrDefaultAsync<Semester>(IQueryable<Semester> source, Expression<Func<Semester, bool>> predicate, CancellationToken cancellationToken = default(CancellationToken))'. [D:\FWU.EMIS\FWU.Exam.Management\FWU.Exam.Management.Web\FWU.Exam.Management.Web.csproj]
D:\FWU.EMIS\FWU.Exam.Management\FWU.Exam.Management.Web\Data\Seeders\DemoDataSeeder.cs(554,28): warning CS8604: Possible null reference argument for parameter 'source' in 'Task<bool> EntityFrameworkQueryableExtensions.AnyAsync<ExamFee>(IQueryable<ExamFee> source, CancellationToken cancellationToken = default(CancellationToken))'. [D:\FWU.EMIS\FWU.Exam.Management\FWU.Exam.Management.Web\FWU.Exam.Management.Web.csproj]
D:\FWU.EMIS\FWU.Exam.Management\FWU.Exam.Management.Web\Data\Seeders\DemoDataSeeder.cs(569,33): warning CS8604: Possible null reference argument for parameter 'source' in 'Task<Program?> EntityFrameworkQueryableExtensions.FirstOrDefaultAsync<Program>(IQueryable<Program> source, Expression<Func<Program, bool>> predicate, CancellationToken cancellationToken = default(CancellationToken))'. [D:\FWU.EMIS\FWU.Exam.Management\FWU.Exam.Management.Web\FWU.Exam.Management.Web.csproj]
D:\FWU.EMIS\FWU.Exam.Management\FWU.Exam.Management.Web\Data\Seeders\DemoDataSeeder.cs(574,51): warning CS8604: Possible null reference argument for parameter 'source' in 'Task<bool> EntityFrameworkQueryableExtensions.AnyAsync<Semester>(IQueryable<Semester> source, Expression<Func<Semester, bool>> predicate, CancellationToken cancellationToken = default(CancellationToken))'. [D:\FWU.EMIS\FWU.Exam.Management\FWU.Exam.Management.Web\FWU.Exam.Management.Web.csproj]
D:\FWU.EMIS\FWU.Exam.Management\FWU.Exam.Management.Web\Data\Seeders\DemoDataSeeder.cs(590,44): warning CS8604: Possible null reference argument for parameter 'source' in 'Task<bool> EntityFrameworkQueryableExtensions.AnyAsync<SubjectCatalog>(IQueryable<SubjectCatalog> source, Expression<Func<SubjectCatalog, bool>> predicate, CancellationToken cancellationToken = default(CancellationToken))'. [D:\FWU.EMIS\FWU.Exam.Management\FWU.Exam.Management.Web\FWU.Exam.Management.Web.csproj]
D:\FWU.EMIS\FWU.Exam.Management\FWU.Exam.Management.Web\Data\Seeders\DemoDataSeeder.cs(650,42): warning CS8604: Possible null reference argument for parameter 'source' in 'Task<List<Semester>> EntityFrameworkQueryableExtensions.ToListAsync<Semester>(IQueryable<Semester> source, CancellationToken cancellationToken = default(CancellationToken))'. [D:\FWU.EMIS\FWU.Exam.Management\FWU.Exam.Management.Web\FWU.Exam.Management.Web.csproj]
D:\FWU.EMIS\FWU.Exam.Management\FWU.Exam.Management.Web\Data\Seeders\DemoDataSeeder.cs(651,45): warning CS8604: Possible null reference argument for parameter 'source' in 'IQueryable<SubjectCatalog> Queryable.Where<SubjectCatalog>(IQueryable<SubjectCatalog> source, Expression<Func<SubjectCatalog, bool>> predicate)'. [D:\FWU.EMIS\FWU.Exam.Management\FWU.Exam.Management.Web\FWU.Exam.Management.Web.csproj]
D:\FWU.EMIS\FWU.Exam.Management\FWU.Exam.Management.Web\Data\Seeders\DemoDataSeeder.cs(652,34): warning CS8602: Dereference of a possibly null reference. [D:\FWU.EMIS\FWU.Exam.Management\FWU.Exam.Management.Web\FWU.Exam.Management.Web.csproj]
D:\FWU.EMIS\FWU.Exam.Management\FWU.Exam.Management.Web\Data\Seeders\DemoDataSeeder.cs(683,79): warning CS8604: Possible null reference argument for parameter 'item' in 'bool HashSet<string>.Contains(string item)'. [D:\FWU.EMIS\FWU.Exam.Management\FWU.Exam.Management.Web\FWU.Exam.Management.Web.csproj]
D:\FWU.EMIS\FWU.Exam.Management\FWU.Exam.Management.Web\Data\Seeders\DemoDataSeeder.cs(715,47): warning CS8604: Possible null reference argument for parameter 'source' in 'Task<bool> EntityFrameworkQueryableExtensions.AnyAsync<SubjectCatalog>(IQueryable<SubjectCatalog> source, Expression<Func<SubjectCatalog, bool>> predicate, CancellationToken cancellationToken = default(CancellationToken))'. [D:\FWU.EMIS\FWU.Exam.Management\FWU.Exam.Management.Web\FWU.Exam.Management.Web.csproj]
D:\FWU.EMIS\FWU.Exam.Management\FWU.Exam.Management.Web\Data\Seeders\DemoDataSeeder.cs(774,45): warning CS8604: Possible null reference argument for parameter 'source' in 'Task<List<Semester>> EntityFrameworkQueryableExtensions.ToListAsync<Semester>(IQueryable<Semester> source, CancellationToken cancellationToken = default(CancellationToken))'. [D:\FWU.EMIS\FWU.Exam.Management\FWU.Exam.Management.Web\FWU.Exam.Management.Web.csproj]
D:\FWU.EMIS\FWU.Exam.Management\FWU.Exam.Management.Web\Data\Seeders\DemoDataSeeder.cs(775,44): warning CS8604: Possible null reference argument for parameter 'source' in 'IQueryable<SubjectCatalog> Queryable.Where<SubjectCatalog>(IQueryable<SubjectCatalog> source, Expression<Func<SubjectCatalog, bool>> predicate)'. [D:\FWU.EMIS\FWU.Exam.Management\FWU.Exam.Management.Web\FWU.Exam.Management.Web.csproj]
D:\FWU.EMIS\FWU.Exam.Management\FWU.Exam.Management.Web\Data\Seeders\DemoDataSeeder.cs(776,34): warning CS8602: Dereference of a possibly null reference. [D:\FWU.EMIS\FWU.Exam.Management\FWU.Exam.Management.Web\FWU.Exam.Management.Web.csproj]
D:\FWU.EMIS\FWU.Exam.Management\FWU.Exam.Management.Web\Data\Seeders\DemoDataSeeder.cs(807,78): warning CS8604: Possible null reference argument for parameter 'item' in 'bool HashSet<string>.Contains(string item)'. [D:\FWU.EMIS\FWU.Exam.Management\FWU.Exam.Management.Web\FWU.Exam.Management.Web.csproj]
D:\FWU.EMIS\FWU.Exam.Management\FWU.Exam.Management.Web\Data\Seeders\DemoDataSeeder.cs(834,20): warning CS8604: Possible null reference argument for parameter 'source' in 'Task<bool> EntityFrameworkQueryableExtensions.AnyAsync<HallTicket>(IQueryable<HallTicket> source, CancellationToken cancellationToken = default(CancellationToken))'. [D:\FWU.EMIS\FWU.Exam.Management\FWU.Exam.Management.Web\FWU.Exam.Management.Web.csproj]
D:\FWU.EMIS\FWU.Exam.Management\FWU.Exam.Management.Web\Data\Seeders\DemoDataSeeder.cs(837,42): warning CS8604: Possible null reference argument for parameter 'source' in 'Task<ExamRegistration?> EntityFrameworkQueryableExtensions.FirstOrDefaultAsync<ExamRegistration>(IQueryable<ExamRegistration> source, CancellationToken cancellationToken = default(CancellationToken))'. [D:\FWU.EMIS\FWU.Exam.Management\FWU.Exam.Management.Web\FWU.Exam.Management.Web.csproj]
D:\FWU.EMIS\FWU.Exam.Management\FWU.Exam.Management.Web\Data\Seeders\DemoDataSeeder.cs(883,20): warning CS8604: Possible null reference argument for parameter 'source' in 'Task<bool> EntityFrameworkQueryableExtensions.AnyAsync<RetotalRequest>(IQueryable<RetotalRequest> source, CancellationToken cancellationToken = default(CancellationToken))'. [D:\FWU.EMIS\FWU.Exam.Management\FWU.Exam.Management.Web\FWU.Exam.Management.Web.csproj]
D:\FWU.EMIS\FWU.Exam.Management\FWU.Exam.Management.Web\Data\Seeders\DemoDataSeeder.cs(885,43): warning CS8604: Possible null reference argument for parameter 'source' in 'IIncludableQueryable<ExamSubjectResult, SubjectOffering?> EntityFrameworkQueryableExtensions.Include<ExamSubjectResult, SubjectOffering?>(IQueryable<ExamSubjectResult> source, Expression<Func<ExamSubjectResult, SubjectOffering?>> navigationPropertyPath)'. [D:\FWU.EMIS\FWU.Exam.Management\FWU.Exam.Management.Web\FWU.Exam.Management.Web.csproj]
D:\FWU.EMIS\FWU.Exam.Management\FWU.Exam.Management.Web\Data\Seeders\DemoDataSeeder.cs(889,42): warning CS8604: Possible null reference argument for parameter 'source' in 'Task<ExamRegistration?> EntityFrameworkQueryableExtensions.FirstOrDefaultAsync<ExamRegistration>(IQueryable<ExamRegistration> source, CancellationToken cancellationToken = default(CancellationToken))'. [D:\FWU.EMIS\FWU.Exam.Management\FWU.Exam.Management.Web\FWU.Exam.Management.Web.csproj]
D:\FWU.EMIS\FWU.Exam.Management\FWU.Exam.Management.Web\Areas\Payments\Controllers\BillTitlesController.cs(67,40): warning CS8604: Possible null reference argument for parameter 'field' in 'string BillTitlesController.EscapeCsv(string field)'. [D:\FWU.EMIS\FWU.Exam.Management\FWU.Exam.Management.Web\FWU.Exam.Management.Web.csproj]
D:\FWU.EMIS\FWU.Exam.Management\FWU.Exam.Management.Web\Areas\Exams\Views\ExamSchedules\Delete.cshtml(56,88): warning CS8602: Dereference of a possibly null reference. [D:\FWU.EMIS\FWU.Exam.Management\FWU.Exam.Management.Web\FWU.Exam.Management.Web.csproj]
D:\FWU.EMIS\FWU.Exam.Management\FWU.Exam.Management.Web\Areas\Exams\Views\ExamSchedules\Delete.cshtml(60,88): warning CS8602: Dereference of a possibly null reference. [D:\FWU.EMIS\FWU.Exam.Management\FWU.Exam.Management.Web\FWU.Exam.Management.Web.csproj]
D:\FWU.EMIS\FWU.Exam.Management\FWU.Exam.Management.Web\Areas\Exams\Views\ExamSchedules\Delete.cshtml(64,88): warning CS8602: Dereference of a possibly null reference. [D:\FWU.EMIS\FWU.Exam.Management\FWU.Exam.Management.Web\FWU.Exam.Management.Web.csproj]
D:\FWU.EMIS\FWU.Exam.Management\FWU.Exam.Management.Web\Areas\Exams\Views\ExamSchedules\Details.cshtml(44,77): warning CS8602: Dereference of a possibly null reference. [D:\FWU.EMIS\FWU.Exam.Management\FWU.Exam.Management.Web\FWU.Exam.Management.Web.csproj]
D:\FWU.EMIS\FWU.Exam.Management\FWU.Exam.Management.Web\Areas\Exams\Views\ExamSchedules\Details.cshtml(48,77): warning CS8602: Dereference of a possibly null reference. [D:\FWU.EMIS\FWU.Exam.Management\FWU.Exam.Management.Web\FWU.Exam.Management.Web.csproj]
D:\FWU.EMIS\FWU.Exam.Management\FWU.Exam.Management.Web\Areas\Exams\Views\ExamSchedules\Details.cshtml(52,77): warning CS8602: Dereference of a possibly null reference. [D:\FWU.EMIS\FWU.Exam.Management\FWU.Exam.Management.Web\FWU.Exam.Management.Web.csproj]
D:\FWU.EMIS\FWU.Exam.Management\FWU.Exam.Management.Web\Areas\Exams\Views\ExamSubjectResults\Index.cshtml(45,46): warning CS8602: Dereference of a possibly null reference. [D:\FWU.EMIS\FWU.Exam.Management\FWU.Exam.Management.Web\FWU.Exam.Management.Web.csproj]
D:\FWU.EMIS\FWU.Exam.Management\FWU.Exam.Management.Web\Areas\Payments\Controllers\BanksController.cs(49,40): warning CS8604: Possible null reference argument for parameter 'field' in 'string BanksController.EscapeCsv(string field)'. [D:\FWU.EMIS\FWU.Exam.Management\FWU.Exam.Management.Web\FWU.Exam.Management.Web.csproj]
D:\FWU.EMIS\FWU.Exam.Management\FWU.Exam.Management.Web\Areas\Exams\Views\ResultRecords\Index.cshtml(50,46): warning CS8602: Dereference of a possibly null reference. [D:\FWU.EMIS\FWU.Exam.Management\FWU.Exam.Management.Web\FWU.Exam.Management.Web.csproj]
D:\FWU.EMIS\FWU.Exam.Management\FWU.Exam.Management.Web\Areas\Exams\Views\ExamRegistrations\Index.cshtml(45,46): warning CS8602: Dereference of a possibly null reference. [D:\FWU.EMIS\FWU.Exam.Management\FWU.Exam.Management.Web\FWU.Exam.Management.Web.csproj]
D:\FWU.EMIS\FWU.Exam.Management\FWU.Exam.Management.Web\Areas\Exams\Views\ExamRegistrations\Details.cshtml(42,92): warning CS8602: Dereference of a possibly null reference. [D:\FWU.EMIS\FWU.Exam.Management\FWU.Exam.Management.Web\FWU.Exam.Management.Web.csproj]
D:\FWU.EMIS\FWU.Exam.Management\FWU.Exam.Management.Web\Areas\Core\Views\Programs\Details.cshtml(72,77): warning CS8602: Dereference of a possibly null reference. [D:\FWU.EMIS\FWU.Exam.Management\FWU.Exam.Management.Web\FWU.Exam.Management.Web.csproj]
D:\FWU.EMIS\FWU.Exam.Management\FWU.Exam.Management.Web\Areas\Core\Views\Programs\Details.cshtml(76,77): warning CS8602: Dereference of a possibly null reference. [D:\FWU.EMIS\FWU.Exam.Management\FWU.Exam.Management.Web\FWU.Exam.Management.Web.csproj]
D:\FWU.EMIS\FWU.Exam.Management\FWU.Exam.Management.Web\Areas\Core\Views\Programs\Details.cshtml(80,77): warning CS8602: Dereference of a possibly null reference. [D:\FWU.EMIS\FWU.Exam.Management\FWU.Exam.Management.Web\FWU.Exam.Management.Web.csproj]
D:\FWU.EMIS\FWU.Exam.Management\FWU.Exam.Management.Web\Areas\Core\Views\Programs\Delete.cshtml(58,80): warning CS8602: Dereference of a possibly null reference. [D:\FWU.EMIS\FWU.Exam.Management\FWU.Exam.Management.Web\FWU.Exam.Management.Web.csproj]
D:\FWU.EMIS\FWU.Exam.Management\FWU.Exam.Management.Web\Areas\Core\Views\Programs\Delete.cshtml(63,80): warning CS8602: Dereference of a possibly null reference. [D:\FWU.EMIS\FWU.Exam.Management\FWU.Exam.Management.Web\FWU.Exam.Management.Web.csproj]
D:\FWU.EMIS\FWU.Exam.Management\FWU.Exam.Management.Web\Areas\Core\Views\Programs\Delete.cshtml(68,84): warning CS8602: Dereference of a possibly null reference. [D:\FWU.EMIS\FWU.Exam.Management\FWU.Exam.Management.Web\FWU.Exam.Management.Web.csproj]
D:\FWU.EMIS\FWU.Exam.Management\FWU.Exam.Management.Web\Areas\Colleges\Views\CollegePrograms\Delete.cshtml(38,80): warning CS8602: Dereference of a possibly null reference. [D:\FWU.EMIS\FWU.Exam.Management\FWU.Exam.Management.Web\FWU.Exam.Management.Web.csproj]
D:\FWU.EMIS\FWU.Exam.Management\FWU.Exam.Management.Web\Areas\Colleges\Views\CollegePrograms\Delete.cshtml(39,82): warning CS8602: Dereference of a possibly null reference. [D:\FWU.EMIS\FWU.Exam.Management\FWU.Exam.Management.Web\FWU.Exam.Management.Web.csproj]
D:\FWU.EMIS\FWU.Exam.Management\FWU.Exam.Management.Web\Areas\Colleges\Views\CollegePrograms\Delete.cshtml(44,80): warning CS8602: Dereference of a possibly null reference. [D:\FWU.EMIS\FWU.Exam.Management\FWU.Exam.Management.Web\FWU.Exam.Management.Web.csproj]
D:\FWU.EMIS\FWU.Exam.Management\FWU.Exam.Management.Web\Areas\Colleges\Views\CollegePrograms\Delete.cshtml(45,82): warning CS8602: Dereference of a possibly null reference. [D:\FWU.EMIS\FWU.Exam.Management\FWU.Exam.Management.Web\FWU.Exam.Management.Web.csproj]
D:\FWU.EMIS\FWU.Exam.Management\FWU.Exam.Management.Web\Areas\Colleges\Views\Colleges\Details.cshtml(155,77): warning CS8602: Dereference of a possibly null reference. [D:\FWU.EMIS\FWU.Exam.Management\FWU.Exam.Management.Web\FWU.Exam.Management.Web.csproj]
D:\FWU.EMIS\FWU.Exam.Management\FWU.Exam.Management.Web\Areas\Colleges\Views\CollegePrograms\Details.cshtml(37,91): warning CS8602: Dereference of a possibly null reference. [D:\FWU.EMIS\FWU.Exam.Management\FWU.Exam.Management.Web\FWU.Exam.Management.Web.csproj]
D:\FWU.EMIS\FWU.Exam.Management\FWU.Exam.Management.Web\Areas\Colleges\Views\CollegePrograms\Details.cshtml(38,86): warning CS8602: Dereference of a possibly null reference. [D:\FWU.EMIS\FWU.Exam.Management\FWU.Exam.Management.Web\FWU.Exam.Management.Web.csproj]
D:\FWU.EMIS\FWU.Exam.Management\FWU.Exam.Management.Web\Areas\Colleges\Views\CollegePrograms\Details.cshtml(42,91): warning CS8602: Dereference of a possibly null reference. [D:\FWU.EMIS\FWU.Exam.Management\FWU.Exam.Management.Web\FWU.Exam.Management.Web.csproj]
D:\FWU.EMIS\FWU.Exam.Management\FWU.Exam.Management.Web\Areas\Colleges\Views\CollegePrograms\Details.cshtml(43,86): warning CS8602: Dereference of a possibly null reference. [D:\FWU.EMIS\FWU.Exam.Management\FWU.Exam.Management.Web\FWU.Exam.Management.Web.csproj]
D:\FWU.EMIS\FWU.Exam.Management\FWU.Exam.Management.Web\Areas\Colleges\Views\Colleges\Delete.cshtml(181,80): warning CS8602: Dereference of a possibly null reference. [D:\FWU.EMIS\FWU.Exam.Management\FWU.Exam.Management.Web\FWU.Exam.Management.Web.csproj]
D:\FWU.EMIS\FWU.Exam.Management\FWU.Exam.Management.Web\Areas\Exams\Controllers\RetotalRequestsController.cs(18,18): warning CS9113: Parameter 'context' is unread. [D:\FWU.EMIS\FWU.Exam.Management\FWU.Exam.Management.Web\FWU.Exam.Management.Web.csproj]
D:\FWU.EMIS\FWU.Exam.Management\FWU.Exam.Management.Web\Areas\Exams\Controllers\ResultRecordsController.cs(20,26): warning CS9113: Parameter 'userManager' is unread. [D:\FWU.EMIS\FWU.Exam.Management\FWU.Exam.Management.Web\FWU.Exam.Management.Web.csproj]
D:\FWU.EMIS\FWU.Exam.Management\FWU.Exam.Management.Web\Areas\Exams\Controllers\GradingSchemesController.cs(21,26): warning CS9113: Parameter 'userManager' is unread. [D:\FWU.EMIS\FWU.Exam.Management\FWU.Exam.Management.Web\FWU.Exam.Management.Web.csproj]
D:\FWU.EMIS\FWU.Exam.Management\FWU.Exam.Management.Web\Areas\Exams\Controllers\GradingSchemesController.cs(22,18): warning CS9113: Parameter 'context' is unread. [D:\FWU.EMIS\FWU.Exam.Management\FWU.Exam.Management.Web\FWU.Exam.Management.Web.csproj]
D:\FWU.EMIS\FWU.Exam.Management\FWU.Exam.Management.Web\Areas\Exams\Controllers\ExamSubjectResultsController.cs(21,26): warning CS9113: Parameter 'userManager' is unread. [D:\FWU.EMIS\FWU.Exam.Management\FWU.Exam.Management.Web\FWU.Exam.Management.Web.csproj]
D:\FWU.EMIS\FWU.Exam.Management\FWU.Exam.Management.Web\Areas\Exams\Controllers\ExamSchedulesController.cs(23,18): warning CS9113: Parameter 'context' is unread. [D:\FWU.EMIS\FWU.Exam.Management\FWU.Exam.Management.Web\FWU.Exam.Management.Web.csproj]
D:\FWU.EMIS\FWU.Exam.Management\FWU.Exam.Management.Web\Areas\Exams\Controllers\ResultRecordsController.cs(37,48): warning CS8604: Possible null reference argument for parameter 'source' in 'IQueryable<College> EntityFrameworkQueryableExtensions.AsNoTracking<College>(IQueryable<College> source)'. [D:\FWU.EMIS\FWU.Exam.Management\FWU.Exam.Management.Web\FWU.Exam.Management.Web.csproj]
D:\FWU.EMIS\FWU.Exam.Management\FWU.Exam.Management.Web\Areas\Exams\Controllers\ResultRecordsController.cs(38,48): warning CS8604: Possible null reference argument for parameter 'source' in 'IQueryable<Faculty> EntityFrameworkQueryableExtensions.AsNoTracking<Faculty>(IQueryable<Faculty> source)'. [D:\FWU.EMIS\FWU.Exam.Management\FWU.Exam.Management.Web\FWU.Exam.Management.Web.csproj]
D:\FWU.EMIS\FWU.Exam.Management\FWU.Exam.Management.Web\Areas\Core\Controllers\SemestersController.cs(50,40): warning CS8604: Possible null reference argument for parameter 'field' in 'string SemestersController.EscapeCsv(string field)'. [D:\FWU.EMIS\FWU.Exam.Management\FWU.Exam.Management.Web\FWU.Exam.Management.Web.csproj]
D:\FWU.EMIS\FWU.Exam.Management\FWU.Exam.Management.Web\Areas\Core\Controllers\SemestersController.cs(51,41): warning CS8604: Possible null reference argument for parameter 'field' in 'string SemestersController.EscapeCsv(string field)'. [D:\FWU.EMIS\FWU.Exam.Management\FWU.Exam.Management.Web\FWU.Exam.Management.Web.csproj]
D:\FWU.EMIS\FWU.Exam.Management\FWU.Exam.Management.Web\Areas\Core\Controllers\SemestersController.cs(56,41): warning CS8604: Possible null reference argument for parameter 'field' in 'string SemestersController.EscapeCsv(string field)'. [D:\FWU.EMIS\FWU.Exam.Management\FWU.Exam.Management.Web\FWU.Exam.Management.Web.csproj]
D:\FWU.EMIS\FWU.Exam.Management\FWU.Exam.Management.Web\Areas\Exams\Controllers\HallTicketsController.cs(50,53): warning CS8604: Possible null reference argument for parameter 'source' in 'IQueryable<ExamSchedule> EntityFrameworkQueryableExtensions.AsNoTracking<ExamSchedule>(IQueryable<ExamSchedule> source)'. [D:\FWU.EMIS\FWU.Exam.Management\FWU.Exam.Management.Web\FWU.Exam.Management.Web.csproj]
D:\FWU.EMIS\FWU.Exam.Management\FWU.Exam.Management.Web\Areas\Core\Controllers\NoticesController.cs(50,40): warning CS8604: Possible null reference argument for parameter 'field' in 'string NoticesController.EscapeCsv(string field)'. [D:\FWU.EMIS\FWU.Exam.Management\FWU.Exam.Management.Web\FWU.Exam.Management.Web.csproj]
D:\FWU.EMIS\FWU.Exam.Management\FWU.Exam.Management.Web\Areas\Core\Controllers\NoticesController.cs(51,41): warning CS8604: Possible null reference argument for parameter 'field' in 'string NoticesController.EscapeCsv(string field)'. [D:\FWU.EMIS\FWU.Exam.Management\FWU.Exam.Management.Web\FWU.Exam.Management.Web.csproj]
D:\FWU.EMIS\FWU.Exam.Management\FWU.Exam.Management.Web\Areas\Exams\Controllers\ExamTypesController.cs(49,40): warning CS8602: Dereference of a possibly null reference. [D:\FWU.EMIS\FWU.Exam.Management\FWU.Exam.Management.Web\FWU.Exam.Management.Web.csproj]
D:\FWU.EMIS\FWU.Exam.Management\FWU.Exam.Management.Web\Areas\Exams\Controllers\ExamTypesController.cs(50,41): warning CS8604: Possible null reference argument for parameter 'field' in 'string ExamTypesController.EscapeCsv(string field)'. [D:\FWU.EMIS\FWU.Exam.Management\FWU.Exam.Management.Web\FWU.Exam.Management.Web.csproj]
D:\FWU.EMIS\FWU.Exam.Management\FWU.Exam.Management.Web\Areas\Exams\Controllers\ExamTypesController.cs(51,41): warning CS8604: Possible null reference argument for parameter 'field' in 'string ExamTypesController.EscapeCsv(string field)'. [D:\FWU.EMIS\FWU.Exam.Management\FWU.Exam.Management.Web\FWU.Exam.Management.Web.csproj]
D:\FWU.EMIS\FWU.Exam.Management\FWU.Exam.Management.Web\Areas\Exams\Controllers\ExamSubjectResultsController.cs(38,53): warning CS8604: Possible null reference argument for parameter 'source' in 'IQueryable<ExamSchedule> EntityFrameworkQueryableExtensions.AsNoTracking<ExamSchedule>(IQueryable<ExamSchedule> source)'. [D:\FWU.EMIS\FWU.Exam.Management\FWU.Exam.Management.Web\FWU.Exam.Management.Web.csproj]
D:\FWU.EMIS\FWU.Exam.Management\FWU.Exam.Management.Web\Areas\Exams\Controllers\ExamSubjectResultsController.cs(39,57): warning CS8604: Possible null reference argument for parameter 'source' in 'IQueryable<ExamRegistration> EntityFrameworkQueryableExtensions.AsNoTracking<ExamRegistration>(IQueryable<ExamRegistration> source)'. [D:\FWU.EMIS\FWU.Exam.Management\FWU.Exam.Management.Web\FWU.Exam.Management.Web.csproj]
D:\FWU.EMIS\FWU.Exam.Management\FWU.Exam.Management.Web\Areas\Core\Controllers\LevelsController.cs(50,40): warning CS8604: Possible null reference argument for parameter 'field' in 'string LevelsController.EscapeCsv(string field)'. [D:\FWU.EMIS\FWU.Exam.Management\FWU.Exam.Management.Web\FWU.Exam.Management.Web.csproj]
D:\FWU.EMIS\FWU.Exam.Management\FWU.Exam.Management.Web\Areas\Core\Controllers\LevelsController.cs(51,41): warning CS8604: Possible null reference argument for parameter 'field' in 'string LevelsController.EscapeCsv(string field)'. [D:\FWU.EMIS\FWU.Exam.Management\FWU.Exam.Management.Web\FWU.Exam.Management.Web.csproj]
D:\FWU.EMIS\FWU.Exam.Management\FWU.Exam.Management.Web\Areas\Core\Controllers\LevelsController.cs(53,41): warning CS8604: Possible null reference argument for parameter 'field' in 'string LevelsController.EscapeCsv(string field)'. [D:\FWU.EMIS\FWU.Exam.Management\FWU.Exam.Management.Web\FWU.Exam.Management.Web.csproj]
D:\FWU.EMIS\FWU.Exam.Management\FWU.Exam.Management.Web\Areas\Core\Controllers\ProgramsController.cs(50,40): warning CS8604: Possible null reference argument for parameter 'field' in 'string ProgramsController.EscapeCsv(string field)'. [D:\FWU.EMIS\FWU.Exam.Management\FWU.Exam.Management.Web\FWU.Exam.Management.Web.csproj]
D:\FWU.EMIS\FWU.Exam.Management\FWU.Exam.Management.Web\Areas\Core\Controllers\ProgramsController.cs(51,41): warning CS8604: Possible null reference argument for parameter 'field' in 'string ProgramsController.EscapeCsv(string field)'. [D:\FWU.EMIS\FWU.Exam.Management\FWU.Exam.Management.Web\FWU.Exam.Management.Web.csproj]
D:\FWU.EMIS\FWU.Exam.Management\FWU.Exam.Management.Web\Areas\Core\Controllers\ProgramsController.cs(52,41): warning CS8604: Possible null reference argument for parameter 'field' in 'string ProgramsController.EscapeCsv(string field)'. [D:\FWU.EMIS\FWU.Exam.Management\FWU.Exam.Management.Web\FWU.Exam.Management.Web.csproj]
D:\FWU.EMIS\FWU.Exam.Management\FWU.Exam.Management.Web\Areas\Core\Controllers\ProgramsController.cs(53,41): warning CS8604: Possible null reference argument for parameter 'field' in 'string ProgramsController.EscapeCsv(string field)'. [D:\FWU.EMIS\FWU.Exam.Management\FWU.Exam.Management.Web\FWU.Exam.Management.Web.csproj]
D:\FWU.EMIS\FWU.Exam.Management\FWU.Exam.Management.Web\Areas\Core\Controllers\ProgramsController.cs(54,42): warning CS8604: Possible null reference argument for parameter 'field' in 'string ProgramsController.EscapeCsv(string field)'. [D:\FWU.EMIS\FWU.Exam.Management\FWU.Exam.Management.Web\FWU.Exam.Management.Web.csproj]
D:\FWU.EMIS\FWU.Exam.Management\FWU.Exam.Management.Web\Areas\Core\Controllers\ProgramsController.cs(55,41): warning CS8604: Possible null reference argument for parameter 'field' in 'string ProgramsController.EscapeCsv(string field)'. [D:\FWU.EMIS\FWU.Exam.Management\FWU.Exam.Management.Web\FWU.Exam.Management.Web.csproj]
D:\FWU.EMIS\FWU.Exam.Management\FWU.Exam.Management.Web\Areas\Core\Controllers\ProgramsController.cs(61,41): warning CS8604: Possible null reference argument for parameter 'field' in 'string ProgramsController.EscapeCsv(string field)'. [D:\FWU.EMIS\FWU.Exam.Management\FWU.Exam.Management.Web\FWU.Exam.Management.Web.csproj]
D:\FWU.EMIS\FWU.Exam.Management\FWU.Exam.Management.Web\Areas\Core\Controllers\ProgramsController.cs(62,41): warning CS8604: Possible null reference argument for parameter 'field' in 'string ProgramsController.EscapeCsv(string field)'. [D:\FWU.EMIS\FWU.Exam.Management\FWU.Exam.Management.Web\FWU.Exam.Management.Web.csproj]
D:\FWU.EMIS\FWU.Exam.Management\FWU.Exam.Management.Web\Areas\Core\Controllers\KhaltiConfigurationsController.cs(20,21): warning CS8604: Possible null reference argument for parameter 'source' in 'IQueryable<KhaltiConfiguration> EntityFrameworkQueryableExtensions.AsNoTracking<KhaltiConfiguration>(IQueryable<KhaltiConfiguration> source)'. [D:\FWU.EMIS\FWU.Exam.Management\FWU.Exam.Management.Web\FWU.Exam.Management.Web.csproj]
D:\FWU.EMIS\FWU.Exam.Management\FWU.Exam.Management.Web\Areas\Core\Controllers\KhaltiConfigurationsController.cs(25,17): warning CS8602: Dereference of a possibly null reference. [D:\FWU.EMIS\FWU.Exam.Management\FWU.Exam.Management.Web\FWU.Exam.Management.Web.csproj]
D:\FWU.EMIS\FWU.Exam.Management\FWU.Exam.Management.Web\Areas\Core\Controllers\KhaltiConfigurationsController.cs(26,17): warning CS8602: Dereference of a possibly null reference. [D:\FWU.EMIS\FWU.Exam.Management\FWU.Exam.Management.Web\FWU.Exam.Management.Web.csproj]
D:\FWU.EMIS\FWU.Exam.Management\FWU.Exam.Management.Web\Areas\Core\Controllers\KhaltiConfigurationsController.cs(27,17): warning CS8602: Dereference of a possibly null reference. [D:\FWU.EMIS\FWU.Exam.Management\FWU.Exam.Management.Web\FWU.Exam.Management.Web.csproj]
D:\FWU.EMIS\FWU.Exam.Management\FWU.Exam.Management.Web\Areas\Core\Controllers\KhaltiConfigurationsController.cs(28,17): warning CS8602: Dereference of a possibly null reference. [D:\FWU.EMIS\FWU.Exam.Management\FWU.Exam.Management.Web\FWU.Exam.Management.Web.csproj]
D:\FWU.EMIS\FWU.Exam.Management\FWU.Exam.Management.Web\Areas\Core\Controllers\KhaltiConfigurationsController.cs(29,17): warning CS8602: Dereference of a possibly null reference. [D:\FWU.EMIS\FWU.Exam.Management\FWU.Exam.Management.Web\FWU.Exam.Management.Web.csproj]
D:\FWU.EMIS\FWU.Exam.Management\FWU.Exam.Management.Web\Areas\Core\Controllers\DepartmentsController.cs(52,41): warning CS8604: Possible null reference argument for parameter 'field' in 'string DepartmentsController.EscapeCsv(string field)'. [D:\FWU.EMIS\FWU.Exam.Management\FWU.Exam.Management.Web\FWU.Exam.Management.Web.csproj]
D:\FWU.EMIS\FWU.Exam.Management\FWU.Exam.Management.Web\Areas\Core\Controllers\DepartmentsController.cs(53,41): warning CS8604: Possible null reference argument for parameter 'field' in 'string DepartmentsController.EscapeCsv(string field)'. [D:\FWU.EMIS\FWU.Exam.Management\FWU.Exam.Management.Web\FWU.Exam.Management.Web.csproj]
D:\FWU.EMIS\FWU.Exam.Management\FWU.Exam.Management.Web\Areas\Exams\Controllers\ExamTypesController.cs(94,44): warning CS8602: Dereference of a possibly null reference. [D:\FWU.EMIS\FWU.Exam.Management\FWU.Exam.Management.Web\FWU.Exam.Management.Web.csproj]
D:\FWU.EMIS\FWU.Exam.Management\FWU.Exam.Management.Web\Areas\Exams\Controllers\HallTicketsController.cs(58,53): warning CS8604: Possible null reference argument for parameter 'source' in 'IQueryable<ExamSchedule> EntityFrameworkQueryableExtensions.AsNoTracking<ExamSchedule>(IQueryable<ExamSchedule> source)'. [D:\FWU.EMIS\FWU.Exam.Management\FWU.Exam.Management.Web\FWU.Exam.Management.Web.csproj]
D:\FWU.EMIS\FWU.Exam.Management\FWU.Exam.Management.Web\Areas\Exams\Controllers\HallTicketsController.cs(62,39): warning CS8604: Possible null reference argument for parameter 'source' in 'IQueryable<ExamRegistration> Queryable.Where<ExamRegistration>(IQueryable<ExamRegistration> source, Expression<Func<ExamRegistration, bool>> predicate)'. [D:\FWU.EMIS\FWU.Exam.Management\FWU.Exam.Management.Web\FWU.Exam.Management.Web.csproj]
D:\FWU.EMIS\FWU.Exam.Management\FWU.Exam.Management.Web\Areas\Exams\Controllers\HallTicketsController.cs(67,43): warning CS8604: Possible null reference argument for parameter 'source' in 'IQueryable<HallTicket> Queryable.Where<HallTicket>(IQueryable<HallTicket> source, Expression<Func<HallTicket, bool>> predicate)'. [D:\FWU.EMIS\FWU.Exam.Management\FWU.Exam.Management.Web\FWU.Exam.Management.Web.csproj]
D:\FWU.EMIS\FWU.Exam.Management\FWU.Exam.Management.Web\Areas\Location\Controllers\ProvincesController.cs(56,40): warning CS8604: Possible null reference argument for parameter 'field' in 'string ProvincesController.EscapeCsv(string field)'. [D:\FWU.EMIS\FWU.Exam.Management\FWU.Exam.Management.Web\FWU.Exam.Management.Web.csproj]
D:\FWU.EMIS\FWU.Exam.Management\FWU.Exam.Management.Web\Areas\Core\Controllers\KhaltiConfigurationsController.cs(58,35): warning CS8603: Possible null reference return. [D:\FWU.EMIS\FWU.Exam.Management\FWU.Exam.Management.Web\FWU.Exam.Management.Web.csproj]
D:\FWU.EMIS\FWU.Exam.Management\FWU.Exam.Management.Web\Areas\Core\Controllers\KhaltiConfigurationsController.cs(59,31): warning CS8603: Possible null reference return. [D:\FWU.EMIS\FWU.Exam.Management\FWU.Exam.Management.Web\FWU.Exam.Management.Web.csproj]
D:\FWU.EMIS\FWU.Exam.Management\FWU.Exam.Management.Web\Areas\Core\Controllers\KhaltiConfigurationsController.cs(60,33): warning CS8603: Possible null reference return. [D:\FWU.EMIS\FWU.Exam.Management\FWU.Exam.Management.Web\FWU.Exam.Management.Web.csproj]
D:\FWU.EMIS\FWU.Exam.Management\FWU.Exam.Management.Web\Areas\Core\Controllers\KhaltiConfigurationsController.cs(61,33): warning CS8603: Possible null reference return. [D:\FWU.EMIS\FWU.Exam.Management\FWU.Exam.Management.Web\FWU.Exam.Management.Web.csproj]
D:\FWU.EMIS\FWU.Exam.Management\FWU.Exam.Management.Web\Areas\Core\Controllers\KhaltiConfigurationsController.cs(62,34): warning CS8603: Possible null reference return. [D:\FWU.EMIS\FWU.Exam.Management\FWU.Exam.Management.Web\FWU.Exam.Management.Web.csproj]
D:\FWU.EMIS\FWU.Exam.Management\FWU.Exam.Management.Web\Areas\Core\Controllers\KhaltiConfigurationsController.cs(64,23): warning CS8603: Possible null reference return. [D:\FWU.EMIS\FWU.Exam.Management\FWU.Exam.Management.Web\FWU.Exam.Management.Web.csproj]
D:\FWU.EMIS\FWU.Exam.Management\FWU.Exam.Management.Web\Areas\Identity\Pages\Account\RegisterConfirmation.cshtml.cs(17,87): warning CS9113: Parameter 'sender' is unread. [D:\FWU.EMIS\FWU.Exam.Management\FWU.Exam.Management.Web\FWU.Exam.Management.Web.csproj]
D:\FWU.EMIS\FWU.Exam.Management\FWU.Exam.Management.Web\Areas\Colleges\Views\CollegeTypes\Index.cshtml(167,34): warning CS8602: Dereference of a possibly null reference. [D:\FWU.EMIS\FWU.Exam.Management\FWU.Exam.Management.Web\FWU.Exam.Management.Web.csproj]
D:\FWU.EMIS\FWU.Exam.Management\FWU.Exam.Management.Web\Areas\Core\Controllers\ESewaConfigurationsController.cs(19,21): warning CS8604: Possible null reference argument for parameter 'source' in 'IQueryable<ESewaConfiguration> EntityFrameworkQueryableExtensions.AsNoTracking<ESewaConfiguration>(IQueryable<ESewaConfiguration> source)'. [D:\FWU.EMIS\FWU.Exam.Management\FWU.Exam.Management.Web\FWU.Exam.Management.Web.csproj]
D:\FWU.EMIS\FWU.Exam.Management\FWU.Exam.Management.Web\Areas\Core\Controllers\ESewaConfigurationsController.cs(24,17): warning CS8602: Dereference of a possibly null reference. [D:\FWU.EMIS\FWU.Exam.Management\FWU.Exam.Management.Web\FWU.Exam.Management.Web.csproj]
D:\FWU.EMIS\FWU.Exam.Management\FWU.Exam.Management.Web\Areas\Core\Controllers\ESewaConfigurationsController.cs(25,17): warning CS8602: Dereference of a possibly null reference. [D:\FWU.EMIS\FWU.Exam.Management\FWU.Exam.Management.Web\FWU.Exam.Management.Web.csproj]
D:\FWU.EMIS\FWU.Exam.Management\FWU.Exam.Management.Web\Areas\Core\Controllers\ESewaConfigurationsController.cs(26,17): warning CS8602: Dereference of a possibly null reference. [D:\FWU.EMIS\FWU.Exam.Management\FWU.Exam.Management.Web\FWU.Exam.Management.Web.csproj]
D:\FWU.EMIS\FWU.Exam.Management\FWU.Exam.Management.Web\Areas\Core\Controllers\ESewaConfigurationsController.cs(27,17): warning CS8602: Dereference of a possibly null reference. [D:\FWU.EMIS\FWU.Exam.Management\FWU.Exam.Management.Web\FWU.Exam.Management.Web.csproj]
D:\FWU.EMIS\FWU.Exam.Management\FWU.Exam.Management.Web\Areas\Core\Controllers\ESewaConfigurationsController.cs(56,35): warning CS8603: Possible null reference return. [D:\FWU.EMIS\FWU.Exam.Management\FWU.Exam.Management.Web\FWU.Exam.Management.Web.csproj]
D:\FWU.EMIS\FWU.Exam.Management\FWU.Exam.Management.Web\Areas\Core\Controllers\ESewaConfigurationsController.cs(57,31): warning CS8603: Possible null reference return. [D:\FWU.EMIS\FWU.Exam.Management\FWU.Exam.Management.Web\FWU.Exam.Management.Web.csproj]
D:\FWU.EMIS\FWU.Exam.Management\FWU.Exam.Management.Web\Areas\Core\Controllers\ESewaConfigurationsController.cs(58,34): warning CS8603: Possible null reference return. [D:\FWU.EMIS\FWU.Exam.Management\FWU.Exam.Management.Web\FWU.Exam.Management.Web.csproj]
D:\FWU.EMIS\FWU.Exam.Management\FWU.Exam.Management.Web\Areas\Core\Controllers\ESewaConfigurationsController.cs(59,33): warning CS8603: Possible null reference return. [D:\FWU.EMIS\FWU.Exam.Management\FWU.Exam.Management.Web\FWU.Exam.Management.Web.csproj]
D:\FWU.EMIS\FWU.Exam.Management\FWU.Exam.Management.Web\Areas\Core\Controllers\ESewaConfigurationsController.cs(61,23): warning CS8603: Possible null reference return. [D:\FWU.EMIS\FWU.Exam.Management\FWU.Exam.Management.Web\FWU.Exam.Management.Web.csproj]
D:\FWU.EMIS\FWU.Exam.Management\FWU.Exam.Management.Web\Areas\Core\Controllers\KhaltiConfigurationsController.cs(70,21): warning CS8604: Possible null reference argument for parameter 'source' in 'IQueryable<KhaltiConfiguration> EntityFrameworkQueryableExtensions.AsNoTracking<KhaltiConfiguration>(IQueryable<KhaltiConfiguration> source)'. [D:\FWU.EMIS\FWU.Exam.Management\FWU.Exam.Management.Web\FWU.Exam.Management.Web.csproj]
D:\FWU.EMIS\FWU.Exam.Management\FWU.Exam.Management.Web\Areas\Core\Controllers\KhaltiConfigurationsController.cs(75,17): warning CS8602: Dereference of a possibly null reference. [D:\FWU.EMIS\FWU.Exam.Management\FWU.Exam.Management.Web\FWU.Exam.Management.Web.csproj]
D:\FWU.EMIS\FWU.Exam.Management\FWU.Exam.Management.Web\Areas\Core\Controllers\KhaltiConfigurationsController.cs(76,17): warning CS8602: Dereference of a possibly null reference. [D:\FWU.EMIS\FWU.Exam.Management\FWU.Exam.Management.Web\FWU.Exam.Management.Web.csproj]
D:\FWU.EMIS\FWU.Exam.Management\FWU.Exam.Management.Web\Areas\Core\Controllers\KhaltiConfigurationsController.cs(77,17): warning CS8602: Dereference of a possibly null reference. [D:\FWU.EMIS\FWU.Exam.Management\FWU.Exam.Management.Web\FWU.Exam.Management.Web.csproj]
D:\FWU.EMIS\FWU.Exam.Management\FWU.Exam.Management.Web\Areas\Core\Controllers\KhaltiConfigurationsController.cs(78,17): warning CS8602: Dereference of a possibly null reference. [D:\FWU.EMIS\FWU.Exam.Management\FWU.Exam.Management.Web\FWU.Exam.Management.Web.csproj]
D:\FWU.EMIS\FWU.Exam.Management\FWU.Exam.Management.Web\Areas\Core\Controllers\KhaltiConfigurationsController.cs(79,17): warning CS8602: Dereference of a possibly null reference. [D:\FWU.EMIS\FWU.Exam.Management\FWU.Exam.Management.Web\FWU.Exam.Management.Web.csproj]
D:\FWU.EMIS\FWU.Exam.Management\FWU.Exam.Management.Web\Areas\Identity\Pages\Account\Manage\TwoFactorAuthentication.cshtml.cs(14,115): warning CS9113: Parameter 'logger' is unread. [D:\FWU.EMIS\FWU.Exam.Management\FWU.Exam.Management.Web\FWU.Exam.Management.Web.csproj]
D:\FWU.EMIS\FWU.Exam.Management\FWU.Exam.Management.Web\Areas\Core\Controllers\KhaltiConfigurationsController.cs(114,40): warning CS8604: Possible null reference argument for parameter 'field' in 'string KhaltiConfigurationsController.EscapeCsv(string field)'. [D:\FWU.EMIS\FWU.Exam.Management\FWU.Exam.Management.Web\FWU.Exam.Management.Web.csproj]
D:\FWU.EMIS\FWU.Exam.Management\FWU.Exam.Management.Web\Areas\Core\Controllers\KhaltiConfigurationsController.cs(115,40): warning CS8604: Possible null reference argument for parameter 'field' in 'string KhaltiConfigurationsController.EscapeCsv(string field)'. [D:\FWU.EMIS\FWU.Exam.Management\FWU.Exam.Management.Web\FWU.Exam.Management.Web.csproj]
D:\FWU.EMIS\FWU.Exam.Management\FWU.Exam.Management.Web\Areas\Core\Controllers\KhaltiConfigurationsController.cs(116,40): warning CS8604: Possible null reference argument for parameter 'field' in 'string KhaltiConfigurationsController.EscapeCsv(string field)'. [D:\FWU.EMIS\FWU.Exam.Management\FWU.Exam.Management.Web\FWU.Exam.Management.Web.csproj]
D:\FWU.EMIS\FWU.Exam.Management\FWU.Exam.Management.Web\Areas\Core\Controllers\KhaltiConfigurationsController.cs(117,40): warning CS8604: Possible null reference argument for parameter 'field' in 'string KhaltiConfigurationsController.EscapeCsv(string field)'. [D:\FWU.EMIS\FWU.Exam.Management\FWU.Exam.Management.Web\FWU.Exam.Management.Web.csproj]
D:\FWU.EMIS\FWU.Exam.Management\FWU.Exam.Management.Web\Areas\Core\Controllers\KhaltiConfigurationsController.cs(118,40): warning CS8604: Possible null reference argument for parameter 'field' in 'string KhaltiConfigurationsController.EscapeCsv(string field)'. [D:\FWU.EMIS\FWU.Exam.Management\FWU.Exam.Management.Web\FWU.Exam.Management.Web.csproj]
D:\FWU.EMIS\FWU.Exam.Management\FWU.Exam.Management.Web\Areas\Identity\Pages\Account\Manage\PersonalData.cshtml.cs(12,32): warning CS9113: Parameter 'logger' is unread. [D:\FWU.EMIS\FWU.Exam.Management\FWU.Exam.Management.Web\FWU.Exam.Management.Web.csproj]
D:\FWU.EMIS\FWU.Exam.Management\FWU.Exam.Management.Web\Areas\Core\Controllers\KhaltiConfigurationsController.cs(183,41): warning CS8604: Possible null reference argument for parameter 'source' in 'Task<KhaltiConfiguration?> EntityFrameworkQueryableExtensions.FirstOrDefaultAsync<KhaltiConfiguration>(IQueryable<KhaltiConfiguration> source, Expression<Func<KhaltiConfiguration, bool>> predicate, CancellationToken cancellationToken = default(CancellationToken))'. [D:\FWU.EMIS\FWU.Exam.Management\FWU.Exam.Management.Web\FWU.Exam.Management.Web.csproj]
D:\FWU.EMIS\FWU.Exam.Management\FWU.Exam.Management.Web\Areas\Core\Controllers\KhaltiConfigurationsController.cs(214,41): warning CS8602: Dereference of a possibly null reference. [D:\FWU.EMIS\FWU.Exam.Management\FWU.Exam.Management.Web\FWU.Exam.Management.Web.csproj]
D:\FWU.EMIS\FWU.Exam.Management\FWU.Exam.Management.Web\Areas\Core\Controllers\ESewaConfigurationsController.cs(67,21): warning CS8604: Possible null reference argument for parameter 'source' in 'IQueryable<ESewaConfiguration> EntityFrameworkQueryableExtensions.AsNoTracking<ESewaConfiguration>(IQueryable<ESewaConfiguration> source)'. [D:\FWU.EMIS\FWU.Exam.Management\FWU.Exam.Management.Web\FWU.Exam.Management.Web.csproj]
D:\FWU.EMIS\FWU.Exam.Management\FWU.Exam.Management.Web\Areas\Core\Controllers\ESewaConfigurationsController.cs(72,17): warning CS8602: Dereference of a possibly null reference. [D:\FWU.EMIS\FWU.Exam.Management\FWU.Exam.Management.Web\FWU.Exam.Management.Web.csproj]
D:\FWU.EMIS\FWU.Exam.Management\FWU.Exam.Management.Web\Areas\Core\Controllers\ESewaConfigurationsController.cs(73,17): warning CS8602: Dereference of a possibly null reference. [D:\FWU.EMIS\FWU.Exam.Management\FWU.Exam.Management.Web\FWU.Exam.Management.Web.csproj]
D:\FWU.EMIS\FWU.Exam.Management\FWU.Exam.Management.Web\Areas\Core\Controllers\ESewaConfigurationsController.cs(74,17): warning CS8602: Dereference of a possibly null reference. [D:\FWU.EMIS\FWU.Exam.Management\FWU.Exam.Management.Web\FWU.Exam.Management.Web.csproj]
D:\FWU.EMIS\FWU.Exam.Management\FWU.Exam.Management.Web\Areas\Core\Controllers\ESewaConfigurationsController.cs(75,17): warning CS8602: Dereference of a possibly null reference. [D:\FWU.EMIS\FWU.Exam.Management\FWU.Exam.Management.Web\FWU.Exam.Management.Web.csproj]
D:\FWU.EMIS\FWU.Exam.Management\FWU.Exam.Management.Web\Areas\Core\Controllers\KhaltiConfigurationsController.cs(248,41): warning CS8604: Possible null reference argument for parameter 'source' in 'Task<KhaltiConfiguration?> EntityFrameworkQueryableExtensions.FirstOrDefaultAsync<KhaltiConfiguration>(IQueryable<KhaltiConfiguration> source, Expression<Func<KhaltiConfiguration, bool>> predicate, CancellationToken cancellationToken = default(CancellationToken))'. [D:\FWU.EMIS\FWU.Exam.Management\FWU.Exam.Management.Web\FWU.Exam.Management.Web.csproj]
D:\FWU.EMIS\FWU.Exam.Management\FWU.Exam.Management.Web\Areas\Core\Controllers\KhaltiConfigurationsController.cs(260,41): warning CS8602: Dereference of a possibly null reference. [D:\FWU.EMIS\FWU.Exam.Management\FWU.Exam.Management.Web\FWU.Exam.Management.Web.csproj]
D:\FWU.EMIS\FWU.Exam.Management\FWU.Exam.Management.Web\Areas\Core\Controllers\KhaltiConfigurationsController.cs(272,16): warning CS8604: Possible null reference argument for parameter 'source' in 'bool Queryable.Any<KhaltiConfiguration>(IQueryable<KhaltiConfiguration> source, Expression<Func<KhaltiConfiguration, bool>> predicate)'. [D:\FWU.EMIS\FWU.Exam.Management\FWU.Exam.Management.Web\FWU.Exam.Management.Web.csproj]
D:\FWU.EMIS\FWU.Exam.Management\FWU.Exam.Management.Web\Areas\Location\Controllers\LocalLevelsController.cs(56,40): warning CS8604: Possible null reference argument for parameter 'field' in 'string LocalLevelsController.EscapeCsv(string field)'. [D:\FWU.EMIS\FWU.Exam.Management\FWU.Exam.Management.Web\FWU.Exam.Management.Web.csproj]
D:\FWU.EMIS\FWU.Exam.Management\FWU.Exam.Management.Web\Areas\Core\Controllers\ESewaConfigurationsController.cs(110,40): warning CS8604: Possible null reference argument for parameter 'field' in 'string ESewaConfigurationsController.EscapeCsv(string field)'. [D:\FWU.EMIS\FWU.Exam.Management\FWU.Exam.Management.Web\FWU.Exam.Management.Web.csproj]
D:\FWU.EMIS\FWU.Exam.Management\FWU.Exam.Management.Web\Areas\Core\Controllers\ESewaConfigurationsController.cs(111,40): warning CS8604: Possible null reference argument for parameter 'field' in 'string ESewaConfigurationsController.EscapeCsv(string field)'. [D:\FWU.EMIS\FWU.Exam.Management\FWU.Exam.Management.Web\FWU.Exam.Management.Web.csproj]
D:\FWU.EMIS\FWU.Exam.Management\FWU.Exam.Management.Web\Areas\Core\Controllers\ESewaConfigurationsController.cs(112,40): warning CS8604: Possible null reference argument for parameter 'field' in 'string ESewaConfigurationsController.EscapeCsv(string field)'. [D:\FWU.EMIS\FWU.Exam.Management\FWU.Exam.Management.Web\FWU.Exam.Management.Web.csproj]
D:\FWU.EMIS\FWU.Exam.Management\FWU.Exam.Management.Web\Areas\Core\Controllers\ESewaConfigurationsController.cs(113,40): warning CS8604: Possible null reference argument for parameter 'field' in 'string ESewaConfigurationsController.EscapeCsv(string field)'. [D:\FWU.EMIS\FWU.Exam.Management\FWU.Exam.Management.Web\FWU.Exam.Management.Web.csproj]
D:\FWU.EMIS\FWU.Exam.Management\FWU.Exam.Management.Web\Areas\Core\Controllers\KhaltiConfigurationsController.cs(279,34): warning CS8602: Dereference of a possibly null reference. [D:\FWU.EMIS\FWU.Exam.Management\FWU.Exam.Management.Web\FWU.Exam.Management.Web.csproj]
D:\FWU.EMIS\FWU.Exam.Management\FWU.Exam.Management.Web\Areas\Location\Controllers\DistrictsController.cs(66,40): warning CS8604: Possible null reference argument for parameter 'field' in 'string DistrictsController.EscapeCsv(string field)'. [D:\FWU.EMIS\FWU.Exam.Management\FWU.Exam.Management.Web\FWU.Exam.Management.Web.csproj]
D:\FWU.EMIS\FWU.Exam.Management\FWU.Exam.Management.Web\Areas\Core\Controllers\ESewaConfigurationsController.cs(177,40): warning CS8604: Possible null reference argument for parameter 'source' in 'Task<ESewaConfiguration?> EntityFrameworkQueryableExtensions.FirstOrDefaultAsync<ESewaConfiguration>(IQueryable<ESewaConfiguration> source, Expression<Func<ESewaConfiguration, bool>> predicate, CancellationToken cancellationToken = default(CancellationToken))'. [D:\FWU.EMIS\FWU.Exam.Management\FWU.Exam.Management.Web\FWU.Exam.Management.Web.csproj]
D:\FWU.EMIS\FWU.Exam.Management\FWU.Exam.Management.Web\Areas\Core\Controllers\ESewaConfigurationsController.cs(209,40): warning CS8602: Dereference of a possibly null reference. [D:\FWU.EMIS\FWU.Exam.Management\FWU.Exam.Management.Web\FWU.Exam.Management.Web.csproj]
D:\FWU.EMIS\FWU.Exam.Management\FWU.Exam.Management.Web\Areas\Identity\Pages\Account\Manage\Email.cshtml.cs(19,28): warning CS9113: Parameter 'signInManager' is unread. [D:\FWU.EMIS\FWU.Exam.Management\FWU.Exam.Management.Web\FWU.Exam.Management.Web.csproj]
D:\FWU.EMIS\FWU.Exam.Management\FWU.Exam.Management.Web\Areas\Core\Controllers\ESewaConfigurationsController.cs(244,40): warning CS8604: Possible null reference argument for parameter 'source' in 'Task<ESewaConfiguration?> EntityFrameworkQueryableExtensions.FirstOrDefaultAsync<ESewaConfiguration>(IQueryable<ESewaConfiguration> source, Expression<Func<ESewaConfiguration, bool>> predicate, CancellationToken cancellationToken = default(CancellationToken))'. [D:\FWU.EMIS\FWU.Exam.Management\FWU.Exam.Management.Web\FWU.Exam.Management.Web.csproj]
D:\FWU.EMIS\FWU.Exam.Management\FWU.Exam.Management.Web\Areas\Core\Controllers\ESewaConfigurationsController.cs(256,40): warning CS8602: Dereference of a possibly null reference. [D:\FWU.EMIS\FWU.Exam.Management\FWU.Exam.Management.Web\FWU.Exam.Management.Web.csproj]
D:\FWU.EMIS\FWU.Exam.Management\FWU.Exam.Management.Web\Areas\Core\Controllers\ESewaConfigurationsController.cs(268,16): warning CS8604: Possible null reference argument for parameter 'source' in 'bool Queryable.Any<ESewaConfiguration>(IQueryable<ESewaConfiguration> source, Expression<Func<ESewaConfiguration, bool>> predicate)'. [D:\FWU.EMIS\FWU.Exam.Management\FWU.Exam.Management.Web\FWU.Exam.Management.Web.csproj]
D:\FWU.EMIS\FWU.Exam.Management\FWU.Exam.Management.Web\Areas\Core\Controllers\ESewaConfigurationsController.cs(275,34): warning CS8602: Dereference of a possibly null reference. [D:\FWU.EMIS\FWU.Exam.Management\FWU.Exam.Management.Web\FWU.Exam.Management.Web.csproj]
D:\FWU.EMIS\FWU.Exam.Management\FWU.Exam.Management.Web\Data\Seeders\WorkflowTestDataSeeder.cs(898,40): warning EF1002: Method 'ExecuteSqlRawAsync' inserts interpolated strings directly into the SQL, without any protection against SQL injection. Consider using 'ExecuteSqlAsync' instead, which protects against SQL injection, or make sure that the value is sanitized and suppress the warning. [D:\FWU.EMIS\FWU.Exam.Management\FWU.Exam.Management.Web\FWU.Exam.Management.Web.csproj]
D:\FWU.EMIS\FWU.Exam.Management\FWU.Exam.Management.Web\Data\Seeders\WorkflowTestDataSeeder.cs(912,42): warning EF1002: Method 'ExecuteSqlRawAsync' inserts interpolated strings directly into the SQL, without any protection against SQL injection. Consider using 'ExecuteSqlAsync' instead, which protects against SQL injection, or make sure that the value is sanitized and suppress the warning. [D:\FWU.EMIS\FWU.Exam.Management\FWU.Exam.Management.Web\FWU.Exam.Management.Web.csproj]
D:\FWU.EMIS\FWU.Exam.Management\FWU.Exam.Management.Web\Data\Seeders\WorkflowTestDataSeeder.cs(921,42): warning EF1002: Method 'ExecuteSqlRawAsync' inserts interpolated strings directly into the SQL, without any protection against SQL injection. Consider using 'ExecuteSqlAsync' instead, which protects against SQL injection, or make sure that the value is sanitized and suppress the warning. [D:\FWU.EMIS\FWU.Exam.Management\FWU.Exam.Management.Web\FWU.Exam.Management.Web.csproj]
D:\FWU.EMIS\FWU.Exam.Management\FWU.Exam.Management.Web\Data\Seeders\WorkflowTestDataSeeder.cs(936,42): warning EF1002: Method 'ExecuteSqlRawAsync' inserts interpolated strings directly into the SQL, without any protection against SQL injection. Consider using 'ExecuteSqlAsync' instead, which protects against SQL injection, or make sure that the value is sanitized and suppress the warning. [D:\FWU.EMIS\FWU.Exam.Management\FWU.Exam.Management.Web\FWU.Exam.Management.Web.csproj]
    575 Warning(s)
    0 Error(s)

Time Elapsed 00:02:42.33
